Component: ARM Compiler 5.06 update 3 (build 300) Tool: armlink [4d35c9]

==============================================================================

Section Cross References

    cmsis_nvic.o(i.__NVIC_SetVector) refers to rt_memcpy_w.o(.text) for __aeabi_memcpy4
    hal_tick.o(i.HAL_InitTick) refers to system_stm32f4xx.o(i.SystemCoreClockUpdate) for SystemCoreClockUpdate
    hal_tick.o(i.HAL_InitTick) refers to stm32f4xx_hal_tim.o(i.HAL_TIM_OC_Init) for HAL_TIM_OC_Init
    hal_tick.o(i.HAL_InitTick) refers to cmsis_nvic.o(i.__NVIC_SetVector) for __NVIC_SetVector
    hal_tick.o(i.HAL_InitTick) refers to stm32f4xx_hal_tim.o(i.HAL_TIM_OC_Start) for HAL_TIM_OC_Start
    hal_tick.o(i.HAL_InitTick) refers to hal_tick.o(.bss) for .bss
    hal_tick.o(i.HAL_InitTick) refers to system_stm32f4xx.o(.data) for SystemCoreClock
    hal_tick.o(i.HAL_InitTick) refers to hal_tick.o(i.timer_irq_handler) for timer_irq_handler
    hal_tick.o(i.HAL_InitTick) refers to hal_tick.o(.data) for .data
    hal_tick.o(i.HAL_ResumeTick) refers to hal_tick.o(.bss) for .bss
    hal_tick.o(i.HAL_SuspendTick) refers to hal_tick.o(.bss) for .bss
    hal_tick.o(i.timer_irq_handler) refers to mbed_us_ticker_api.o(i.us_ticker_irq_handler) for us_ticker_irq_handler
    hal_tick.o(i.timer_irq_handler) refers to stm32f4xx_hal.o(i.HAL_IncTick) for HAL_IncTick
    hal_tick.o(i.timer_irq_handler) refers to hal_tick.o(.bss) for .bss
    hal_tick.o(i.timer_irq_handler) refers to hal_tick.o(.data) for .data
    system_stm32f4xx.o(i.SetSysClock) refers to stm32f4xx_hal_rcc.o(i.HAL_RCC_OscConfig) for HAL_RCC_OscConfig
    system_stm32f4xx.o(i.SetSysClock) refers to stm32f4xx_hal_rcc.o(i.HAL_RCC_ClockConfig) for HAL_RCC_ClockConfig
    system_stm32f4xx.o(i.SetSysClock_PLL_HSI) refers to stm32f4xx_hal_rcc.o(i.HAL_RCC_OscConfig) for HAL_RCC_OscConfig
    system_stm32f4xx.o(i.SetSysClock_PLL_HSI) refers to stm32f4xx_hal_rcc.o(i.HAL_RCC_ClockConfig) for HAL_RCC_ClockConfig
    system_stm32f4xx.o(i.SystemCoreClockUpdate) refers to system_stm32f4xx.o(.data) for .data
    system_stm32f4xx.o(i.SystemCoreClockUpdate) refers to system_stm32f4xx.o(.constdata) for .constdata
    system_stm32f4xx.o(i.SystemInit) refers to stm32f4xx_hal.o(i.HAL_Init) for HAL_Init
    system_stm32f4xx.o(i.SystemInit) refers to system_stm32f4xx.o(i.SetSysClock) for SetSysClock
    system_stm32f4xx.o(i.SystemInit) refers to system_stm32f4xx.o(.data) for .data
    analogin_api.o(i.adc_read) refers to stm32f4xx_hal_adc.o(i.HAL_ADC_ConfigChannel) for HAL_ADC_ConfigChannel
    analogin_api.o(i.adc_read) refers to stm32f4xx_hal_adc.o(i.HAL_ADC_Start) for HAL_ADC_Start
    analogin_api.o(i.adc_read) refers to stm32f4xx_hal_adc.o(i.HAL_ADC_PollForConversion) for HAL_ADC_PollForConversion
    analogin_api.o(i.adc_read) refers to stm32f4xx_hal_adc.o(i.HAL_ADC_GetValue) for HAL_ADC_GetValue
    analogin_api.o(i.adc_read) refers to analogin_api.o(.bss) for .bss
    analogin_api.o(i.analogin_init) refers to mbed_pinmap_common.o(i.pinmap_peripheral) for pinmap_peripheral
    analogin_api.o(i.analogin_init) refers to mbed_assert.o(i.mbed_assert_internal) for mbed_assert_internal
    analogin_api.o(i.analogin_init) refers to mbed_pinmap_common.o(i.pinmap_function) for pinmap_function
    analogin_api.o(i.analogin_init) refers to mbed_pinmap_common.o(i.pinmap_pinout) for pinmap_pinout
    analogin_api.o(i.analogin_init) refers to stm32f4xx_hal_adc.o(i.HAL_ADC_Init) for HAL_ADC_Init
    analogin_api.o(i.analogin_init) refers to mbed_error.o(i.error) for error
    analogin_api.o(i.analogin_init) refers to peripheralpins.o(.constdata) for PinMap_ADC
    analogin_api.o(i.analogin_init) refers to analogin_api.o(.data) for .data
    analogin_api.o(i.analogin_init) refers to analogin_api.o(.bss) for .bss
    analogin_api.o(i.analogin_read) refers to analogin_api.o(i.adc_read) for adc_read
    analogin_api.o(i.analogin_read_u16) refers to analogin_api.o(i.adc_read) for adc_read
    gpio_api.o(i.gpio_dir) refers to mbed_assert.o(i.mbed_assert_internal) for mbed_assert_internal
    gpio_api.o(i.gpio_dir) refers to pinmap.o(i.pin_function) for pin_function
    gpio_api.o(i.gpio_init) refers to pinmap.o(i.Set_GPIO_Clock) for Set_GPIO_Clock
    gpio_api.o(i.gpio_init) refers to pinmap.o(i.pin_function) for pin_function
    gpio_api.o(i.gpio_mode) refers to pinmap.o(i.pin_mode) for pin_mode
    gpio_api.o(i.gpio_set) refers to mbed_assert.o(i.mbed_assert_internal) for mbed_assert_internal
    gpio_api.o(i.gpio_set) refers to pinmap.o(i.pin_function) for pin_function
    gpio_irq_api.o(i.gpio_irq0) refers to gpio_irq_api.o(i.handle_interrupt_in) for handle_interrupt_in
    gpio_irq_api.o(i.gpio_irq1) refers to gpio_irq_api.o(i.handle_interrupt_in) for handle_interrupt_in
    gpio_irq_api.o(i.gpio_irq2) refers to gpio_irq_api.o(i.handle_interrupt_in) for handle_interrupt_in
[...]
    _printf_llx                              0x0800026d   Thumb Code     0  _printf_llx.o(.ARM.Collect$$_printf_percent$$00000011)
    _printf_l                                0x08000273   Thumb Code     0  _printf_l.o(.ARM.Collect$$_printf_percent$$00000012)
    _printf_c                                0x0800027d   Thumb Code     0  _printf_c.o(.ARM.Collect$$_printf_percent$$00000013)
    _printf_s                                0x08000283   Thumb Code     0  _printf_s.o(.ARM.Collect$$_printf_percent$$00000014)
    _printf_lc                               0x08000289   Thumb Code     0  _printf_lc.o(.ARM.Collect$$_printf_percent$$00000015)
    _printf_ls                               0x0800028f   Thumb Code     0  _printf_ls.o(.ARM.Collect$$_printf_percent$$00000016)
    _printf_percent_end                      0x08000295   Thumb Code     0  _printf_percent_end.o(.ARM.Collect$$_printf_percent$$00000017)
    __rt_lib_init                            0x08000299   Thumb Code     0  libinit.o(.ARM.Collect$$libinit$$00000000)
    __rt_lib_init_fp_1                       0x0800029b   Thumb Code     0  libinit2.o(.ARM.Collect$$libinit$$00000001)
    __rt_lib_init_heap_2                     0x0800029f   Thumb Code     0  libinit2.o(.ARM.Collect$$libinit$$00000005)
    __rt_lib_init_preinit_1                  0x0800029f   Thumb Code     0  libinit2.o(.ARM.Collect$$libinit$$00000004)
    __rt_lib_init_heap_1                     0x080002a7   Thumb Code     0  libinit2.o(.ARM.Collect$$libinit$$0000000A)
    __rt_lib_init_lc_common                  0x080002a7   Thumb Code     0  libinit2.o(.ARM.Collect$$libinit$$0000000F)
    __rt_lib_init_rand_1                     0x080002a7   Thumb Code     0  libinit2.o(.ARM.Collect$$libinit$$0000000E)
    __rt_lib_init_user_alloc_1               0x080002a7   Thumb Code     0  libinit2.o(.ARM.Collect$$libinit$$0000000C)
    __rt_lib_init_lc_collate_1               0x080002ad   Thumb Code     0  libinit2.o(.ARM.Collect$$libinit$$00000011)
    __rt_lib_init_lc_ctype_2                 0x080002ad   Thumb Code     0  libinit2.o(.ARM.Collect$$libinit$$00000012)
    __rt_lib_init_lc_ctype_1                 0x080002b9   Thumb Code     0  libinit2.o(.ARM.Collect$$libinit$$00000013)
    __rt_lib_init_lc_monetary_1              0x080002b9   Thumb Code     0  libinit2.o(.ARM.Collect$$libinit$$00000015)
    __rt_lib_init_lc_numeric_2               0x080002b9   Thumb Code     0  libinit2.o(.ARM.Collect$$libinit$$00000016)
    __rt_lib_init_atexit_1                   0x080002c3   Thumb Code     0  libinit2.o(.ARM.Collect$$libinit$$0000001B)
    __rt_lib_init_clock_1                    0x080002c3   Thumb Code     0  libinit2.o(.ARM.Collect$$libinit$$00000021)
    __rt_lib_init_fp_trap_1                  0x080002c3   Thumb Code     0  libinit2.o(.ARM.Collect$$libinit$$0000001F)
    __rt_lib_init_getenv_1                   0x080002c3   Thumb Code     0  libinit2.o(.ARM.Collect$$libinit$$00000023)
    __rt_lib_init_lc_numeric_1               0x080002c3   Thumb Code     0  libinit2.o(.ARM.Collect$$libinit$$00000017)
    __rt_lib_init_lc_time_1                  0x080002c3   Thumb Code     0  libinit2.o(.ARM.Collect$$libinit$$00000019)
    __rt_lib_init_signal_1                   0x080002c3   Thumb Code     0  libinit2.o(.ARM.Collect$$libinit$$0000001D)
    __rt_lib_init_stdio_2                    0x080002c3   Thumb Code     0  libinit2.o(.ARM.Collect$$libinit$$00000024)
    __rt_lib_init_alloca_1                   0x080002c7   Thumb Code     0  libinit2.o(.ARM.Collect$$libinit$$0000002E)
    __rt_lib_init_argv_1                     0x080002c7   Thumb Code     0  libinit2.o(.ARM.Collect$$libinit$$0000002C)
    __rt_lib_init_cpp_2                      0x080002c7   Thumb Code     0  libinit2.o(.ARM.Collect$$libinit$$00000031)
    __rt_lib_init_exceptions_1               0x080002c7   Thumb Code     0  libinit2.o(.ARM.Collect$$libinit$$00000030)
    __rt_lib_init_stdio_1                    0x080002c7   Thumb Code     0  libinit2.o(.ARM.Collect$$libinit$$00000025)
    __rt_lib_init_cpp_1                      0x080002cb   Thumb Code     0  libinit2.o(.ARM.Collect$$libinit$$00000032)
    __rt_lib_init_return                     0x080002cb   Thumb Code     0  libinit2.o(.ARM.Collect$$libinit$$00000033)
    __rt_entry                               0x080002cd   Thumb Code     0  __rtentry.o(.ARM.Collect$$rtentry$$00000000)
    __rt_entry_presh_1                       0x080002cd   Thumb Code     0  __rtentry2.o(.ARM.Collect$$rtentry$$00000002)
    __rt_entry_sh                            0x080002cd   Thumb Code     0  __rtentry4.o(.ARM.Collect$$rtentry$$00000004)
    __rt_lib_shutdown_cpp_2                  0x080002cd   Thumb Code     0  libshutdown2.o(.ARM.Collect$$libshutdown$$00000002)
    __rt_lib_shutdown_stdio_2                0x080002cd   Thumb Code     0  libshutdown2.o(.ARM.Collect$$libshutdown$$00000004)
    __rt_entry_li                            0x080002d3   Thumb Code     0  __rtentry2.o(.ARM.Collect$$rtentry$$0000000A)
    __rt_entry_postsh_1                      0x080002d3   Thumb Code     0  __rtentry2.o(.ARM.Collect$$rtentry$$00000009)
    __rt_entry_main                          0x080002d7   Thumb Code     0  __rtentry2.o(.ARM.Collect$$rtentry$$0000000D)
    __rt_entry_postli_1                      0x080002d7   Thumb Code     0  __rtentry2.o(.ARM.Collect$$rtentry$$0000000C)
    Reset_Handler                            0x080002e1   Thumb Code     8  startup_stm32f401xe.o(.text)
    _maybe_terminate_alloc                   0x080002e1   Thumb Code     0  maybetermalloc1.o(.emb_text)
    NMI_Handler                              0x080002e9   Thumb Code     2  startup_stm32f401xe.o(.text)
    HardFault_Handler                        0x080002eb   Thumb Code     2  startup_stm32f401xe.o(.text)
    MemManage_Handler                        0x080002ed   Thumb Code     2  startup_stm32f401xe.o(.text)
    BusFault_Handler                         0x080002ef   Thumb Code     2  startup_stm32f401xe.o(.text)
    UsageFault_Handler                       0x080002f1   Thumb Code     2  startup_stm32f401xe.o(.text)
    SVC_Handler                              0x080002f3   Thumb Code     2  startup_stm32f401xe.o(.text)
    DebugMon_Handler                         0x080002f5   Thumb Code     2  startup_stm32f401xe.o(.text)
    PendSV_Handler                           0x080002f7   Thumb Code     2  startup_stm32f401xe.o(.text)
    SysTick_Handler                          0x080002f9   Thumb Code     2  startup_stm32f401xe.o(.text)
    ADC_IRQHandler                           0x080002fb   Thumb Code     0  startup_stm32f401xe.o(.text)
    DMA1_Stream0_IRQHandler                  0x080002fb   Thumb Code     0  startup_stm32f401xe.o(.text)
    DMA1_Stream1_IRQHandler                  0x080002fb   Thumb Code     0  startup_stm32f401xe.o(.text)
    DMA1_Stream2_IRQHandler                  0x080002fb   Thumb Code     0  startup_stm32f401xe.o(.text)
    DMA1_Stream3_IRQHandler                  0x080002fb   Thumb Code     0  startup_stm32f401xe.o(.text)
    DMA1_Stream4_IRQHandler                  0x080002fb   Thumb Code     0  startup_stm32f401xe.o(.text)
    DMA1_Stream5_IRQHandler                  0x080002fb   Thumb Code     0  startup_stm32f401xe.o(.text)
    DMA1_Stream6_IRQHandler                  0x080002fb   Thumb Code     0  startup_stm32f401xe.o(.text)
    DMA1_Stream7_IRQHandler                  0x080002fb   Thumb Code     0  startup_stm32f401xe.o(.text)
    DMA2_Stream0_IRQHandler                  0x080002fb   Thumb Code     0  startup_stm32f401xe.o(.text)
    DMA2_Stream1_IRQHandler                  0x080002fb   Thumb Code     0  startup_stm32f401xe.o(.text)
    DMA2_Stream2_IRQHandler                  0x080002fb   Thumb Code     0  startup_stm32f401xe.o(.text)
    DMA2_Stream3_IRQHandler                  0x080002fb   Thumb Code     0  startup_stm32f401xe.o(.text)
    DMA2_Stream4_IRQHandler                  0x080002fb   Thumb Code     0  startup_stm32f401xe.o(.text)
    DMA2_Stream5_IRQHandler                  0x080002fb   Thumb Code     0  startup_stm32f401xe.o(.text)
    DMA2_Stream6_IRQHandler                  0x080002fb   Thumb Code     0  startup_stm32f401xe.o(.text)
    DMA2_Stream7_IRQHandler                  0x080002fb   Thumb Code     0  startup_stm32f401xe.o(.text)
    EXTI0_IRQHandler                         0x080002fb   Thumb Code     0  startup_stm32f401xe.o(.text)
    EXTI15_10_IRQHandler                     0x080002fb   Thumb Code     0  startup_stm32f401xe.o(.text)
    EXTI1_IRQHandler                         0x080002fb   Thumb Code     0  startup_stm32f401xe.o(.text)
    EXTI2_IRQHandler                         0x080002fb   Thumb Code     0  startup_stm32f401xe.o(.text)
    EXTI3_IRQHandler                         0x080002fb   Thumb Code     0  startup_stm32f401xe.o(.text)
    EXTI4_IRQHandler                         0x080002fb   Thumb Code     0  startup_stm32f401xe.o(.text)
    EXTI9_5_IRQHandler                       0x080002fb   Thumb Code     0  startup_stm32f401xe.o(.text)
    FLASH_IRQHandler                         0x080002fb   Thumb Code     0  startup_stm32f401xe.o(.text)
    FPU_IRQHandler                           0x080002fb   Thumb Code     0  startup_stm32f401xe.o(.text)
    I2C1_ER_IRQHandler                       0x080002fb   Thumb Code     0  startup_stm32f401xe.o(.text)
    I2C1_EV_IRQHandler                       0x080002fb   Thumb Code     0  startup_stm32f401xe.o(.text)
    I2C2_ER_IRQHandler                       0x080002fb   Thumb Code     0  startup_stm32f401xe.o(.text)
    I2C2_EV_IRQHandler                       0x080002fb   Thumb Code     0  startup_stm32f401xe.o(.text)
    I2C3_ER_IRQHandler                       0x080002fb   Thumb Code     0  startup_stm32f401xe.o(.text)
    I2C3_EV_IRQHandler                       0x080002fb   Thumb Code     0  startup_stm32f401xe.o(.text)
    OTG_FS_IRQHandler                        0x080002fb   Thumb Code     0  startup_stm32f401xe.o(.text)
    OTG_FS_WKUP_IRQHandler                   0x080002fb   Thumb Code     0  startup_stm32f401xe.o(.text)
    PVD_IRQHandler                           0x080002fb   Thumb Code     0  startup_stm32f401xe.o(.text)
    RCC_IRQHandler                           0x080002fb   Thumb Code     0  startup_stm32f401xe.o(.text)
    RTC_Alarm_IRQHandler                     0x080002fb   Thumb Code     0  startup_stm32f401xe.o(.text)
    RTC_WKUP_IRQHandler                      0x080002fb   Thumb Code     0  startup_stm32f401xe.o(.text)
    SDIO_IRQHandler                          0x080002fb   Thumb Code     0  startup_stm32f401xe.o(.text)
    SPI1_IRQHandler                          0x080002fb   Thumb Code     0  startup_stm32f401xe.o(.text)
    SPI2_IRQHandler                          0x080002fb   Thumb Code     0  startup_stm32f401xe.o(.text)
    SPI3_IRQHandler                          0x080002fb   Thumb Code     0  startup_stm32f401xe.o(.text)
    SPI4_IRQHandler                          0x080002fb   Thumb Code     0  startup_stm32f401xe.o(.text)
    TAMP_STAMP_IRQHandler                    0x080002fb   Thumb Code     0  startup_stm32f401xe.o(.text)
    TIM1_BRK_TIM9_IRQHandler                 0x080002fb   Thumb Code     0  startup_stm32f401xe.o(.text)
    TIM1_CC_IRQHandler                       0x080002fb   Thumb Code     0  startup_stm32f401xe.o(.text)
    TIM1_TRG_COM_TIM11_IRQHandler            0x080002fb   Thumb Code     0  startup_stm32f401xe.o(.text)
    TIM1_UP_TIM10_IRQHandler                 0x080002fb   Thumb Code     0  startup_stm32f401xe.o(.text)
    TIM2_IRQHandler                          0x080002fb   Thumb Code     0  startup_stm32f401xe.o(.text)
    TIM3_IRQHandler                          0x080002fb   Thumb Code     0  startup_stm32f401xe.o(.text)
    TIM4_IRQHandler                          0x080002fb   Thumb Code     0  startup_stm32f401xe.o(.text)
    TIM5_IRQHandler                          0x080002fb   Thumb Code     0  startup_stm32f401xe.o(.text)
    USART1_IRQHandler                        0x080002fb   Thumb Code     0  startup_stm32f401xe.o(.text)
    USART2_IRQHandler                        0x080002fb   Thumb Code     0  startup_stm32f401xe.o(.text)
    USART6_IRQHandler                        0x080002fb   Thumb Code     0  startup_stm32f401xe.o(.text)
    WWDG_IRQHandler                          0x080002fb   Thumb Code     0  startup_stm32f401xe.o(.text)
    malloc                                   0x08000305   Thumb Code    94  h1_alloc.o(.text)
    free                                     0x08000363   Thumb Code    78  h1_free.o(.text)
    vsprintf                                 0x080003b1   Thumb Code    32  vsprintf.o(.text)
    __c89vfprintf                            0x080003d5   Thumb Code    10  c89vfprintf.o(.text)
    __2sprintf                               0x080003e1   Thumb Code    38  __2sprintf.o(.text)
    _printf_int_dec                          0x0800040d   Thumb Code   104  _printf_dec.o(.text)
    _printf_longlong_hex                     0x08000485   Thumb Code    86  _printf_hex_int_ll_ptr.o(.text)
    _printf_int_hex                          0x080004db   Thumb Code    28  _printf_hex_int_ll_ptr.o(.text)
    _printf_ll_hex                           0x080004f7   Thumb Code    12  _printf_hex_int_ll_ptr.o(.text)
    _printf_hex_ptr                          0x08000503   Thumb Code    18  _printf_hex_int_ll_ptr.o(.text)
    __printf                                 0x08000519   Thumb Code   388  __printf_flags_ss_wp.o(.text)
    __0sscanf                                0x080006a1   Thumb Code    52  __0sscanf.o(.text)
    _scanf_int                               0x080006dd   Thumb Code   332  _scanf_int.o(.text)
    _do_fflush                               0x08000829   Thumb Code    54  fflush.o(.text)
    fflush                                   0x0800085f   Thumb Code    42  fflush.o(.text)
    freopen                                  0x0800088d   Thumb Code   158  fopen.o(.text)
    fopen                                    0x0800092b   Thumb Code    74  fopen.o(.text)
    setbuf                                   0x08000979   Thumb Code    20  setbuf.o(.text)
    _fclose_internal                         0x0800098d   Thumb Code    76  fclose.o(.text)
    fclose                                   0x0800098d   Thumb Code     0  fclose.o(.text)
    __aeabi_atexit                           0x080009d9   Thumb Code    46  aeabi_atexit.o(.text)
    strlen                                   0x08000a07   Thumb Code    62  strlen.o(.text)
    strncmp                                  0x08000a45   Thumb Code   150  strncmp.o(.text)
    __aeabi_memcpy4                          0x08000adb   Thumb Code     0  rt_memcpy_w.o(.text)
    __aeabi_memcpy8                          0x08000adb   Thumb Code     0  rt_memcpy_w.o(.text)
    __rt_memcpy_w                            0x08000adb   Thumb Code   100  rt_memcpy_w.o(.text)
    _memcpy_lastbytes_aligned                0x08000b23   Thumb Code     0  rt_memcpy_w.o(.text)
    __aeabi_memclr4                          0x08000b3f   Thumb Code     0  rt_memclr_w.o(.text)
    __aeabi_memclr8                          0x08000b3f   Thumb Code     0  rt_memclr_w.o(.text)
    __rt_memclr_w                            0x08000b3f   Thumb Code    78  rt_memclr_w.o(.text)
    _memset_w                                0x08000b43   Thumb Code     0  rt_memclr_w.o(.text)
    strcmp                                   0x08000b8d   Thumb Code   128  strcmpv7m.o(.text)
    __cpp_initialize__aeabi_                 0x08000c0d   Thumb Code    26  init_aeabi.o(.text)
    __rt_heap_descriptor                     0x08000c31   Thumb Code     8  rt_heap_descriptor.o(.text)
    __rt_ddtor_pointer_addr                  0x08000c39   Thumb Code     8  rt_ddtor_pointer_addr.o(.text)
    __use_no_heap                            0x08000c41   Thumb Code     2  hguard.o(.text)
    __heap$guard                             0x08000c43   Thumb Code     2  hguard.o(.text)
    _terminate_user_alloc                    0x08000c45   Thumb Code     2  init_alloc.o(.text)
    _init_user_alloc                         0x08000c47   Thumb Code     2  init_alloc.o(.text)
    __Heap_Full                              0x08000c49   Thumb Code    34  init_alloc.o(.text)
    __Heap_Broken                            0x08000c6b   Thumb Code     6  init_alloc.o(.text)
    _init_alloc                              0x08000c71   Thumb Code    94  init_alloc.o(.text)
    __Heap_Initialize                        0x08000ccf   Thumb Code    10  h1_init.o(.text)
    __Heap_DescSize                          0x08000cd9   Thumb Code     4  h1_init.o(.text)
    _printf_pre_padding                      0x08000cdd   Thumb Code    44  _printf_pad.o(.text)
    _printf_post_padding                     0x08000d09   Thumb Code    34  _printf_pad.o(.text)
    _printf_truncate_signed                  0x08000d2b   Thumb Code    18  _printf_truncate.o(.text)
    _printf_truncate_unsigned                0x08000d3d   Thumb Code    18  _printf_truncate.o(.text)
    _printf_str                              0x08000d4f   Thumb Code    82  _printf_str.o(.text)
    _printf_int_common                       0x08000da1   Thumb Code   178  _printf_intcommon.o(.text)
    _printf_charcount                        0x08000e53   Thumb Code    40  _printf_charcount.o(.text)
    _printf_char_common                      0x08000e87   Thumb Code    32  _printf_char_common.o(.text)
    _sputc                                   0x08000ead   Thumb Code    10  _sputc.o(.text)
    _printf_char_file                        0x08000eb9   Thumb Code    32  _printf_char_file.o(.text)
    _printf_wctomb                           0x08000edd   Thumb Code   182  _printf_wctomb.o(.text)
    _printf_longlong_dec                     0x08000f99   Thumb Code   108  _printf_longlong_dec.o(.text)
    _printf_longlong_oct                     0x08001015   Thumb Code    68  _printf_oct_int_ll.o(.text)
    _printf_int_oct                          0x08001059   Thumb Code    24  _printf_oct_int_ll.o(.text)
    _printf_ll_oct                           0x08001071   Thumb Code    12  _printf_oct_int_ll.o(.text)
    _chval                                   0x08001085   Thumb Code    28  _chval.o(.text)
    __vfscanf_char                           0x080010ad   Thumb Code    24  scanf_char.o(.text)
    _sgetc                                   0x080010cd   Thumb Code    30  _sgetc.o(.text)
    _sbackspace                              0x080010eb   Thumb Code    34  _sgetc.o(.text)
    ferror                                   0x0800110d   Thumb Code     8  ferror.o(.text)
    __flsbuf                                 0x08001115   Thumb Code   470  flsbuf.o(.text)
    __flsbuf_byte                            0x08001115   Thumb Code     0  flsbuf.o(.text)
    __flsbuf_wide                            0x08001115   Thumb Code     0  flsbuf.o(.text)
    _fseek                                   0x080012ed   Thumb Code   242  fseek.o(.text)
    fseek                                    0x080012ed   Thumb Code     0  fseek.o(.text)
    setvbuf                                  0x080013e5   Thumb Code    70  setvbuf.o(.text)
    _seterr                                  0x0800142d   Thumb Code    20  stdio.o(.text)
    _writebuf                                0x08001441   Thumb Code    84  stdio.o(.text)
    _fflush                                  0x08001495   Thumb Code    70  stdio.o(.text)
    _deferredlazyseek                        0x080014db   Thumb Code    60  stdio.o(.text)
    _initio                                  0x0800151d   Thumb Code   210  initio.o(.text)
    _terminateio                             0x080015ef   Thumb Code    56  initio.o(.text)
    __cxa_finalize                           0x08001655   Thumb Code    66  cxa_finalize.o(.text)
    __rt_SIGPVFN                             0x08001697   Thumb Code    14  defsig_pvfn_outer.o(.text)
    __Heap_ProvideMemory                     0x080016a5   Thumb Code    52  h1_extend.o(.text)
    _ll_udiv10                               0x080016d9   Thumb Code   138  lludiv10.o(.text)
    isspace                                  0x08001763   Thumb Code    18  isspace.o(.text)
    __lib_sel_fp_printf                      0x08001775   Thumb Code     2  _printf_fp_dec.o(.text)
    _printf_fp_dec_real                      0x08001923   Thumb Code   620  _printf_fp_dec.o(.text)
    _printf_fp_hex_real                      0x08001b91   Thumb Code   756  _printf_fp_hex.o(.text)
    _printf_cs_common                        0x08001e8d   Thumb Code    20  _printf_char.o(.text)
    _printf_char                             0x08001ea1   Thumb Code    16  _printf_char.o(.text)
    _printf_string                           0x08001eb1   Thumb Code     8  _printf_char.o(.text)
    _printf_lcs_common                       0x08001eb9   Thumb Code    20  _printf_wchar.o(.text)
    _printf_wchar                            0x08001ecd   Thumb Code    16  _printf_wchar.o(.text)
    _printf_wstring                          0x08001edd   Thumb Code     8  _printf_wchar.o(.text)
    __vfscanf                                0x08001ee5   Thumb Code   878  _scanf.o(.text)
    _ftell_internal                          0x08002259   Thumb Code    66  ftell.o(.text)
    ftell                                    0x08002259   Thumb Code     0  ftell.o(.text)
    _wcrtomb                                 0x0800229b   Thumb Code    64  _wcrtomb.o(.text)
    __sig_exit                               0x080022db   Thumb Code    10  defsig_exit.o(.text)
    __rt_SIGRTRED                            0x080022e5   Thumb Code    14  defsig_rtred_outer.o(.text)
    __rt_SIGRTMEM                            0x080022f3   Thumb Code    14  defsig_rtmem_outer.o(.text)
    __rt_SIGPVFN_inner                       0x08002301   Thumb Code    14  defsig_pvfn_inner.o(.text)
    __rt_heap_escrow                         0x08002331   Thumb Code    22  heapauxa.o(.text)
    __rt_heap_expand                         0x08002347   Thumb Code    52  heapauxa.o(.text)
    _sys_exit                                0x08002381   Thumb Code     8  sys_exit.o(.text)
    __rt_ctype_table                         0x0800238d   Thumb Code    16  rt_ctype_table.o(.text)
    __rt_locale                              0x0800239d   Thumb Code     8  rt_locale.o(.text)
    __aeabi_errno_addr                       0x080023a5   Thumb Code     8  rt_errno_addr.o(.text)
    __errno                                  0x080023a5   Thumb Code     0  rt_errno_addr.o(.text)
    __rt_errno_addr                          0x080023a5   Thumb Code     0  rt_errno_addr.o(.text)
    _printf_fp_infnan                        0x080023ad   Thumb Code   112  _printf_fp_infnan.o(.text)
    _btod_etento                             0x0800242d   Thumb Code   216  bigflt0.o(.text)
    __default_signal_display                 0x08002509   Thumb Code    50  defsig_general.o(.text)
    __rt_SIGRTRED_inner                      0x0800253d   Thumb Code    14  defsig_rtred_inner.o(.text)
    __rt_SIGRTMEM_inner                      0x08002571   Thumb Code    22  defsig_rtmem_inner.o(.text)
    _ttywrch                                 0x080025c1   Thumb Code    14  sys_wrch.o(.text)
    __I$use$semihosting                      0x080025cf   Thumb Code     0  use_no_semi.o(.text)
    __use_no_semihosting_swi                 0x080025cf   Thumb Code     2  use_no_semi.o(.text)
    __semihosting_library_function           0x080025d1   Thumb Code     0  indicate_semi.o(.text)
    _btod_d2e                                0x080025d1   Thumb Code    62  btod.o(CL$$btod_d2e)
    _d2e_denorm_low                          0x0800260f   Thumb Code    70  btod.o(CL$$btod_d2e_denorm_low)
    _d2e_norm_op1                            0x08002655   Thumb Code    96  btod.o(CL$$btod_d2e_norm_op1)
    __btod_div_common                        0x080026b5   Thumb Code   696  btod.o(CL$$btod_div_common)
    _e2e                                     0x080029ed   Thumb Code   198  btod.o(CL$$btod_e2e)
    _btod_ediv                               0x08002ab3   Thumb Code    40  btod.o(CL$$btod_ediv)
    _btod_emul                               0x08002adb   Thumb Code    40  btod.o(CL$$btod_emul)
    __btod_mult_common                       0x08002b03   Thumb Code   580  btod.o(CL$$btod_mult_common)
    main                                     0x08002d47   Thumb Code    18  retarget.o(i.$Sub$$main)
    HAL_DMA_Abort_IT                         0x08002d61   Thumb Code    36  stm32f4xx_hal_dma.o(i.HAL_DMA_Abort_IT)
    HAL_GPIO_Init                            0x08002d85   Thumb Code   494  stm32f4xx_hal_gpio.o(i.HAL_GPIO_Init)
    HAL_GetTick                              0x08002f89   Thumb Code     6  stm32f4xx_hal.o(i.HAL_GetTick)
    HAL_IncTick                              0x08002f95   Thumb Code    10  stm32f4xx_hal.o(i.HAL_IncTick)
    HAL_Init                                 0x08002fa5   Thumb Code    48  stm32f4xx_hal.o(i.HAL_Init)
    HAL_InitTick                             0x08002fd9   Thumb Code   142  hal_tick.o(i.HAL_InitTick)
    HAL_MspInit                              0x0800308d   Thumb Code     2  stm32f4xx_hal_msp_template.o(i.HAL_MspInit)
    HAL_NVIC_SetPriorityGrouping             0x08003091   Thumb Code    30  stm32f4xx_hal_cortex.o(i.HAL_NVIC_SetPriorityGrouping)
    HAL_RCC_ClockConfig                      0x080030b5   Thumb Code   388  stm32f4xx_hal_rcc.o(i.HAL_RCC_ClockConfig)
    HAL_RCC_GetPCLK1Freq                     0x0800324d   Thumb Code    34  stm32f4xx_hal_rcc.o(i.HAL_RCC_GetPCLK1Freq)
    HAL_RCC_GetPCLK2Freq                     0x0800327d   Thumb Code    34  stm32f4xx_hal_rcc.o(i.HAL_RCC_GetPCLK2Freq)
    HAL_RCC_GetSysClockFreq                  0x080032ad   Thumb Code   132  stm32f4xx_hal_rcc.o(i.HAL_RCC_GetSysClockFreq)
    HAL_RCC_OscConfig                        0x08003341   Thumb Code   836  stm32f4xx_hal_rcc.o(i.HAL_RCC_OscConfig)
    HAL_TIM_OC_Init                          0x080036ad   Thumb Code    54  stm32f4xx_hal_tim.o(i.HAL_TIM_OC_Init)
    HAL_TIM_OC_MspInit                       0x080036e3   Thumb Code     2  stm32f4xx_hal_tim.o(i.HAL_TIM_OC_MspInit)
    HAL_TIM_OC_Start                         0x080036e5   Thumb Code    54  stm32f4xx_hal_tim.o(i.HAL_TIM_OC_Start)
    HAL_UART_ErrorCallback                   0x0800371b   Thumb Code    48  serial_api.o(i.HAL_UART_ErrorCallback)
    HAL_UART_IRQHandler                      0x0800374d   Thumb Code   650  stm32f4xx_hal_uart.o(i.HAL_UART_IRQHandler)
    HAL_UART_Init                            0x080039dd   Thumb Code    98  stm32f4xx_hal_uart.o(i.HAL_UART_Init)
    HAL_UART_MspInit                         0x08003a3f   Thumb Code     2  stm32f4xx_hal_uart.o(i.HAL_UART_MspInit)
    HAL_UART_RxCpltCallback                  0x08003a41   Thumb Code     2  stm32f4xx_hal_uart.o(i.HAL_UART_RxCpltCallback)
    HAL_UART_TxCpltCallback                  0x08003a43   Thumb Code    18  serial_api.o(i.HAL_UART_TxCpltCallback)
    SetSysClock                              0x08003a55   Thumb Code   122  system_stm32f4xx.o(i.SetSysClock)
    Set_GPIO_Clock                           0x08003ad9   Thumb Code   142  pinmap.o(i.Set_GPIO_Clock)
    SystemCoreClockUpdate                    0x08003ba9   Thumb Code   112  system_stm32f4xx.o(i.SystemCoreClockUpdate)
    SystemInit                               0x08003c2d   Thumb Code    98  system_stm32f4xx.o(i.SystemInit)
    TIM_Base_SetConfig                       0x08003cb5   Thumb Code   132  stm32f4xx_hal_tim.o(i.TIM_Base_SetConfig)
    mbed::FileHandle::flen()                 0x0800409d   Thumb Code    82  filelike.o(i._ZN4mbed10FileHandle4flenEv)
    mbed::FileHandle::lock()                 0x080040ef   Thumb Code     2  filelike.o(i._ZN4mbed10FileHandle4lockEv)
    mbed::FileHandle::unlock()               0x080040f1   Thumb Code     2  filelike.o(i._ZN4mbed10FileHandle6unlockEv)
    mbed::FileHandle::~FileHandle()          0x080040f5   Thumb Code     0  retarget.o(i._ZN4mbed10FileHandleD2Ev)
    mbed::FileHandle::~FileHandle__sub_object() 0x080040f5   Thumb Code    96  retarget.o(i._ZN4mbed10FileHandleD2Ev)
    mbed::SerialBase::_base_putc(int)        0x08004169   Thumb Code    14  serialbase.o(i._ZN4mbed10SerialBase10_base_putcEi)
    mbed::SerialBase::_irq_handler(unsigned, SerialIrq) 0x08004177   Thumb Code    22  serialbase.o(i._ZN4mbed10SerialBase12_irq_handlerEj9SerialIrq)
    mbed::SerialBase::interrupt_handler_asynch() 0x0800418d   Thumb Code    60  serialbase.o(i._ZN4mbed10SerialBase24interrupt_handler_asynchEv)
    mbed::SerialBase::baud(int)              0x080041c9   Thumb Code    40  serialbase.o(i._ZN4mbed10SerialBase4baudEi)
    mbed::SerialBase::lock()                 0x080041f1   Thumb Code     2  serialbase.o(i._ZN4mbed10SerialBase4lockEv)
    mbed::SerialBase::unlock()               0x080041f3   Thumb Code     2  serialbase.o(i._ZN4mbed10SerialBase6unlockEv)
    mbed::SerialBase::SerialBase(PinName, PinName) 0x080041f5   Thumb Code   132  serialbase.o(i._ZN4mbed10SerialBaseC1E7PinNameS1_)
    mbed::SerialBase::SerialBase__sub_object(PinName, PinName) 0x080041f5   Thumb Code     0  serialbase.o(i._ZN4mbed10SerialBaseC1E7PinNameS1_)
    mbed::mbed_set_unbuffered_stream(std::__FILE*) 0x08004291   Thumb Code     6  retarget.o(i._ZN4mbed26mbed_set_unbuffered_streamEPSt6__FILE)
    mbed::Serial::lock()                     0x08004297   Thumb Code     2  serial.o(i._ZN4mbed6Serial4lockEv)
    mbed::Serial::unlock()                   0x08004299   Thumb Code     2  serial.o(i._ZN4mbed6Serial6unlockEv)
    mbed::Serial::Serial(PinName, PinName, const char*) 0x0800429d   Thumb Code    36  serial.o(i._ZN4mbed6SerialC1E7PinNameS1_PKc)
    mbed::Serial::Serial__sub_object(PinName, PinName, const char*) 0x0800429d   Thumb Code     0  serial.o(i._ZN4mbed6SerialC1E7PinNameS1_PKc)
    mbed::Serial::~Serial()                  0x080042c5   Thumb Code    30  serial.o(i._ZN4mbed6SerialD1Ev)
    mbed::Serial::~Serial__sub_object()      0x080042c5   Thumb Code     0  serial.o(i._ZN4mbed6SerialD1Ev)
    mbed::Stream::flen()                     0x080042ed   Thumb Code     4  stream.o(i._ZN4mbed6Stream4flenEv)
    mbed::Stream::close()                    0x080042f1   Thumb Code     4  stream.o(i._ZN4mbed6Stream5closeEv)
    mbed::Stream::lseek(long, int)           0x080042f5   Thumb Code     4  stream.o(i._ZN4mbed6Stream5lseekEli)
    mbed::Stream::write(const void*, unsigned) 0x080042f9   Thumb Code    60  stream.o(i._ZN4mbed6Stream5writeEPKvj)
    mbed::Stream::isatty()                   0x08004335   Thumb Code     4  stream.o(i._ZN4mbed6Stream6isattyEv)
    mbed::Stream::printf(const char*, ...)   0x08004339   Thumb Code    50  stream.o(i._ZN4mbed6Stream6printfEPKcz)
    mbed::Stream::Stream__sub_object(const char*) 0x0800436d   Thumb Code    52  stream.o(i._ZN4mbed6StreamC2EPKc)
    mbed::Stream::~Stream()                  0x080043ad   Thumb Code     0  stream.o(i._ZN4mbed6StreamD2Ev)
    mbed::Stream::~Stream__sub_object()      0x080043ad   Thumb Code    28  stream.o(i._ZN4mbed6StreamD2Ev)
    mbed::FileBase::getPathType()            0x080043cd   Thumb Code     4  filebase.o(i._ZN4mbed8FileBase11getPathTypeEv)
    mbed::FileBase::lookup(const char*, unsigned) 0x080043d1   Thumb Code    90  filebase.o(i._ZN4mbed8FileBase6lookupEPKcj)
    mbed::FileBase::FileBase(const char*, mbed::PathType) 0x0800443d   Thumb Code    50  filebase.o(i._ZN4mbed8FileBaseC1EPKcNS_8PathTypeE)
    mbed::FileBase::FileBase__sub_object(const char*, mbed::PathType) 0x0800443d   Thumb Code     0  filebase.o(i._ZN4mbed8FileBaseC1EPKcNS_8PathTypeE)
    mbed::FileBase::~FileBase()              0x0800447d   Thumb Code    60  filebase.o(i._ZN4mbed8FileBaseD1Ev)
    mbed::FileBase::~FileBase__sub_object()  0x0800447d   Thumb Code     0  filebase.o(i._ZN4mbed8FileBaseD1Ev)
    mbed::FileLike::FileLike__sub_object(const char*) 0x080044c5   Thumb Code    26  filelike.o(i._ZN4mbed8FileLikeC2EPKc)
    mbed::FileLike::~FileLike()              0x080044e9   Thumb Code     0  filelike.o(i._ZN4mbed8FileLikeD2Ev)
    mbed::FileLike::~FileLike__sub_object()  0x080044e9   Thumb Code    18  filelike.o(i._ZN4mbed8FileLikeD2Ev)
    mbed::FilePath::fileSystem()             0x080044fb   Thumb Code    24  filepath.o(i._ZN4mbed8FilePath10fileSystemEv)
    mbed::FilePath::file()                   0x08004513   Thumb Code    28  filepath.o(i._ZN4mbed8FilePath4fileEv)
    mbed::FilePath::exists()                 0x0800452f   Thumb Code    10  filepath.o(i._ZN4mbed8FilePath6existsEv)
    mbed::FilePath::isFile()                 0x08004539   Thumb Code    24  filepath.o(i._ZN4mbed8FilePath6isFileEv)
    mbed::FilePath::fileName()               0x08004551   Thumb Code     4  filepath.o(i._ZN4mbed8FilePath8fileNameEv)
    mbed::FilePath::FilePath(const char*)    0x08004555   Thumb Code    64  filepath.o(i._ZN4mbed8FilePathC1EPKc)
    mbed::FilePath::FilePath__sub_object(const char*) 0x08004555   Thumb Code     0  filepath.o(i._ZN4mbed8FilePathC1EPKc)
    thunk{-184} to mbed::Serial::lock()      0x08004595   Thumb Code     2  serial.o(i._ZThn184_N4mbed6Serial4lockEv)
    thunk{-184} to mbed::Serial::_putc(int)  0x08004597   Thumb Code     6  serial.o(i._ZThn184_N4mbed6Serial5_putcEi)
    thunk{-184} to mbed::Serial::unlock()    0x0800459d   Thumb Code     2  serial.o(i._ZThn184_N4mbed6Serial6unlockEv)
    __ARM_fpclassify                         0x0800459f   Thumb Code    48  fpclassify.o(i.__ARM_fpclassify)
    __NVIC_SetVector                         0x080045d1   Thumb Code    48  cmsis_nvic.o(i.__NVIC_SetVector)
    __aeabi_vec_ctor_nocookie_nodtor         0x08004605   Thumb Code    36  aeabi_vec_ctor_nocookie_nodtor.o(i.__aeabi_vec_ctor_nocookie_nodtor)
    __cxa_pure_virtual                       0x08004629   Thumb Code     6  pure_virt.o(i.__cxa_pure_virtual)
    __user_setup_stackheap                   0x0800466d   Thumb Code    10  sys.o(i.__user_setup_stackheap)
    _is_digit                                0x0800467d   Thumb Code    14  __printf_wp.o(i._is_digit)
    _sys_close                               0x0800468d   Thumb Code    40  retarget.o(i._sys_close)
    _sys_flen                                0x080046b9   Thumb Code    34  retarget.o(i._sys_flen)
    _sys_istty                               0x080046e1   Thumb Code    34  retarget.o(i._sys_istty)
    _sys_open                                0x08004709   Thumb Code   400  retarget.o(i._sys_open)
    _sys_seek                                0x080048c1   Thumb Code    36  retarget.o(i._sys_seek)
    _sys_write                               0x080048e9   Thumb Code    82  retarget.o(i._sys_write)
    core_util_critical_section_enter         0x08004949   Thumb Code    70  mbed_critical.o(i.core_util_critical_section_enter)
    core_util_critical_section_exit          0x080049f1   Thumb Code    60  mbed_critical.o(i.core_util_critical_section_exit)
    error                                    0x08004a65   Thumb Code    18  mbed_error.o(i.error)
    exit                                     0x08004a79   Thumb Code    24  retarget.o(i.exit)
    fputc                                    0x08004a99   Thumb Code    26  fputc.o(i.fputc)
    gpio_dir                                 0x08004ab5   Thumb Code    54  gpio_api.o(i.gpio_dir)
    gpio_init                                0x08004b41   Thumb Code    58  gpio_api.o(i.gpio_init)
    gpio_init_out                            0x08004b7d   Thumb Code    70  mbed_gpio.o(i.gpio_init_out)
    gpio_init_out_ex                         0x08004bc9   Thumb Code    80  mbed_gpio.o(i.gpio_init_out_ex)
    gpio_mode                                0x08004c71   Thumb Code     8  gpio_api.o(i.gpio_mode)
    $Super$$main                             0x08004cfd   Thumb Code   158  main.o(i.main)
    mbed_assert_internal                     0x08004e1d   Thumb Code    32  mbed_assert.o(i.mbed_assert_internal)
    mbed_die                                 0x08004e71   Thumb Code    84  mbed_board.o(i.mbed_die)
    mbed_error_printf                        0x08004f1d   Thumb Code    74  mbed_board.o(i.mbed_error_printf)
    mbed_error_vfprintf                      0x08004f71   Thumb Code    68  mbed_board.o(i.mbed_error_vfprintf)
    mbed_main                                0x08004fbd   Thumb Code     2  retarget.o(i.mbed_main)
    mbed_sdk_init                            0x08004fbf   Thumb Code    14  mbed_overrides.o(i.mbed_sdk_init)
    pin_function                             0x08004fcd   Thumb Code    80  pinmap.o(i.pin_function)
    pin_mode                                 0x0800506d   Thumb Code    64  pinmap.o(i.pin_mode)
    pinmap_merge                             0x080050f9   Thumb Code    38  mbed_pinmap_common.o(i.pinmap_merge)
    pinmap_peripheral                        0x08005135   Thumb Code    62  mbed_pinmap_common.o(i.pinmap_peripheral)
    pinmap_pinout                            0x08005195   Thumb Code    72  mbed_pinmap_common.o(i.pinmap_pinout)
    serial_baud                              0x080051f1   Thumb Code     6  serial_api.o(i.serial_baud)
    serial_init                              0x080051f9   Thumb Code   310  serial_api.o(i.serial_init)
    serial_irq_handler                       0x080053a9   Thumb Code    14  serial_api.o(i.serial_irq_handler)
    serial_irq_handler_asynch                0x080053c1   Thumb Code   344  serial_api.o(i.serial_irq_handler_asynch)
    serial_putc                              0x0800551d   Thumb Code    30  serial_api.o(i.serial_putc)
    ticker_irq_handler                       0x08005541   Thumb Code    78  mbed_ticker_api.o(i.ticker_irq_handler)
    timer_irq_handler                        0x08005591   Thumb Code    90  hal_tick.o(i.timer_irq_handler)
    us_ticker_clear_interrupt                0x080055f5   Thumb Code    12  us_ticker.o(i.us_ticker_clear_interrupt)
    us_ticker_disable_interrupt              0x08005605   Thumb Code    14  us_ticker.o(i.us_ticker_disable_interrupt)
    us_ticker_init                           0x08005619   Thumb Code    26  us_ticker.o(i.us_ticker_init)
    us_ticker_irq_handler                    0x08005641   Thumb Code     6  mbed_us_ticker_api.o(i.us_ticker_irq_handler)
    us_ticker_read                           0x0800564d   Thumb Code    30  us_ticker.o(i.us_ticker_read)
    us_ticker_set_interrupt                  0x0800567d   Thumb Code    16  us_ticker.o(i.us_ticker_set_interrupt)
    wait                                     0x08005691   Thumb Code    36  mbed_wait_api.o(i.wait)
    wait_ms                                  0x080056b9   Thumb Code    28  mbed_wait_api.o(i.wait_ms)
    _get_lc_numeric                          0x080056d5   Thumb Code    44  lc_numeric_c.o(locale$$code)
    _get_lc_ctype                            0x08005701   Thumb Code    44  lc_ctype_c.o(locale$$code)
    SingletonPtr<PlatformMutex>::operator ->() 0x0800572d   Thumb Code    36  filebase.o(t._ZN12SingletonPtrI13PlatformMutexEptEv)
    CThunk<mbed::SerialBase>::trampoline(mbed::SerialBase*, void*, void(mbed::SerialBase::**)(void*)) 0x08005759   Thumb Code    54  serialbase.o(t._ZN6CThunkIN4mbed10SerialBaseEE10trampolineEPS1_PvPMS1_FvS4_E)
    _fp_init                                 0x0800578f   Thumb Code    10  fpinit.o(x$fpl$fpinit)
    __fplib_config_fpu_vfp                   0x08005797   Thumb Code     0  fpinit.o(x$fpl$fpinit)
    __fplib_config_pureend_doubles           0x08005797   Thumb Code     0  fpinit.o(x$fpl$fpinit)
    _printf_fp_dec                           0x08005799   Thumb Code     4  printf1.o(x$fpl$printf1)
    _printf_fp_hex                           0x0800579d   Thumb Code     4  printf2.o(x$fpl$printf2)
    PinMap_UART_TX                           0x080057a0   Data          72  peripheralpins.o(.constdata)
    __I$use$fp                               0x080057a0   Number         0  usenofp.o(x$fpl$usenofp)
    PinMap_UART_RX                           0x080057e8   Data          72  peripheralpins.o(.constdata)
    AHBPrescTable                            0x08005830   Data          16  system_stm32f4xx.o(.constdata)
    APBAHBPrescTable                         0x08005874   Data          16  stm32f4xx_hal_rcc.o(.constdata)
    __stdin_name                             0x080058a0   Data           7  retarget.o(.constdata)
    __stdout_name                            0x080058a7   Data           8  retarget.o(.constdata)
    __stderr_name                            0x080058af   Data           8  retarget.o(.constdata)
    vtable for mbed::FileHandle              0x080059c8   Data          52  retarget.o(.constdata__ZTVN4mbed10FileHandleE)
    vtable for mbed::SerialBase              0x080059fc   Data          24  serialbase.o(.constdata__ZTVN4mbed10SerialBaseE)
    vtable for mbed::Serial                  0x08005a14   Data         108  serial.o(.constdata__ZTVN4mbed6SerialE)
    vtable for mbed::Stream                  0x08005a80   Data          76  stream.o(.constdata__ZTVN4mbed6StreamE)
    vtable for mbed::FileBase                0x08005acc   Data          16  filebase.o(.constdata__ZTVN4mbed8FileBaseE)
    vtable for mbed::FileLike                0x08005adc   Data          68  filelike.o(.constdata__ZTVN4mbed8FileLikeE)
    SingletonPtr<PlatformMutex>::get()::string 0x08005b20   Data          20  filebase.o(.constdata__ZZN12SingletonPtrI13PlatformMutexE3getEvEs)
    SingletonPtr<PlatformMutex>::get()::string (instance 2) 0x08005b34   Data          28  filebase.o(.constdata__ZZN12SingletonPtrI13PlatformMutexE3getEvEs_0)
    Region$$Table$$Base                      0x08005b50   Number         0  anon$$obj.o(Region$$Table)
    Region$$Table$$Limit                     0x08005b70   Number         0  anon$$obj.o(Region$$Table)
    __ctype                                  0x08005b99   Data           0  lc_ctype_c.o(locale$$data)
    SHT$$INIT_ARRAY$$Base                    0x08005c9c   Number         0  main.o(.init_array)
    SHT$$INIT_ARRAY$$Limit                   0x08005ca0   Number         0  init_aeabi.o(.init_array)
    PreviousVal                              0x20000194   Data           4  hal_tick.o(.data)
    SystemCoreClock                          0x20000198   Data           4  system_stm32f4xx.o(.data)
    stdio_uart_inited                        0x2000019c   Data           4  serial_api.o(.data)
    uwTick                                   0x200001a4   Data           4  stm32f4xx_hal.o(.data)
    mbed::FileBase::_head                    0x200001ac   Data           4  filebase.o(.data)
    mbed::FileBase::_mutex                   0x200001b0   Data           8  filebase.o(.data)
    __aeabi_stdin                            0x200001d0   Data           4  stdio_streams.o(.data)
    __aeabi_stdout                           0x200001d4   Data           4  stdio_streams.o(.data)
    __aeabi_stderr                           0x200001d8   Data           4  stdio_streams.o(.data)
    TimMasterHandle                          0x200001e0   Data          60  hal_tick.o(.bss)
    stdio_uart                               0x2000043c   Data          76  serial_api.o(.bss)
    myled                                    0x20000504   Data          16  main.o(.bss)
    pc                                       0x20000514   Data         212  main.o(.bss)
    __stdin                                  0x200005e8   Data          84  stdio_streams.o(.bss)
    __stdout                                 0x2000063c   Data          84  stdio_streams.o(.bss)
    __stderr                                 0x20000690   Data          84  stdio_streams.o(.bss)
    Image$$RW_IRAM1$$ZI$$Limit               0x20000704   Number         0  anon$$obj.o ABSOLUTE



==============================================================================

Memory Map of the image

  Image Entry point : 0x08000195

  Load Region LR_IROM1 (Base: 0x08000000, Size: 0x00005cec, Max: 0x00080000, ABSOLUTE)

    Execution Region ER_IROM1 (Base: 0x08000000, Size: 0x00005ca0, Max: 0x00080000, ABSOLUTE)

    Base Addr    Size         Type   Attr      Idx    E Section Name        Object

    0x08000000   0x00000194   Data   RO         7784    RESET               startup_stm32f401xe.o
    0x08000194   0x00000008   Code   RO        11901  * !!!main             c_w.l(__main.o)
    0x0800019c   0x00000034   Code   RO        12592    !!!scatter          c_w.l(__scatter.o)
    0x080001d0   0x0000001a   Code   RO        12594    !!handler_copy      c_w.l(__scatter_copy.o)
    0x080001ea   0x00000002   PAD
    0x080001ec   0x0000001c   Code   RO        12596    !!handler_zi        c_w.l(__scatter_zi.o)
    0x08000208   0x00000000   Code   RO        11835    .ARM.Collect$$_printf_percent$$00000000  c_w.l(_printf_percent.o)
    0x08000208   0x00000006   Code   RO        12085    .ARM.Collect$$_printf_percent$$00000001  c_w.l(_printf_n.o)
    0x0800020e   0x00000006   Code   RO        11833    .ARM.Collect$$_printf_percent$$00000002  c_w.l(_printf_p.o)
    0x08000214   0x00000006   Code   RO        12090    .ARM.Collect$$_printf_percent$$00000003  c_w.l(_printf_f.o)
    0x0800021a   0x00000006   Code   RO        12091    .ARM.Collect$$_printf_percent$$00000004  c_w.l(_printf_e.o)
    0x08000220   0x00000006   Code   RO        12092    .ARM.Collect$$_printf_percent$$00000005  c_w.l(_printf_g.o)
    0x08000226   0x00000006   Code   RO        12093    .ARM.Collect$$_printf_percent$$00000006  c_w.l(_printf_a.o)
    0x0800022c   0x0000000a   Code   RO        12098    .ARM.Collect$$_printf_percent$$00000007  c_w.l(_printf_ll.o)
    0x08000236   0x00000006   Code   RO        12088    .ARM.Collect$$_printf_percent$$00000008  c_w.l(_printf_i.o)
    0x0800023c   0x00000006   Code   RO        12089    .ARM.Collect$$_printf_percent$$00000009  c_w.l(_printf_d.o)
    0x08000242   0x00000006   Code   RO        11834    .ARM.Collect$$_printf_percent$$0000000A  c_w.l(_printf_u.o)
    0x08000248   0x00000006   Code   RO        12087    .ARM.Collect$$_printf_percent$$0000000B  c_w.l(_printf_o.o)
    0x0800024e   0x00000006   Code   RO        12086    .ARM.Collect$$_printf_percent$$0000000C  c_w.l(_printf_x.o)
    0x08000254   0x00000006   Code   RO        12095    .ARM.Collect$$_printf_percent$$0000000D  c_w.l(_printf_lli.o)
    0x0800025a   0x00000006   Code   RO        12096    .ARM.Collect$$_printf_percent$$0000000E  c_w.l(_printf_lld.o)
    0x08000260   0x00000006   Code   RO        12097    .ARM.Collect$$_printf_percent$$0000000F  c_w.l(_printf_llu.o)
    0x08000266   0x00000006   Code   RO        12102    .ARM.Collect$$_printf_percent$$00000010  c_w.l(_printf_llo.o)
    0x0800026c   0x00000006   Code   RO        12103    .ARM.Collect$$_printf_percent$$00000011  c_w.l(_printf_llx.o)
    0x08000272   0x0000000a   Code   RO        12099    .ARM.Collect$$_printf_percent$$00000012  c_w.l(_printf_l.o)
    0x0800027c   0x00000006   Code   RO        12083    .ARM.Collect$$_printf_percent$$00000013  c_w.l(_printf_c.o)
    0x08000282   0x00000006   Code   RO        12084    .ARM.Collect$$_printf_percent$$00000014  c_w.l(_printf_s.o)
    0x08000288   0x00000006   Code   RO        12100    .ARM.Collect$$_printf_percent$$00000015  c_w.l(_printf_lc.o)
    0x0800028e   0x00000006   Code   RO        12101    .ARM.Collect$$_printf_percent$$00000016  c_w.l(_printf_ls.o)
    0x08000294   0x00000004   Code   RO        12094    .ARM.Collect$$_printf_percent$$00000017  c_w.l(_printf_percent_end.o)
    0x08000298   0x00000002   Code   RO        12444    .ARM.Collect$$libinit$$00000000  c_w.l(libinit.o)
    0x0800029a   0x00000004   Code   RO        12157    .ARM.Collect$$libinit$$00000001  c_w.l(libinit2.o)
    0x0800029e   0x00000000   Code   RO        12160    .ARM.Collect$$libinit$$00000004  c_w.l(libinit2.o)
    0x0800029e   0x00000008   Code   RO        12161    .ARM.Collect$$libinit$$00000005  c_w.l(libinit2.o)
    0x080002a6   0x00000000   Code   RO        12163    .ARM.Collect$$libinit$$0000000A  c_w.l(libinit2.o)
    0x080002a6   0x00000000   Code   RO        12165    .ARM.Collect$$libinit$$0000000C  c_w.l(libinit2.o)
    0x080002a6   0x00000000   Code   RO        12167    .ARM.Collect$$libinit$$0000000E  c_w.l(libinit2.o)
    0x080002a6   0x00000006   Code   RO        12168    .ARM.Collect$$libinit$$0000000F  c_w.l(libinit2.o)
    0x080002ac   0x00000000   Code   RO        12170    .ARM.Collect$$libinit$$00000011  c_w.l(libinit2.o)
    0x080002ac   0x0000000c   Code   RO        12171    .ARM.Collect$$libinit$$00000012  c_w.l(libinit2.o)
    0x080002b8   0x00000000   Code   RO        12172    .ARM.Collect$$libinit$$00000013  c_w.l(libinit2.o)
    0x080002b8   0x00000000   Code   RO        12174    .ARM.Collect$$libinit$$00000015  c_w.l(libinit2.o)
    0x080002b8   0x0000000a   Code   RO        12175    .ARM.Collect$$libinit$$00000016  c_w.l(libinit2.o)
    0x080002c2   0x00000000   Code   RO        12176    .ARM.Collect$$libinit$$00000017  c_w.l(libinit2.o)
    0x080002c2   0x00000000   Code   RO        12178    .ARM.Collect$$libinit$$00000019  c_w.l(libinit2.o)
    0x080002c2   0x00000000   Code   RO        12180    .ARM.Collect$$libinit$$0000001B  c_w.l(libinit2.o)
    0x080002c2   0x00000000   Code   RO        12182    .ARM.Collect$$libinit$$0000001D  c_w.l(libinit2.o)
    0x080002c2   0x00000000   Code   RO        12184    .ARM.Collect$$libinit$$0000001F  c_w.l(libinit2.o)
    0x080002c2   0x00000000   Code   RO        12186    .ARM.Collect$$libinit$$00000021  c_w.l(libinit2.o)
    0x080002c2   0x00000000   Code   RO        12188    .ARM.Collect$$libinit$$00000023  c_w.l(libinit2.o)
    0x080002c2   0x00000004   Code   RO        12189    .ARM.Collect$$libinit$$00000024  c_w.l(libinit2.o)
    0x080002c6   0x00000000   Code   RO        12190    .ARM.Collect$$libinit$$00000025  c_w.l(libinit2.o)
    0x080002c6   0x00000000   Code   RO        12194    .ARM.Collect$$libinit$$0000002C  c_w.l(libinit2.o)
    0x080002c6   0x00000000   Code   RO        12196    .ARM.Collect$$libinit$$0000002E  c_w.l(libinit2.o)
    0x080002c6   0x00000000   Code   RO        12198    .ARM.Collect$$libinit$$00000030  c_w.l(libinit2.o)
    0x080002c6   0x00000004   Code   RO        12199    .ARM.Collect$$libinit$$00000031  c_w.l(libinit2.o)
    0x080002ca   0x00000000   Code   RO        12200    .ARM.Collect$$libinit$$00000032  c_w.l(libinit2.o)
    0x080002ca   0x00000002   Code   RO        12201    .ARM.Collect$$libinit$$00000033  c_w.l(libinit2.o)
    0x080002cc   0x00000000   Code   RO        12337    .ARM.Collect$$libshutdown$$00000002  c_w.l(libshutdown2.o)
    0x080002cc   0x00000000   Code   RO        12339    .ARM.Collect$$libshutdown$$00000004  c_w.l(libshutdown2.o)
    0x080002cc   0x00000000   Code   RO        12023    .ARM.Collect$$rtentry$$00000000  c_w.l(__rtentry.o)
    0x080002cc   0x00000000   Code   RO        12236    .ARM.Collect$$rtentry$$00000002  c_w.l(__rtentry2.o)
    0x080002cc   0x00000006   Code   RO        12248    .ARM.Collect$$rtentry$$00000004  c_w.l(__rtentry4.o)
    0x080002d2   0x00000000   Code   RO        12238    .ARM.Collect$$rtentry$$00000009  c_w.l(__rtentry2.o)
    0x080002d2   0x00000004   Code   RO        12239    .ARM.Collect$$rtentry$$0000000A  c_w.l(__rtentry2.o)
    0x080002d6   0x00000000   Code   RO        12241    .ARM.Collect$$rtentry$$0000000C  c_w.l(__rtentry2.o)
    0x080002d6   0x00000008   Code   RO        12242    .ARM.Collect$$rtentry$$0000000D  c_w.l(__rtentry2.o)
    0x080002de   0x00000002   PAD
    0x080002e0   0x00000000   Code   RO        12254    .emb_text           c_w.l(maybetermalloc1.o)
    0x080002e0   0x00000024   Code   RO         7785    .text               startup_stm32f401xe.o
    0x08000304   0x0000005e   Code   RO        11714    .text               c_w.l(h1_alloc.o)
    0x08000362   0x0000004e   Code   RO        11716    .text               c_w.l(h1_free.o)
    0x080003b0   0x00000024   Code   RO        11772    .text               c_w.l(vsprintf.o)
    0x080003d4   0x0000000a   Code   RO        11774    .text               c_w.l(c89vfprintf.o)
    0x080003de   0x00000002   PAD
    0x080003e0   0x0000002c   Code   RO        11782    .text               c_w.l(__2sprintf.o)
    0x0800040c   0x00000078   Code   RO        11790    .text               c_w.l(_printf_dec.o)
    0x08000484   0x00000094   Code   RO        11810    .text               c_w.l(_printf_hex_int_ll_ptr.o)
    0x08000518   0x00000188   Code   RO        11830    .text               c_w.l(__printf_flags_ss_wp.o)
    0x080006a0   0x0000003c   Code   RO        11838    .text               c_w.l(__0sscanf.o)
    0x080006dc   0x0000014c   Code   RO        11840    .text               c_w.l(_scanf_int.o)
    0x08000828   0x00000064   Code   RO        11842    .text               c_w.l(fflush.o)
    0x0800088c   0x000000ec   Code   RO        11856    .text               c_w.l(fopen.o)
    0x08000978   0x00000014   Code   RO        11858    .text               c_w.l(setbuf.o)
    0x0800098c   0x0000004c   Code   RO        11866    .text               c_w.l(fclose.o)
    0x080009d8   0x0000002e   Code   RO        11881    .text               c_w.l(aeabi_atexit.o)
    0x08000a06   0x0000003e   Code   RO        11884    .text               c_w.l(strlen.o)
    0x08000a44   0x00000096   Code   RO        11886    .text               c_w.l(strncmp.o)
    0x08000ada   0x00000064   Code   RO        11888    .text               c_w.l(rt_memcpy_w.o)
    0x08000b3e   0x0000004e   Code   RO        11890    .text               c_w.l(rt_memclr_w.o)
    0x08000b8c   0x00000080   Code   RO        11894    .text               c_w.l(strcmpv7m.o)
    0x08000c0c   0x00000024   Code   RO        11906    .text               c_w.l(init_aeabi.o)
    0x08000c30   0x00000008   Code   RO        12024    .text               c_w.l(rt_heap_descriptor.o)
    0x08000c38   0x00000008   Code   RO        12029    .text               c_w.l(rt_ddtor_pointer_addr.o)
    0x08000c40   0x00000004   Code   RO        12034    .text               c_w.l(hguard.o)
    0x08000c44   0x0000008a   Code   RO        12036    .text               c_w.l(init_alloc.o)
    0x08000cce   0x0000000e   Code   RO        12040    .text               c_w.l(h1_init.o)
    0x08000cdc   0x0000004e   Code   RO        12054    .text               c_w.l(_printf_pad.o)
    0x08000d2a   0x00000024   Code   RO        12056    .text               c_w.l(_printf_truncate.o)
    0x08000d4e   0x00000052   Code   RO        12058    .text               c_w.l(_printf_str.o)
    0x08000da0   0x000000b2   Code   RO        12060    .text               c_w.l(_printf_intcommon.o)
    0x08000e52   0x00000028   Code   RO        12062    .text               c_w.l(_printf_charcount.o)
    0x08000e7a   0x00000002   PAD
    0x08000e7c   0x00000030   Code   RO        12064    .text               c_w.l(_printf_char_common.o)
    0x08000eac   0x0000000a   Code   RO        12066    .text               c_w.l(_sputc.o)
    0x08000eb6   0x00000002   PAD
    0x08000eb8   0x00000024   Code   RO        12070    .text               c_w.l(_printf_char_file.o)
    0x08000edc   0x000000bc   Code   RO        12072    .text               c_w.l(_printf_wctomb.o)
    0x08000f98   0x0000007c   Code   RO        12075    .text               c_w.l(_printf_longlong_dec.o)
    0x08001014   0x00000070   Code   RO        12081    .text               c_w.l(_printf_oct_int_ll.o)
    0x08001084   0x0000001c   Code   RO        12104    .text               c_w.l(_chval.o)
    0x080010a0   0x0000002c   Code   RO        12110    .text               c_w.l(scanf_char.o)
    0x080010cc   0x00000040   Code   RO        12112    .text               c_w.l(_sgetc.o)
    0x0800110c   0x00000008   Code   RO        12122    .text               c_w.l(ferror.o)
    0x08001114   0x000001d6   Code   RO        12126    .text               c_w.l(flsbuf.o)
    0x080012ea   0x00000002   PAD
    0x080012ec   0x000000f8   Code   RO        12128    .text               c_w.l(fseek.o)
    0x080013e4   0x00000046   Code   RO        12130    .text               c_w.l(setvbuf.o)
    0x0800142a   0x00000002   PAD
    0x0800142c   0x000000f0   Code   RO        12132    .text               c_w.l(stdio.o)
    0x0800151c   0x00000138   Code   RO        12135    .text               c_w.l(initio.o)
    0x08001654   0x00000042   Code   RO        12143    .text               c_w.l(cxa_finalize.o)
    0x08001696   0x0000000e   Code   RO        12146    .text               c_w.l(defsig_pvfn_outer.o)
    0x080016a4   0x00000034   Code   RO        12256    .text               c_w.l(h1_extend.o)
    0x080016d8   0x0000008a   Code   RO        12260    .text               c_w.l(lludiv10.o)
    0x08001762   0x00000012   Code   RO        12262    .text               c_w.l(isspace.o)
    0x08001774   0x0000041a   Code   RO        12264    .text               c_w.l(_printf_fp_dec.o)
    0x08001b8e   0x00000002   PAD
    0x08001b90   0x000002fc   Code   RO        12266    .text               c_w.l(_printf_fp_hex.o)
    0x08001e8c   0x0000002c   Code   RO        12271    .text               c_w.l(_printf_char.o)
    0x08001eb8   0x0000002c   Code   RO        12275    .text               c_w.l(_printf_wchar.o)
    0x08001ee4   0x00000374   Code   RO        12277    .text               c_w.l(_scanf.o)
    0x08002258   0x00000042   Code   RO        12287    .text               c_w.l(ftell.o)
    0x0800229a   0x00000040   Code   RO        12313    .text               c_w.l(_wcrtomb.o)
    0x080022da   0x0000000a   Code   RO        12315    .text               c_w.l(defsig_exit.o)
    0x080022e4   0x0000000e   Code   RO        12317    .text               c_w.l(defsig_rtred_outer.o)
    0x080022f2   0x0000000e   Code   RO        12321    .text               c_w.l(defsig_rtmem_outer.o)
    0x08002300   0x00000030   Code   RO        12325    .text               c_w.l(defsig_pvfn_inner.o)
    0x08002330   0x00000050   Code   RO        12329    .text               c_w.l(heapauxa.o)
    0x08002380   0x0000000c   Code   RO        12370    .text               c_w.l(sys_exit.o)
    0x0800238c   0x00000010   Code   RO        12372    .text               c_w.l(rt_ctype_table.o)
    0x0800239c   0x00000008   Code   RO        12374    .text               c_w.l(rt_locale.o)
    0x080023a4   0x00000008   Code   RO        12384    .text               c_w.l(rt_errno_addr.o)
    0x080023ac   0x00000080   Code   RO        12391    .text               c_w.l(_printf_fp_infnan.o)
    0x0800242c   0x000000dc   Code   RO        12393    .text               c_w.l(bigflt0.o)
    0x08002508   0x00000032   Code   RO        12427    .text               c_w.l(defsig_general.o)
    0x0800253a   0x00000002   PAD
    0x0800253c   0x00000034   Code   RO        12429    .text               c_w.l(defsig_rtred_inner.o)
    0x08002570   0x00000050   Code   RO        12431    .text               c_w.l(defsig_rtmem_inner.o)
    0x080025c0   0x0000000e   Code   RO        12477    .text               c_w.l(sys_wrch.o)
    0x080025ce   0x00000002   Code   RO        12479    .text               c_w.l(use_no_semi.o)
    0x080025d0   0x00000000   Code   RO        12481    .text               c_w.l(indicate_semi.o)
    0x080025d0   0x0000003e   Code   RO        12396    CL$$btod_d2e        c_w.l(btod.o)
    0x0800260e   0x00000046   Code   RO        12398    CL$$btod_d2e_denorm_low  c_w.l(btod.o)
    0x08002654   0x00000060   Code   RO        12397    CL$$btod_d2e_norm_op1  c_w.l(btod.o)
    0x080026b4   0x00000338   Code   RO        12406    CL$$btod_div_common  c_w.l(btod.o)
    0x080029ec   0x000000c6   Code   RO        12403    CL$$btod_e2e        c_w.l(btod.o)
    0x08002ab2   0x00000028   Code   RO        12400    CL$$btod_ediv       c_w.l(btod.o)
    0x08002ada   0x00000028   Code   RO        12399    CL$$btod_emul       c_w.l(btod.o)
    0x08002b02   0x00000244   Code   RO        12405    CL$$btod_mult_common  c_w.l(btod.o)
    0x08002d46   0x00000012   Code   RO        10440    i.$Sub$$main        retarget.o
    0x08002d58   0x00000008   Code   RO        10826    i.<Func3>           serialbase.o
    0x08002d60   0x00000024   Code   RO         2460    i.HAL_DMA_Abort_IT  stm32f4xx_hal_dma.o
    0x08002d84   0x00000204   Code   RO         2912    i.HAL_GPIO_Init     stm32f4xx_hal_gpio.o
    0x08002f88   0x0000000c   Code   RO         1476    i.HAL_GetTick       stm32f4xx_hal.o
    0x08002f94   0x00000010   Code   RO         1477    i.HAL_IncTick       stm32f4xx_hal.o
    0x08002fa4   0x00000034   Code   RO         1478    i.HAL_Init          stm32f4xx_hal.o
    0x08002fd8   0x000000b4   Code   RO          259    i.HAL_InitTick      hal_tick.o
    0x0800308c   0x00000002   Code   RO         4107    i.HAL_MspInit       stm32f4xx_hal_msp_template.o
    0x0800308e   0x00000002   PAD
    0x08003090   0x00000024   Code   RO         2129    i.HAL_NVIC_SetPriorityGrouping  stm32f4xx_hal_cortex.o
    0x080030b4   0x00000198   Code   RO         4695    i.HAL_RCC_ClockConfig  stm32f4xx_hal_rcc.o
    0x0800324c   0x00000030   Code   RO         4702    i.HAL_RCC_GetPCLK1Freq  stm32f4xx_hal_rcc.o
    0x0800327c   0x00000030   Code   RO         4703    i.HAL_RCC_GetPCLK2Freq  stm32f4xx_hal_rcc.o
    0x080032ac   0x00000094   Code   RO         4704    i.HAL_RCC_GetSysClockFreq  stm32f4xx_hal_rcc.o
    0x08003340   0x0000036c   Code   RO         4707    i.HAL_RCC_OscConfig  stm32f4xx_hal_rcc.o
    0x080036ac   0x00000036   Code   RO         6020    i.HAL_TIM_OC_Init   stm32f4xx_hal_tim.o
    0x080036e2   0x00000002   Code   RO         6022    i.HAL_TIM_OC_MspInit  stm32f4xx_hal_tim.o
    0x080036e4   0x00000036   Code   RO         6023    i.HAL_TIM_OC_Start  stm32f4xx_hal_tim.o
    0x0800371a   0x00000030   Code   RO         1125    i.HAL_UART_ErrorCallback  serial_api.o
    0x0800374a   0x00000002   PAD
    0x0800374c   0x00000290   Code   RO         6817    i.HAL_UART_IRQHandler  stm32f4xx_hal_uart.o
    0x080039dc   0x00000062   Code   RO         6818    i.HAL_UART_Init     stm32f4xx_hal_uart.o
    0x08003a3e   0x00000002   Code   RO         6820    i.HAL_UART_MspInit  stm32f4xx_hal_uart.o
    0x08003a40   0x00000002   Code   RO         6824    i.HAL_UART_RxCpltCallback  stm32f4xx_hal_uart.o
    0x08003a42   0x00000012   Code   RO         1126    i.HAL_UART_TxCpltCallback  serial_api.o
    0x08003a54   0x00000084   Code   RO          371    i.SetSysClock       system_stm32f4xx.o
    0x08003ad8   0x000000d0   Code   RO          878    i.Set_GPIO_Clock    pinmap.o
    0x08003ba8   0x00000084   Code   RO          373    i.SystemCoreClockUpdate  system_stm32f4xx.o
    0x08003c2c   0x00000088   Code   RO          374    i.SystemInit        system_stm32f4xx.o
    0x08003cb4   0x00000094   Code   RO         6057    i.TIM_Base_SetConfig  stm32f4xx_hal_tim.o
    0x08003d48   0x00000010   Code   RO         6831    i.UART_DMAAbortOnError  stm32f4xx_hal_uart.o
    0x08003d58   0x00000344   Code   RO         6837    i.UART_SetConfig    stm32f4xx_hal_uart.o
    0x0800409c   0x00000052   Code   RO         8948    i._ZN4mbed10FileHandle4flenEv  filelike.o
    0x080040ee   0x00000002   Code   RO         8955    i._ZN4mbed10FileHandle4lockEv  filelike.o
    0x080040f0   0x00000002   Code   RO         8961    i._ZN4mbed10FileHandle6unlockEv  filelike.o
    0x080040f2   0x00000002   PAD
    0x080040f4   0x00000074   Code   RO        10442    i._ZN4mbed10FileHandleD2Ev  retarget.o
    0x08004168   0x0000000e   Code   RO        10828    i._ZN4mbed10SerialBase10_base_putcEi  serialbase.o
    0x08004176   0x00000016   Code   RO        10834    i._ZN4mbed10SerialBase12_irq_handlerEj9SerialIrq  serialbase.o
    0x0800418c   0x0000003c   Code   RO        10838    i._ZN4mbed10SerialBase24interrupt_handler_asynchEv  serialbase.o
    0x080041c8   0x00000028   Code   RO        10839    i._ZN4mbed10SerialBase4baudEi  serialbase.o
    0x080041f0   0x00000002   Code   RO        10840    i._ZN4mbed10SerialBase4lockEv  serialbase.o
    0x080041f2   0x00000002   Code   RO        10847    i._ZN4mbed10SerialBase6unlockEv  serialbase.o
    0x080041f4   0x0000009c   Code   RO        10850    i._ZN4mbed10SerialBaseC1E7PinNameS1_  serialbase.o
    0x08004290   0x00000006   Code   RO        10443    i._ZN4mbed26mbed_set_unbuffered_streamEPSt6__FILE  retarget.o
    0x08004296   0x00000002   Code   RO        10741    i._ZN4mbed6Serial4lockEv  serial.o
    0x08004298   0x00000002   Code   RO        10744    i._ZN4mbed6Serial6unlockEv  serial.o
    0x0800429a   0x00000002   PAD
    0x0800429c   0x00000028   Code   RO        10745    i._ZN4mbed6SerialC1E7PinNameS1_PKc  serial.o
    0x080042c4   0x00000028   Code   RO        10797    i._ZN4mbed6SerialD1Ev  serial.o
    0x080042ec   0x00000004   Code   RO        11197    i._ZN4mbed6Stream4flenEv  stream.o
    0x080042f0   0x00000004   Code   RO        11203    i._ZN4mbed6Stream5closeEv  stream.o
    0x080042f4   0x00000004   Code   RO        11205    i._ZN4mbed6Stream5lseekEli  stream.o
    0x080042f8   0x0000003c   Code   RO        11207    i._ZN4mbed6Stream5writeEPKvj  stream.o
    0x08004334   0x00000004   Code   RO        11208    i._ZN4mbed6Stream6isattyEv  stream.o
    0x08004338   0x00000032   Code   RO        11209    i._ZN4mbed6Stream6printfEPKcz  stream.o
    0x0800436a   0x00000002   PAD
    0x0800436c   0x00000040   Code   RO        11212    i._ZN4mbed6StreamC2EPKc  stream.o
    0x080043ac   0x00000020   Code   RO        11214    i._ZN4mbed6StreamD2Ev  stream.o
    0x080043cc   0x00000004   Code   RO         8829    i._ZN4mbed8FileBase11getPathTypeEv  filebase.o
    0x080043d0   0x0000006c   Code   RO         8831    i._ZN4mbed8FileBase6lookupEPKcj  filebase.o
    0x0800443c   0x00000040   Code   RO         8833    i._ZN4mbed8FileBaseC1EPKcNS_8PathTypeE  filebase.o
    0x0800447c   0x00000048   Code   RO         8835    i._ZN4mbed8FileBaseD1Ev  filebase.o
    0x080044c4   0x00000024   Code   RO         8913    i._ZN4mbed8FileLikeC2EPKc  filelike.o
    0x080044e8   0x00000012   Code   RO         8915    i._ZN4mbed8FileLikeD2Ev  filelike.o
    0x080044fa   0x00000018   Code   RO         8988    i._ZN4mbed8FilePath10fileSystemEv  filepath.o
    0x08004512   0x0000001c   Code   RO         8990    i._ZN4mbed8FilePath4fileEv  filepath.o
    0x0800452e   0x0000000a   Code   RO         8991    i._ZN4mbed8FilePath6existsEv  filepath.o
    0x08004538   0x00000018   Code   RO         8992    i._ZN4mbed8FilePath6isFileEv  filepath.o
    0x08004550   0x00000004   Code   RO         8993    i._ZN4mbed8FilePath8fileNameEv  filepath.o
    0x08004554   0x00000040   Code   RO         8994    i._ZN4mbed8FilePathC1EPKc  filepath.o
    0x08004594   0x00000002   Code   RO        10746    i._ZThn184_N4mbed6Serial4lockEv  serial.o
    0x08004596   0x00000006   Code   RO        10748    i._ZThn184_N4mbed6Serial5_putcEi  serial.o
    0x0800459c   0x00000002   Code   RO        10749    i._ZThn184_N4mbed6Serial6unlockEv  serial.o
    0x0800459e   0x00000030   Code   RO        12467    i.__ARM_fpclassify  m_wm.l(fpclassify.o)
    0x080045ce   0x00000002   PAD
    0x080045d0   0x00000034   Code   RO            5    i.__NVIC_SetVector  cmsis_nvic.o
    0x08004604   0x00000024   Code   RO        12018    i.__aeabi_vec_ctor_nocookie_nodtor  cpprt_w.l(aeabi_vec_ctor_nocookie_nodtor.o)
    0x08004628   0x00000006   Code   RO        11909    i.__cxa_pure_virtual  cpprt_w.l(pure_virt.o)
    0x0800462e   0x00000002   PAD
    0x08004630   0x0000003c   Code   RO        11601    i.__sti___8_main_cpp_myled  main.o
    0x0800466c   0x00000010   Code   RO         7789    i.__user_setup_stackheap  sys.o
    0x0800467c   0x0000000e   Code   RO        11823    i._is_digit         c_w.l(__printf_wp.o)
    0x0800468a   0x00000002   PAD
    0x0800468c   0x0000002c   Code   RO        10450    i._sys_close        retarget.o
    0x080046b8   0x00000028   Code   RO        10453    i._sys_flen         retarget.o
    0x080046e0   0x00000028   Code   RO        10454    i._sys_istty        retarget.o
    0x08004708   0x000001b8   Code   RO        10455    i._sys_open         retarget.o
    0x080048c0   0x00000028   Code   RO        10457    i._sys_seek         retarget.o
    0x080048e8   0x00000060   Code   RO        10458    i._sys_write        retarget.o
    0x08004948   0x000000a8   Code   RO         9785    i.core_util_critical_section_enter  mbed_critical.o
    0x080049f0   0x00000074   Code   RO         9786    i.core_util_critical_section_exit  mbed_critical.o
    0x08004a64   0x00000012   Code   RO         9886    i.error             mbed_error.o
    0x08004a76   0x00000002   PAD
    0x08004a78   0x00000020   Code   RO        10460    i.exit              retarget.o
    0x08004a98   0x0000001a   Code   RO        11851    i.fputc             c_w.l(fputc.o)
    0x08004ab2   0x00000002   PAD
    0x08004ab4   0x0000008c   Code   RO          563    i.gpio_dir          gpio_api.o
    0x08004b40   0x0000003a   Code   RO          564    i.gpio_init         gpio_api.o
    0x08004b7a   0x00000002   PAD
    0x08004b7c   0x0000004c   Code   RO         9920    i.gpio_init_out     mbed_gpio.o
    0x08004bc8   0x000000a8   Code   RO         9921    i.gpio_init_out_ex  mbed_gpio.o
    0x08004c70   0x00000008   Code   RO          565    i.gpio_mode         gpio_api.o
    0x08004c78   0x00000084   Code   RO         1127    i.init_uart         serial_api.o
    0x08004cfc   0x00000120   Code   RO        11602    i.main              main.o
    0x08004e1c   0x00000054   Code   RO         9680    i.mbed_assert_internal  mbed_assert.o
    0x08004e70   0x000000ac   Code   RO         9720    i.mbed_die          mbed_board.o
    0x08004f1c   0x00000054   Code   RO         9721    i.mbed_error_printf  mbed_board.o
    0x08004f70   0x0000004c   Code   RO         9722    i.mbed_error_vfprintf  mbed_board.o
    0x08004fbc   0x00000002   Code   RO        10461    i.mbed_main         retarget.o
    0x08004fbe   0x0000000e   Code   RO          839    i.mbed_sdk_init     mbed_overrides.o
    0x08004fcc   0x000000a0   Code   RO          879    i.pin_function      pinmap.o
    0x0800506c   0x0000008c   Code   RO          880    i.pin_mode          pinmap.o
    0x080050f8   0x0000003c   Code   RO        10073    i.pinmap_merge      mbed_pinmap_common.o
    0x08005134   0x00000060   Code   RO        10074    i.pinmap_peripheral  mbed_pinmap_common.o
    0x08005194   0x0000005c   Code   RO        10075    i.pinmap_pinout     mbed_pinmap_common.o
    0x080051f0   0x00000006   Code   RO         1128    i.serial_baud       serial_api.o
    0x080051f6   0x00000002   PAD
    0x080051f8   0x000001b0   Code   RO         1135    i.serial_init       serial_api.o
    0x080053a8   0x00000018   Code   RO         1136    i.serial_irq_handler  serial_api.o
    0x080053c0   0x0000015c   Code   RO         1137    i.serial_irq_handler_asynch  serial_api.o
    0x0800551c   0x00000024   Code   RO         1140    i.serial_putc       serial_api.o
    0x08005540   0x0000004e   Code   RO        10205    i.ticker_irq_handler  mbed_ticker_api.o
    0x0800558e   0x00000002   PAD
    0x08005590   0x00000064   Code   RO          262    i.timer_irq_handler  hal_tick.o
    0x080055f4   0x00000010   Code   RO         7732    i.us_ticker_clear_interrupt  us_ticker.o
    0x08005604   0x00000014   Code   RO         7733    i.us_ticker_disable_interrupt  us_ticker.o
    0x08005618   0x00000028   Code   RO         7734    i.us_ticker_init    us_ticker.o
    0x08005640   0x0000000c   Code   RO        10262    i.us_ticker_irq_handler  mbed_us_ticker_api.o
    0x0800564c   0x00000030   Code   RO         7735    i.us_ticker_read    us_ticker.o
    0x0800567c   0x00000014   Code   RO         7736    i.us_ticker_set_interrupt  us_ticker.o
    0x08005690   0x00000028   Code   RO        10299    i.wait              mbed_wait_api.o
    0x080056b8   0x0000001c   Code   RO        10300    i.wait_ms           mbed_wait_api.o
    0x080056d4   0x0000002c   Code   RO        12421    locale$$code        c_w.l(lc_numeric_c.o)
    0x08005700   0x0000002c   Code   RO        12493    locale$$code        c_w.l(lc_ctype_c.o)
    0x0800572c   0x0000002c   Code   RO         8886    t._ZN12SingletonPtrI13PlatformMutexEptEv  filebase.o
    0x08005758   0x00000036   Code   RO        11001    t._ZN6CThunkIN4mbed10SerialBaseEE10trampolineEPS1_PvPMS1_FvS4_E  serialbase.o
    0x0800578e   0x0000000a   Code   RO        12368    x$fpl$fpinit        fz_wm.l(fpinit.o)
    0x08005798   0x00000004   Code   RO        12222    x$fpl$printf1       fz_wm.l(printf1.o)
    0x0800579c   0x00000004   Code   RO        12224    x$fpl$printf2       fz_wm.l(printf2.o)
    0x080057a0   0x00000000   Code   RO        12466    x$fpl$usenofp       fz_wm.l(usenofp.o)
    0x080057a0   0x00000048   Data   RO          326    .constdata          peripheralpins.o
    0x080057e8   0x00000048   Data   RO          327    .constdata          peripheralpins.o
    0x08005830   0x00000010   Data   RO          375    .constdata          system_stm32f4xx.o
    0x08005840   0x00000034   Data   RO          881    .constdata          pinmap.o
    0x08005874   0x00000010   Data   RO         4708    .constdata          stm32f4xx_hal_rcc.o
    0x08005884   0x00000014   Data   RO        10263    .constdata          mbed_us_ticker_api.o
    0x08005898   0x00000008   Data   RO        10264    .constdata          mbed_us_ticker_api.o
    0x080058a0   0x00000017   Data   RO        10507    .constdata          retarget.o
    0x080058b7   0x00000001   PAD
    0x080058b8   0x00000010   Data   RO        10876    .constdata          serialbase.o
    0x080058c8   0x00000028   Data   RO        11811    .constdata          c_w.l(_printf_hex_int_ll_ptr.o)
    0x080058f0   0x00000011   Data   RO        11831    .constdata          c_w.l(__printf_flags_ss_wp.o)
    0x08005901   0x00000003   PAD
    0x08005904   0x00000008   Data   RO        12073    .constdata          c_w.l(_printf_wctomb.o)
    0x0800590c   0x00000026   Data   RO        12267    .constdata          c_w.l(_printf_fp_hex.o)
    0x08005932   0x00000002   PAD
    0x08005934   0x00000094   Data   RO        12394    .constdata          c_w.l(bigflt0.o)
    0x080059c8   0x00000034   Data   RO        10694    .constdata__ZTVN4mbed10FileHandleE  retarget.o
    0x080059fc   0x00000018   Data   RO        10994    .constdata__ZTVN4mbed10SerialBaseE  serialbase.o
    0x08005a14   0x0000006c   Data   RO        10796    .constdata__ZTVN4mbed6SerialE  serial.o
    0x08005a80   0x0000004c   Data   RO        11331    .constdata__ZTVN4mbed6StreamE  stream.o
    0x08005acc   0x00000010   Data   RO         8883    .constdata__ZTVN4mbed8FileBaseE  filebase.o
    0x08005adc   0x00000044   Data   RO         8947    .constdata__ZTVN4mbed8FileLikeE  filelike.o
    0x08005b20   0x00000014   Data   RO         8884    .constdata__ZZN12SingletonPtrI13PlatformMutexE3getEvEs  filebase.o
    0x08005b34   0x0000001c   Data   RO         8885    .constdata__ZZN12SingletonPtrI13PlatformMutexE3getEvEs_0  filebase.o
    0x08005b50   0x00000020   Data   RO        12590    Region$$Table       anon$$obj.o
    0x08005b70   0x0000001c   Data   RO        12420    locale$$data        c_w.l(lc_numeric_c.o)
    0x08005b8c   0x00000110   Data   RO        12492    locale$$data        c_w.l(lc_ctype_c.o)
    0x08005c9c   0x00000004   Data   RO        11606    .init_array         main.o
    0x08005ca0   0x00000000   Data   RO        11904    .init_array         c_w.l(init_aeabi.o)


    Execution Region RW_IRAM1 (Base: 0x20000194, Size: 0x00000570, Max: 0x00017e6c, ABSOLUTE)

    Base Addr    Size         Type   Attr      Idx    E Section Name        Object

    0x20000194   0x00000004   Data   RW          264    .data               hal_tick.o
    0x20000198   0x00000004   Data   RW          376    .data               system_stm32f4xx.o
    0x2000019c   0x00000008   Data   RW         1155    .data               serial_api.o
    0x200001a4   0x00000004   Data   RW         1484    .data               stm32f4xx_hal.o
    0x200001a8   0x00000004   Data   RW         7738    .data               us_ticker.o
    0x200001ac   0x0000000c   Data   RW         8843    .data               filebase.o
    0x200001b8   0x00000008   Data   RW         9787    .data               mbed_critical.o
    0x200001c0   0x00000008   Data   RW        10265    .data               mbed_us_ticker_api.o
    0x200001c8   0x00000008   Data   RW        10510    .data               retarget.o
    0x200001d0   0x00000004   Data   RW        11863    .data               c_w.l(stdio_streams.o)
    0x200001d4   0x00000004   Data   RW        11864    .data               c_w.l(stdio_streams.o)
    0x200001d8   0x00000004   Data   RW        11865    .data               c_w.l(stdio_streams.o)
    0x200001dc   0x00000004   Data   RW        12330    .data               c_w.l(heapauxa.o)
    0x200001e0   0x0000003c   Zero   RW          263    .bss                hal_tick.o
    0x2000021c   0x0000026c   Zero   RW         1154    .bss                serial_api.o
    0x20000488   0x0000003c   Zero   RW         7737    .bss                us_ticker.o
    0x200004c4   0x00000040   Zero   RW        10506    .bss                retarget.o
    0x20000504   0x000000e4   Zero   RW        11605    .bss                main.o
    0x200005e8   0x00000054   Zero   RW        11860    .bss                c_w.l(stdio_streams.o)
    0x2000063c   0x00000054   Zero   RW        11861    .bss                c_w.l(stdio_streams.o)
    0x20000690   0x00000054   Zero   RW        11862    .bss                c_w.l(stdio_streams.o)
    0x200006e4   0x00000004   Zero   RW        12025    .bss                c_w.l(rt_heap_descriptor.o)
    0x200006e8   0x00000004   Zero   RW        12030    .bss                c_w.l(rt_ddtor_pointer_addr.o)
    0x200006ec   0x00000014   Zero   RW        12375    .bss                c_w.l(rt_locale.o)
    0x20000700   0x00000004   Zero   RW        12385    .bss                c_w.l(rt_errno_addr.o)


==============================================================================

Image component sizes


      Code (inc. data)   RO Data    RW Data    ZI Data      Debug   Object Name

         0          0          0          0          0      12132   analogin.o
         0          0          0          0          0       1708   analogin_api.o
         0          0          0          0          0        232   callchain.o
        52          4          0          0          0     210023   cmsis_nvic.o
       292         52         64         12          0       5964   filebase.o
       140         10         68          0          0       7228   filelike.o
       154          0          0          0          0       9504   filepath.o
       206         86          0          0          0       2694   gpio_api.o
       280         48          0          4         60      29032   hal_tick.o
         0          0          0          0          0        616   interruptmanager.o
       348        146          4          0        228      10242   main.o
        84         52          0          0          0       2519   mbed_assert.o
       332        106          0          0          0       5678   mbed_board.o
       284        154          0          8          0       4325   mbed_critical.o
        18          0          0          0          0        516   mbed_error.o
       244         94          0          0          0       2391   mbed_gpio.o
        14          0          0          0          0       1376   mbed_overrides.o
       248         76          0          0          0       2849   mbed_pinmap_common.o
        78          0          0          0          0       1173   mbed_ticker_api.o
        12          6         28          8          0       1124   mbed_us_ticker_api.o
        68          4          0          0          0       1735   mbed_wait_api.o
         0          0        144          0          0       4872   peripheralpins.o
       508        230         52          0          0       3319   pinmap.o
         0          0          0          0          0       5880   rawserial.o
       874        102         75          8         64      15293   retarget.o
        94         14        108          0          0       3696   serial.o
      1044        170          0          8        620      11584   serial_api.o
       358         24         40          0          0      10764   serialbase.o
        36          8        404          0          0        964   startup_stm32f401xe.o
        80         16          0          4          0     101764   stm32f4xx_hal.o
        36          6          0          0          0      27362   stm32f4xx_hal_cortex.o
        36          0          0          0          0       1787   stm32f4xx_hal_dma.o
       516         22          0          0          0       1972   stm32f4xx_hal_gpio.o
         2          0          0          0          0        538   stm32f4xx_hal_msp_template.o
      1528        104         16          0          0       5823   stm32f4xx_hal_rcc.o
       258         16          0          0          0       4979   stm32f4xx_hal_tim.o
      1610         20          0          0          0       6191   stm32f4xx_hal_uart.o
       222         16         76          0          0       7704   stream.o
        16          6          0          0          0       6173   sys.o
       400         68         16          4          0       3585   system_stm32f4xx.o
       144         46          0          4         60       3718   us_ticker.o

    ----------------------------------------------------------------------
     10634       1706       1128         60       1032     541029   Object Totals
         0          0         32          0          0          0   (incl. Generated)
        18          0          1          0          0          0   (incl. Padding)

    ----------------------------------------------------------------------

      Code (inc. data)   RO Data    RW Data    ZI Data      Debug   Library Member Name

        60          8          0          0          0         84   __0sscanf.o
        44          6          0          0          0         84   __2sprintf.o
         8          0          0          0          0         68   __main.o
       392          4         17          0          0         92   __printf_flags_ss_wp.o
        14          0          0          0          0         68   __printf_wp.o
         0          0          0          0          0          0   __rtentry.o
        12          0          0          0          0          0   __rtentry2.o
         6          0          0          0          0          0   __rtentry4.o
        52          8          0          0          0          0   __scatter.o
        26          0          0          0          0          0   __scatter_copy.o
        28          0          0          0          0          0   __scatter_zi.o
        28          0          0          0          0         68   _chval.o
         6          0          0          0          0          0   _printf_a.o
         6          0          0          0          0          0   _printf_c.o
        44          0          0          0          0        108   _printf_char.o
        48          6          0          0          0         96   _printf_char_common.o
        36          4          0          0          0         80   _printf_char_file.o
        40          0          0          0          0         68   _printf_charcount.o
         6          0          0          0          0          0   _printf_d.o
       120         16          0          0          0         92   _printf_dec.o
         6          0          0          0          0          0   _printf_e.o
         6          0          0          0          0          0   _printf_f.o
      1050          0          0          0          0        216   _printf_fp_dec.o
       764          8         38          0          0        100   _printf_fp_hex.o
       128         16          0          0          0         84   _printf_fp_infnan.o
         6          0          0          0          0          0   _printf_g.o
       148          4         40          0          0        160   _printf_hex_int_ll_ptr.o
         6          0          0          0          0          0   _printf_i.o
       178          0          0          0          0         88   _printf_intcommon.o
        10          0          0          0          0          0   _printf_l.o
         6          0          0          0          0          0   _printf_lc.o
        10          0          0          0          0          0   _printf_ll.o
         6          0          0          0          0          0   _printf_lld.o
         6          0          0          0          0          0   _printf_lli.o
         6          0          0          0          0          0   _printf_llo.o
         6          0          0          0          0          0   _printf_llu.o
         6          0          0          0          0          0   _printf_llx.o
       124         16          0          0          0         92   _printf_longlong_dec.o
         6          0          0          0          0          0   _printf_ls.o
         6          0          0          0          0          0   _printf_n.o
         6          0          0          0          0          0   _printf_o.o
       112          8          0          0          0        124   _printf_oct_int_ll.o
         6          0          0          0          0          0   _printf_p.o
        78          0          0          0          0        108   _printf_pad.o
         0          0          0          0          0          0   _printf_percent.o
         4          0          0          0          0          0   _printf_percent_end.o
         6          0          0          0          0          0   _printf_s.o
        82          0          0          0          0         80   _printf_str.o
        36          0          0          0          0         84   _printf_truncate.o
         6          0          0          0          0          0   _printf_u.o
        44          0          0          0          0        108   _printf_wchar.o
       188          6          8          0          0         92   _printf_wctomb.o
         6          0          0          0          0          0   _printf_x.o
       884          6          0          0          0        100   _scanf.o
       332          0          0          0          0         96   _scanf_int.o
        64          0          0          0          0         84   _sgetc.o
        10          0          0          0          0         68   _sputc.o
        64          0          0          0          0         92   _wcrtomb.o
        46          0          0          0          0         84   aeabi_atexit.o
       220          4        148          0          0         96   bigflt0.o
      1910        128          0          0          0        672   btod.o
        10          0          0          0          0         68   c89vfprintf.o
        66          0          0          0          0         84   cxa_finalize.o
        10          0          0          0          0         68   defsig_exit.o
        50          0          0          0          0         88   defsig_general.o
        48         34          0          0          0         76   defsig_pvfn_inner.o
        14          0          0          0          0         80   defsig_pvfn_outer.o
        80         58          0          0          0         76   defsig_rtmem_inner.o
        14          0          0          0          0         80   defsig_rtmem_outer.o
        52         38          0          0          0         76   defsig_rtred_inner.o
        14          0          0          0          0         80   defsig_rtred_outer.o
        76          0          0          0          0         88   fclose.o
         8          0          0          0          0         68   ferror.o
       100          4          0          0          0        120   fflush.o
       470          0          0          0          0         88   flsbuf.o
       236          4          0          0          0        128   fopen.o
        26          0          0          0          0         68   fputc.o
       248          6          0          0          0         84   fseek.o
        66          0          0          0          0         76   ftell.o
        94          0          0          0          0         80   h1_alloc.o
        52          0          0          0          0         68   h1_extend.o
        78          0          0          0          0         80   h1_free.o
        14          0          0          0          0         84   h1_init.o
        80          6          0          4          0         96   heapauxa.o
         4          0          0          0          0        136   hguard.o
         0          0          0          0          0          0   indicate_semi.o
        36         10          0          0          0         80   init_aeabi.o
       138          0          0          0          0        168   init_alloc.o
       312         46          0          0          0        112   initio.o
        18          0          0          0          0         76   isspace.o
        44         10        272          0          0         76   lc_ctype_c.o
        44         10         28          0          0         76   lc_numeric_c.o
         2          0          0          0          0          0   libinit.o
        50          0          0          0          0          0   libinit2.o
         0          0          0          0          0          0   libshutdown2.o
       138          0          0          0          0         80   lludiv10.o
         0          0          0          0          0          0   maybetermalloc1.o
        16          4          0          0          0         76   rt_ctype_table.o
         8          4          0          0          4         68   rt_ddtor_pointer_addr.o
         8          4          0          0          4         68   rt_errno_addr.o
         8          4          0          0          4         68   rt_heap_descriptor.o
         8          4          0          0         20         68   rt_locale.o
        78          0          0          0          0         80   rt_memclr_w.o
       100          0          0          0          0         80   rt_memcpy_w.o
        44          8          0          0          0         84   scanf_char.o
        20          0          0          0          0         68   setbuf.o
        70          0          0          0          0         80   setvbuf.o
       240          6          0          0          0        156   stdio.o
         0          0          0         12        252          0   stdio_streams.o
       128          0          0          0          0         68   strcmpv7m.o
        62          0          0          0          0         76   strlen.o
       150          0          0          0          0         80   strncmp.o
        12          4          0          0          0         68   sys_exit.o
        14          0          0          0          0         76   sys_wrch.o
         2          0          0          0          0         68   use_no_semi.o
        36          4          0          0          0         76   vsprintf.o
        36          0          0          0          0         84   aeabi_vec_ctor_nocookie_nodtor.o
         6          0          0          0          0         68   pure_virt.o
        10          0          0          0          0        116   fpinit.o
         4          0          0          0          0        116   printf1.o
         4          0          0          0          0        116   printf2.o
         0          0          0          0          0          0   usenofp.o
        48          0          0          0          0        124   fpclassify.o

    ----------------------------------------------------------------------
     11394        516        556         16        284       8276   Library Totals
        26          0          5          0          0          0   (incl. Padding)

    ----------------------------------------------------------------------

      Code (inc. data)   RO Data    RW Data    ZI Data      Debug   Library Name

     11260        516        551         16        284       7652   c_w.l
        42          0          0          0          0        152   cpprt_w.l
        18          0          0          0          0        348   fz_wm.l
        48          0          0          0          0        124   m_wm.l

    ----------------------------------------------------------------------
     11394        516        556         16        284       8276   Library Totals

    ----------------------------------------------------------------------

==============================================================================


      Code (inc. data)   RO Data    RW Data    ZI Data      Debug   

     22028       2222       1684         76       1316     533433   Grand Totals
     22028       2222       1684         76       1316     533433   ELF Image Totals
     22028       2222       1684         76          0          0   ROM Totals

==============================================================================

    Total RO  Size (Code + RO Data)                23712 (  23.16kB)
    Total RW  Size (RW Data + ZI Data)              1392 (   1.36kB)
    Total ROM Size (Code + RO Data + RW Data)      23788 (  23.23kB)

==============================================================================

