<html>
<body>
<pre>
<h1>µVision Build Log</h1>
<h2>Tool Versions:</h2>
IDE-Version: µVision V5.21.1.0
Copyright (C) 2016 ARM Ltd and ARM Germany GmbH. All rights reserved.
License Information: ff ff ff Flex license: MDK-ARM Standard Cortex-M only: 4 user(s) (mdk_cm_std) Support: Dec 2017
 
Tool Versions:
Toolchain:       MDK-ARM Standard Cortex-M only: 4 user(s)  Version: 5.21a
Toolchain Path:  C:\Keil_v5\ARM\ARMCC\Bin
C Compiler:      Armcc.exe V5.06 update 3 (build 300)
Assembler:       Armasm.exe V5.06 update 3 (build 300)
Linker/Locator:  ArmLink.exe V5.06 update 3 (build 300)
Library Manager: ArmAr.exe V5.06 update 3 (build 300)
Hex Converter:   FromElf.exe V5.06 update 3 (build 300)
CPU DLL:         SARMCM3.DLL V5.21a
Dialog DLL:      DCM.DLL V1.13.8.0
Target DLL:      STLink\ST-LINKIII-KEIL_SWO.dll V2.0.18.0
Dialog DLL:      TCM.DLL V1.14.14.0
 
<h2>Project:</h2>
Y:\Fab\PicoGWV2\Pico_STM32\PGW_FS_SPI17102016\pgw.uvprojx
Project File Date:  12/06/2016

<h2>Output:</h2>
*** Using Compiler 'V5.06 update 3 (build 300)', folder: 'C:\Keil_v5\ARM\ARMCC\Bin'
Build target 'Pico'
compiling I2CSlave.cpp...
compiling InterruptManager.cpp...
linking...
Program Size: Code=46080 RO-data=6004 RW-data=708 ZI-data=61680  
FromELF: creating hex file...
".\build\uvision5\Pgw.axf" - 0 Error(s), 0 Warning(s).

<h2>Collection of Component include folders:</h2>
  Y:\Fab\PicoGWV2\Pico_STM32\PGW_FS_SPI17102016\RTE
  C:\Keil_v5\ARM\PACK\Keil\STM32F4xx_DFP\2.10.0\Drivers\CMSIS\Device\ST\STM32F4xx\Include

<h2>Collection of Component Files used:</h2>
Build Time Elapsed:  00:00:37
</pre>
</body>
</html>
