Component: ARM Compiler 5.06 update 3 (build 300) Tool: armlink [4d35c9]

==============================================================================

Section Cross References

    cmsis_nvic.o(i.__NVIC_SetVector) refers to rt_memcpy_w.o(.text) for __aeabi_memcpy4
    hal_tick.o(i.HAL_InitTick) refers to system_stm32f4xx.o(i.SystemCoreClockUpdate) for SystemCoreClockUpdate
    hal_tick.o(i.HAL_InitTick) refers to stm32f4xx_hal_tim.o(i.HAL_TIM_OC_Init) for HAL_TIM_OC_Init
    hal_tick.o(i.HAL_InitTick) refers to cmsis_nvic.o(i.__NVIC_SetVector) for __NVIC_SetVector
    hal_tick.o(i.HAL_InitTick) refers to stm32f4xx_hal_tim.o(i.HAL_TIM_OC_Start) for HAL_TIM_OC_Start
    hal_tick.o(i.HAL_InitTick) refers to hal_tick.o(.bss) for .bss
    hal_tick.o(i.HAL_InitTick) refers to system_stm32f4xx.o(.data) for SystemCoreClock
    hal_tick.o(i.HAL_InitTick) refers to hal_tick.o(i.timer_irq_handler) for timer_irq_handler
    hal_tick.o(i.HAL_InitTick) refers to hal_tick.o(.data) for .data
    hal_tick.o(i.HAL_ResumeTick) refers to hal_tick.o(.bss) for .bss
    hal_tick.o(i.HAL_SuspendTick) refers to hal_tick.o(.bss) for .bss
    hal_tick.o(i.timer_irq_handler) refers to mbed_us_ticker_api.o(i.us_ticker_irq_handler) for us_ticker_irq_handler
    hal_tick.o(i.timer_irq_handler) refers to stm32f4xx_hal.o(i.HAL_IncTick) for HAL_IncTick
    hal_tick.o(i.timer_irq_handler) refers to hal_tick.o(.bss) for .bss
    hal_tick.o(i.timer_irq_handler) refers to hal_tick.o(.data) for .data
    system_stm32f4xx.o(i.SetSysClock) refers to stm32f4xx_hal_rcc.o(i.HAL_RCC_OscConfig) for HAL_RCC_OscConfig
    system_stm32f4xx.o(i.SetSysClock) refers to stm32f4xx_hal_rcc.o(i.HAL_RCC_ClockConfig) for HAL_RCC_ClockConfig
    system_stm32f4xx.o(i.SetSysClock_PLL_HSE) refers to stm32f4xx_hal_rcc.o(i.HAL_RCC_OscConfig) for HAL_RCC_OscConfig
    system_stm32f4xx.o(i.SetSysClock_PLL_HSE) refers to stm32f4xx_hal_rcc.o(i.HAL_RCC_ClockConfig) for HAL_RCC_ClockConfig
    system_stm32f4xx.o(i.SetSysClock_PLL_HSI) refers to stm32f4xx_hal_rcc.o(i.HAL_RCC_OscConfig) for HAL_RCC_OscConfig
    system_stm32f4xx.o(i.SetSysClock_PLL_HSI) refers to stm32f4xx_hal_rcc.o(i.HAL_RCC_ClockConfig) for HAL_RCC_ClockConfig
    system_stm32f4xx.o(i.SystemCoreClockUpdate) refers to system_stm32f4xx.o(.data) for .data
    system_stm32f4xx.o(i.SystemCoreClockUpdate) refers to system_stm32f4xx.o(.constdata) for .constdata
    system_stm32f4xx.o(i.SystemInit) refers to stm32f4xx_hal.o(i.HAL_Init) for HAL_Init
    system_stm32f4xx.o(i.SystemInit) refers to system_stm32f4xx.o(i.SetSysClock) for SetSysClock
    system_stm32f4xx.o(i.SystemInit) refers to system_stm32f4xx.o(.data) for .data
    analogin_api.o(i.adc_read) refers to stm32f4xx_hal_adc.o(i.HAL_ADC_ConfigChannel) for HAL_ADC_ConfigChannel
    analogin_api.o(i.adc_read) refers to stm32f4xx_hal_adc.o(i.HAL_ADC_Start) for HAL_ADC_Start
    analogin_api.o(i.adc_read) refers to stm32f4xx_hal_adc.o(i.HAL_ADC_PollForConversion) for HAL_ADC_PollForConversion
    analogin_api.o(i.adc_read) refers to stm32f4xx_hal_adc.o(i.HAL_ADC_GetValue) for HAL_ADC_GetValue
    analogin_api.o(i.adc_read) refers to analogin_api.o(.bss) for .bss
    analogin_api.o(i.analogin_init) refers to mbed_pinmap_common.o(i.pinmap_peripheral) for pinmap_peripheral
    analogin_api.o(i.analogin_init) refers to mbed_assert.o(i.mbed_assert_internal) for mbed_assert_internal
    analogin_api.o(i.analogin_init) refers to mbed_pinmap_common.o(i.pinmap_function) for pinmap_function
    analogin_api.o(i.analogin_init) refers to mbed_pinmap_common.o(i.pinmap_pinout) for pinmap_pinout
    analogin_api.o(i.analogin_init) refers to stm32f4xx_hal_adc.o(i.HAL_ADC_Init) for HAL_ADC_Init
    analogin_api.o(i.analogin_init) refers to mbed_error.o(i.error) for error
    analogin_api.o(i.analogin_init) refers to peripheralpins.o(.constdata) for PinMap_ADC
    analogin_api.o(i.analogin_init) refers to analogin_api.o(.data) for .data
    analogin_api.o(i.analogin_init) refers to analogin_api.o(.bss) for .bss
    analogin_api.o(i.analogin_read) refers to analogin_api.o(i.adc_read) for adc_read
    analogin_api.o(i.analogin_read_u16) refers to analogin_api.o(i.adc_read) for adc_read
    gpio_api.o(i.gpio_dir) refers to mbed_assert.o(i.mbed_assert_internal) for mbed_assert_internal
    gpio_api.o(i.gpio_dir) refers to pinmap.o(i.pin_function) for pin_function
    gpio_api.o(i.gpio_init) refers to pinmap.o(i.Set_GPIO_Clock) for Set_GPIO_Clock
    gpio_api.o(i.gpio_init) refers to pinmap.o(i.pin_function) for pin_function
    gpio_api.o(i.gpio_mode) refers to pinmap.o(i.pin_mode) for pin_mode
    gpio_api.o(i.gpio_set) refers to mbed_assert.o(i.mbed_assert_internal) for mbed_assert_internal
    gpio_api.o(i.gpio_set) refers to pinmap.o(i.pin_function) for pin_function
    gpio_irq_api.o(i.gpio_irq0) refers to gpio_irq_api.o(i.handle_interrupt_in) for handle_interrupt_in
[...]
    SX1308::spiReadBurst(unsigned char, unsigned char*, int) 0x08009011   Thumb Code   136  sx1308.o(i._ZN6SX130812spiReadBurstEhPhi)
    SX1308::spiReadBurstE(unsigned char, unsigned char*, int) 0x0800909d   Thumb Code    80  sx1308.o(i._ZN6SX130813spiReadBurstEEhPhi)
    SX1308::spiReadBurstF(unsigned char, unsigned char*, int) 0x080090f1   Thumb Code   102  sx1308.o(i._ZN6SX130813spiReadBurstFEhPhi)
    SX1308::spiReadBurstM(unsigned char, unsigned char*, int) 0x0800915d   Thumb Code    46  sx1308.o(i._ZN6SX130813spiReadBurstMEhPhi)
    SX1308::spiWriteBurst(unsigned char, int*, int) 0x0800918d   Thumb Code   134  sx1308.o(i._ZN6SX130813spiWriteBurstEhPii)
    SX1308::spiWriteBurstE(unsigned char, int*, int) 0x08009219   Thumb Code    78  sx1308.o(i._ZN6SX130814spiWriteBurstEEhPii)
    SX1308::spiWriteBurstF(unsigned char, int*, int) 0x0800926d   Thumb Code   100  sx1308.o(i._ZN6SX130814spiWriteBurstFEhPii)
    SX1308::spiWriteBurstM(unsigned char, int*, int) 0x080092d5   Thumb Code    44  sx1308.o(i._ZN6SX130814spiWriteBurstMEhPii)
    SX1308::spiWriteBurstuint8(unsigned char, unsigned char*, int) 0x08009301   Thumb Code   134  sx1308.o(i._ZN6SX130818spiWriteBurstuint8EhPhi)
    SX1308::init()                           0x0800938d   Thumb Code   474  sx1308.o(i._ZN6SX13084initEv)
    SX1308::isr0()                           0x080095d5   Thumb Code    16  sx1308.o(i._ZN6SX13084isr0Ev)
    SX1308::spiRead(unsigned char)           0x080095e5   Thumb Code   112  sx1308.o(i._ZN6SX13087spiReadEh)
    SX1308::spiWrite(unsigned char, unsigned char) 0x08009659   Thumb Code   118  sx1308.o(i._ZN6SX13088spiWriteEhh)
    SX1308::dig_reset()                      0x080096d5   Thumb Code    74  sx1308.o(i._ZN6SX13089dig_resetEv)
    SX1308::SX1308(PinName, PinName, PinName, PinName, PinName, PinName) 0x08009725   Thumb Code   106  sx1308.o(i._ZN6SX1308C1E7PinNameS0_S0_S0_S0_S0_)
    SX1308::SX1308__sub_object(PinName, PinName, PinName, PinName, PinName, PinName) 0x08009725   Thumb Code     0  sx1308.o(i._ZN6SX1308C1E7PinNameS0_S0_S0_S0_S0_)
    SX1308::~SX1308()                        0x08009795   Thumb Code    16  board.o(i._ZN6SX1308D1Ev)
    SX1308::~SX1308__sub_object()            0x08009795   Thumb Code     0  board.o(i._ZN6SX1308D1Ev)
    thunk{-184} to mbed::Serial::lock()      0x080097a9   Thumb Code     2  serial.o(i._ZThn184_N4mbed6Serial4lockEv)
    thunk{-184} to mbed::Serial::_putc(int)  0x080097ab   Thumb Code     6  serial.o(i._ZThn184_N4mbed6Serial5_putcEi)
    thunk{-184} to mbed::Serial::unlock()    0x080097b1   Thumb Code     2  serial.o(i._ZThn184_N4mbed6Serial6unlockEv)
    __ARM_fpclassify                         0x080097b3   Thumb Code    48  fpclassify.o(i.__ARM_fpclassify)
    __NVIC_SetVector                         0x080097e5   Thumb Code    48  cmsis_nvic.o(i.__NVIC_SetVector)
    __aeabi_vec_ctor_nocookie_nodtor         0x08009819   Thumb Code    36  aeabi_vec_ctor_nocookie_nodtor.o(i.__aeabi_vec_ctor_nocookie_nodtor)
    __cxa_pure_virtual                       0x0800983d   Thumb Code     6  pure_virt.o(i.__cxa_pure_virtual)
    __user_setup_stackheap                   0x08009909   Thumb Code    10  sys.o(i.__user_setup_stackheap)
    _is_digit                                0x08009919   Thumb Code    14  __printf_wp.o(i._is_digit)
    _sys_close                               0x08009929   Thumb Code    40  retarget.o(i._sys_close)
    _sys_flen                                0x08009955   Thumb Code    34  retarget.o(i._sys_flen)
    _sys_istty                               0x0800997d   Thumb Code    34  retarget.o(i._sys_istty)
    _sys_open                                0x080099a5   Thumb Code   400  retarget.o(i._sys_open)
    _sys_seek                                0x08009b5d   Thumb Code    36  retarget.o(i._sys_seek)
    _sys_write                               0x08009b85   Thumb Code    82  retarget.o(i._sys_write)
    core_util_critical_section_enter         0x08009be5   Thumb Code    70  mbed_critical.o(i.core_util_critical_section_enter)
    core_util_critical_section_exit          0x08009c8d   Thumb Code    60  mbed_critical.o(i.core_util_critical_section_exit)
    error                                    0x08009d01   Thumb Code    18  mbed_error.o(i.error)
    exit                                     0x08009d15   Thumb Code    24  retarget.o(i.exit)
    fputc                                    0x08009d35   Thumb Code    26  fputc.o(i.fputc)
    get_us_ticker_data                       0x08009d51   Thumb Code     4  mbed_us_ticker_api.o(i.get_us_ticker_data)
    gpio_dir                                 0x08009d59   Thumb Code    54  gpio_api.o(i.gpio_dir)
    gpio_init                                0x08009de5   Thumb Code    58  gpio_api.o(i.gpio_init)
    gpio_init_in                             0x08009e1f   Thumb Code    40  mbed_gpio.o(i.gpio_init_in)
    gpio_init_out                            0x08009e49   Thumb Code    70  mbed_gpio.o(i.gpio_init_out)
    gpio_init_out_ex                         0x08009e95   Thumb Code    80  mbed_gpio.o(i.gpio_init_out_ex)
    gpio_irq_free                            0x08009f75   Thumb Code    68  gpio_irq_api.o(i.gpio_irq_free)
    gpio_irq_init                            0x08009fc1   Thumb Code   242  gpio_irq_api.o(i.gpio_irq_init)
    gpio_irq_set                             0x0800a105   Thumb Code   120  gpio_irq_api.o(i.gpio_irq_set)
    gpio_mode                                0x0800a17d   Thumb Code     8  gpio_api.o(i.gpio_mode)
    $Super$$main                             0x0800a2f9   Thumb Code   260  main.o(i.main)
    mbed_assert_internal                     0x0800a40d   Thumb Code    32  mbed_assert.o(i.mbed_assert_internal)
    mbed_die                                 0x0800a461   Thumb Code    84  mbed_board.o(i.mbed_die)
    mbed_error_printf                        0x0800a50d   Thumb Code    74  mbed_board.o(i.mbed_error_printf)
    mbed_error_vfprintf                      0x0800a561   Thumb Code    68  mbed_board.o(i.mbed_error_vfprintf)
    mbed_main                                0x0800a5ad   Thumb Code     2  retarget.o(i.mbed_main)
    mbed_sdk_init                            0x0800a5af   Thumb Code    14  mbed_overrides.o(i.mbed_sdk_init)
    pin_function                             0x0800a5bd   Thumb Code    80  pinmap.o(i.pin_function)
    pin_mode                                 0x0800a65d   Thumb Code    64  pinmap.o(i.pin_mode)
    pinmap_merge                             0x0800a6e9   Thumb Code    38  mbed_pinmap_common.o(i.pinmap_merge)
    pinmap_peripheral                        0x0800a725   Thumb Code    62  mbed_pinmap_common.o(i.pinmap_peripheral)
    pinmap_pinout                            0x0800a785   Thumb Code    72  mbed_pinmap_common.o(i.pinmap_pinout)
    serial_baud                              0x0800a7e1   Thumb Code     6  serial_api.o(i.serial_baud)
    serial_init                              0x0800a7e9   Thumb Code   310  serial_api.o(i.serial_init)
    serial_irq_handler                       0x0800a999   Thumb Code    14  serial_api.o(i.serial_irq_handler)
    serial_irq_handler_asynch                0x0800a9b1   Thumb Code   344  serial_api.o(i.serial_irq_handler_asynch)
    serial_putc                              0x0800ab0d   Thumb Code    30  serial_api.o(i.serial_putc)
    spi_format                               0x0800ab31   Thumb Code   102  spi_api.o(i.spi_format)
    spi_frequency                            0x0800ab99   Thumb Code   116  spi_api.o(i.spi_frequency)
    spi_init                                 0x0800ac51   Thumb Code   294  spi_api.o(i.spi_init)
    spi_master_write                         0x0800ade5   Thumb Code    44  spi_api.o(i.spi_master_write)
    ticker_irq_handler                       0x0800ae15   Thumb Code    78  mbed_ticker_api.o(i.ticker_irq_handler)
    ticker_read                              0x0800ae63   Thumb Code     6  mbed_ticker_api.o(i.ticker_read)
    timer_irq_handler                        0x0800ae69   Thumb Code    90  hal_tick.o(i.timer_irq_handler)
    us_ticker_clear_interrupt                0x0800aecd   Thumb Code    12  us_ticker.o(i.us_ticker_clear_interrupt)
    us_ticker_disable_interrupt              0x0800aedd   Thumb Code    14  us_ticker.o(i.us_ticker_disable_interrupt)
    us_ticker_init                           0x0800aef1   Thumb Code    26  us_ticker.o(i.us_ticker_init)
    us_ticker_irq_handler                    0x0800af19   Thumb Code     6  mbed_us_ticker_api.o(i.us_ticker_irq_handler)
    us_ticker_read                           0x0800af25   Thumb Code    30  us_ticker.o(i.us_ticker_read)
    us_ticker_set_interrupt                  0x0800af55   Thumb Code    16  us_ticker.o(i.us_ticker_set_interrupt)
    wait_ms                                  0x0800af69   Thumb Code    28  mbed_wait_api.o(i.wait_ms)
    wait_us                                  0x0800af85   Thumb Code    24  mbed_wait_api.o(i.wait_us)
    _get_lc_numeric                          0x0800af9d   Thumb Code    44  lc_numeric_c.o(locale$$code)
    _get_lc_ctype                            0x0800afc9   Thumb Code    44  lc_ctype_c.o(locale$$code)
    SingletonPtr<PlatformMutex>::operator ->() 0x0800aff5   Thumb Code    36  filebase.o(t._ZN12SingletonPtrI13PlatformMutexEptEv)
    void mbed::Callback<void()>::_methodthunk<SX1308>(void*, void*) 0x0800b021   Thumb Code    20  sx1308.o(t._ZN4mbed8CallbackIFvvEE12_methodthunkI6SX1308EEvPvS5_)
    CThunk<mbed::SerialBase>::trampoline(mbed::SerialBase*, void*, void(mbed::SerialBase::**)(void*)) 0x0800b035   Thumb Code    54  serialbase.o(t._ZN6CThunkIN4mbed10SerialBaseEE10trampolineEPS1_PvPMS1_FvS4_E)
    _fp_init                                 0x0800b06b   Thumb Code    10  fpinit.o(x$fpl$fpinit)
    __fplib_config_fpu_vfp                   0x0800b073   Thumb Code     0  fpinit.o(x$fpl$fpinit)
    __fplib_config_pureend_doubles           0x0800b073   Thumb Code     0  fpinit.o(x$fpl$fpinit)
    _printf_fp_dec                           0x0800b075   Thumb Code     4  printf1.o(x$fpl$printf1)
    _printf_fp_hex                           0x0800b079   Thumb Code     4  printf2.o(x$fpl$printf2)
    PinMap_UART_TX                           0x0800b07c   Data          72  peripheralpins.o(.constdata)
    __I$use$fp                               0x0800b07c   Number         0  usenofp.o(x$fpl$usenofp)
    PinMap_UART_RX                           0x0800b0c4   Data          72  peripheralpins.o(.constdata)
    PinMap_SPI_MOSI                          0x0800b10c   Data          72  peripheralpins.o(.constdata)
    PinMap_SPI_MISO                          0x0800b154   Data          72  peripheralpins.o(.constdata)
    PinMap_SPI_SCLK                          0x0800b19c   Data          72  peripheralpins.o(.constdata)
    PinMap_SPI_SSEL                          0x0800b1e4   Data          60  peripheralpins.o(.constdata)
    AHBPrescTable                            0x0800b220   Data          16  system_stm32f4xx.o(.constdata)
    APBAHBPrescTable                         0x0800b274   Data          16  stm32f4xx_hal_rcc.o(.constdata)
    __stdin_name                             0x0800b2a0   Data           7  retarget.o(.constdata)
    __stdout_name                            0x0800b2a7   Data           8  retarget.o(.constdata)
    __stderr_name                            0x0800b2af   Data           8  retarget.o(.constdata)
    vtable for USBMANAGER                    0x0800c330   Data          20  cmdusb.o(.constdata__ZTV10USBMANAGER)
    vtable for SX1308                        0x0800c344   Data          12  sx1308.o(.constdata__ZTV6SX1308)
    vtable for mbed::FileHandle              0x0800c350   Data          52  retarget.o(.constdata__ZTVN4mbed10FileHandleE)
    vtable for mbed::SerialBase              0x0800c384   Data          24  serialbase.o(.constdata__ZTVN4mbed10SerialBaseE)
    vtable for mbed::InterruptIn             0x0800c39c   Data          16  interruptin.o(.constdata__ZTVN4mbed11InterruptInE)
    vtable for mbed::SPI                     0x0800c3ac   Data          28  spi.o(.constdata__ZTVN4mbed3SPIE)
    vtable for mbed::Serial                  0x0800c3c8   Data         108  serial.o(.constdata__ZTVN4mbed6SerialE)
    vtable for mbed::Stream                  0x0800c434   Data          76  stream.o(.constdata__ZTVN4mbed6StreamE)
    vtable for mbed::FileBase                0x0800c480   Data          16  filebase.o(.constdata__ZTVN4mbed8FileBaseE)
    vtable for mbed::FileLike                0x0800c490   Data          68  filelike.o(.constdata__ZTVN4mbed8FileLikeE)
    SingletonPtr<PlatformMutex>::get()::string 0x0800c4d4   Data          20  filebase.o(.constdata__ZZN12SingletonPtrI13PlatformMutexE3getEvEs)
    SingletonPtr<PlatformMutex>::get()::string (instance 2) 0x0800c4e8   Data          28  filebase.o(.constdata__ZZN12SingletonPtrI13PlatformMutexE3getEvEs_0)
    Region$$Table$$Base                      0x0800c504   Number         0  anon$$obj.o(Region$$Table)
    Region$$Table$$Limit                     0x0800c524   Number         0  anon$$obj.o(Region$$Table)
    __ctype                                  0x0800c54d   Data           0  lc_ctype_c.o(locale$$data)
    SHT$$INIT_ARRAY$$Base                    0x0800c650   Number         0  usbd_conf.o(.init_array)
    SHT$$INIT_ARRAY$$Limit                   0x0800c65c   Number         0  init_aeabi.o(.init_array)
    PreviousVal                              0x20000194   Data           4  hal_tick.o(.data)
    SystemCoreClock                          0x20000198   Data           4  system_stm32f4xx.o(.data)
    stdio_uart_inited                        0x200001e0   Data           4  serial_api.o(.data)
    uwTick                                   0x200001e8   Data           4  stm32f4xx_hal.o(.data)
    mbed::FileBase::_head                    0x200001f0   Data           4  filebase.o(.data)
    mbed::FileBase::_mutex                   0x200001f4   Data           8  filebase.o(.data)
    mbed::SPI::_owner                        0x20000214   Data           4  spi.o(.data)
    mbed::SPI::_mutex                        0x20000218   Data           8  spi.o(.data)
    USBD_CDC_CfgHSDesc                       0x20000230   Data          67  usbd_cdc.o(.data)
    USBD_CDC_CfgFSDesc                       0x20000274   Data          67  usbd_cdc.o(.data)
    USBD_CDC_OtherSpeedCfgDesc               0x200002b8   Data          67  usbd_cdc.o(.data)
    USBD_CDC                                 0x200002fc   Data          56  usbd_cdc.o(.data)
    USBD_Interface_fops_FS                   0x20000334   Data          16  usbd_cdc_if.o(.data)
    FS_Desc                                  0x20000350   Data          28  usbd_desc.o(.data)
    USBD_LangIDDesc                          0x2000036c   Data           4  usbd_desc.o(.data)
    USBD_FS_DeviceDesc                       0x20000370   Data          18  usbd_desc.o(.data)
    __aeabi_stdin                            0x20000440   Data           4  stdio_streams.o(.data)
    __aeabi_stdout                           0x20000444   Data           4  stdio_streams.o(.data)
    __aeabi_stderr                           0x20000448   Data           4  stdio_streams.o(.data)
    TimMasterHandle                          0x20000450   Data          60  hal_tick.o(.bss)
    stdio_uart                               0x200008c0   Data          76  serial_api.o(.bss)
    hUsbDeviceFS                             0x200009e0   Data         548  usb_device.o(.bss)
    UserRxBufferFS                           0x20000c04   Data        8200  usbd_cdc_if.o(.bss)
    UserTxBufferFS                           0x20002c0c   Data        8200  usbd_cdc_if.o(.bss)
    hpcd_USB_OTG_FS                          0x20004c14   Data         952  usbd_conf.o(.bss)
    pcf                                      0x20004fcc   Data         212  usbd_conf.o(.bss)
    USBD_StrDesc                             0x200050a0   Data         512  usbd_desc.o(.bss)
    Usbmanager                               0x200065ac   Data       12044  main.o(.bss)
    pc                                       0x200094b8   Data         212  board.o(.bss)
    Sx1308                                   0x2000958c   Data         216  board.o(.bss)
    FEM_EN                                   0x20009664   Data          16  board.o(.bss)
    RADIO_RST                                0x20009674   Data          16  board.o(.bss)
    HSCLKEN                                  0x20009684   Data          16  board.o(.bss)
    __stdin                                  0x20009694   Data          84  stdio_streams.o(.bss)
    __stdout                                 0x200096e8   Data          84  stdio_streams.o(.bss)
    __stderr                                 0x2000973c   Data          84  stdio_streams.o(.bss)
    Image$$RW_IRAM1$$ZI$$Limit               0x200097b0   Number         0  anon$$obj.o ABSOLUTE



==============================================================================

Memory Map of the image

  Image Entry point : 0x08000195

  Load Region LR_IROM1 (Base: 0x08000000, Size: 0x0000c918, Max: 0x00060000, ABSOLUTE, COMPRESSED[0x0000c744])

    Execution Region ER_IROM1 (Base: 0x08000000, Size: 0x0000c65c, Max: 0x00060000, ABSOLUTE)

    Base Addr    Size         Type   Attr      Idx    E Section Name        Object

    0x08000000   0x00000194   Data   RO         7789    RESET               startup_stm32f401xe.o
    0x08000194   0x00000008   Code   RO        14159  * !!!main             c_w.l(__main.o)
    0x0800019c   0x00000034   Code   RO        14864    !!!scatter          c_w.l(__scatter.o)
    0x080001d0   0x0000005a   Code   RO        14862    !!dczerorl2         c_w.l(__dczerorl2.o)
    0x0800022a   0x00000002   PAD
    0x0800022c   0x0000001c   Code   RO        14866    !!handler_zi        c_w.l(__scatter_zi.o)
    0x08000248   0x00000000   Code   RO        14091    .ARM.Collect$$_printf_percent$$00000000  c_w.l(_printf_percent.o)
    0x08000248   0x00000006   Code   RO        14371    .ARM.Collect$$_printf_percent$$00000001  c_w.l(_printf_n.o)
    0x0800024e   0x00000006   Code   RO        14089    .ARM.Collect$$_printf_percent$$00000002  c_w.l(_printf_p.o)
    0x08000254   0x00000006   Code   RO        14376    .ARM.Collect$$_printf_percent$$00000003  c_w.l(_printf_f.o)
    0x0800025a   0x00000006   Code   RO        14377    .ARM.Collect$$_printf_percent$$00000004  c_w.l(_printf_e.o)
    0x08000260   0x00000006   Code   RO        14378    .ARM.Collect$$_printf_percent$$00000005  c_w.l(_printf_g.o)
    0x08000266   0x00000006   Code   RO        14379    .ARM.Collect$$_printf_percent$$00000006  c_w.l(_printf_a.o)
    0x0800026c   0x0000000a   Code   RO        14384    .ARM.Collect$$_printf_percent$$00000007  c_w.l(_printf_ll.o)
    0x08000276   0x00000006   Code   RO        14374    .ARM.Collect$$_printf_percent$$00000008  c_w.l(_printf_i.o)
    0x0800027c   0x00000006   Code   RO        14375    .ARM.Collect$$_printf_percent$$00000009  c_w.l(_printf_d.o)
    0x08000282   0x00000006   Code   RO        14090    .ARM.Collect$$_printf_percent$$0000000A  c_w.l(_printf_u.o)
    0x08000288   0x00000006   Code   RO        14373    .ARM.Collect$$_printf_percent$$0000000B  c_w.l(_printf_o.o)
    0x0800028e   0x00000006   Code   RO        14372    .ARM.Collect$$_printf_percent$$0000000C  c_w.l(_printf_x.o)
    0x08000294   0x00000006   Code   RO        14381    .ARM.Collect$$_printf_percent$$0000000D  c_w.l(_printf_lli.o)
    0x0800029a   0x00000006   Code   RO        14382    .ARM.Collect$$_printf_percent$$0000000E  c_w.l(_printf_lld.o)
    0x080002a0   0x00000006   Code   RO        14383    .ARM.Collect$$_printf_percent$$0000000F  c_w.l(_printf_llu.o)
    0x080002a6   0x00000006   Code   RO        14388    .ARM.Collect$$_printf_percent$$00000010  c_w.l(_printf_llo.o)
    0x080002ac   0x00000006   Code   RO        14389    .ARM.Collect$$_printf_percent$$00000011  c_w.l(_printf_llx.o)
    0x080002b2   0x0000000a   Code   RO        14385    .ARM.Collect$$_printf_percent$$00000012  c_w.l(_printf_l.o)
    0x080002bc   0x00000006   Code   RO        14369    .ARM.Collect$$_printf_percent$$00000013  c_w.l(_printf_c.o)
    0x080002c2   0x00000006   Code   RO        14370    .ARM.Collect$$_printf_percent$$00000014  c_w.l(_printf_s.o)
    0x080002c8   0x00000006   Code   RO        14386    .ARM.Collect$$_printf_percent$$00000015  c_w.l(_printf_lc.o)
    0x080002ce   0x00000006   Code   RO        14387    .ARM.Collect$$_printf_percent$$00000016  c_w.l(_printf_ls.o)
    0x080002d4   0x00000004   Code   RO        14380    .ARM.Collect$$_printf_percent$$00000017  c_w.l(_printf_percent_end.o)
    0x080002d8   0x00000002   Code   RO        14737    .ARM.Collect$$libinit$$00000000  c_w.l(libinit.o)
    0x080002da   0x00000004   Code   RO        14443    .ARM.Collect$$libinit$$00000001  c_w.l(libinit2.o)
    0x080002de   0x00000000   Code   RO        14446    .ARM.Collect$$libinit$$00000004  c_w.l(libinit2.o)
    0x080002de   0x00000008   Code   RO        14447    .ARM.Collect$$libinit$$00000005  c_w.l(libinit2.o)
    0x080002e6   0x00000000   Code   RO        14449    .ARM.Collect$$libinit$$0000000A  c_w.l(libinit2.o)
    0x080002e6   0x00000000   Code   RO        14451    .ARM.Collect$$libinit$$0000000C  c_w.l(libinit2.o)
    0x080002e6   0x00000000   Code   RO        14453    .ARM.Collect$$libinit$$0000000E  c_w.l(libinit2.o)
    0x080002e6   0x00000006   Code   RO        14454    .ARM.Collect$$libinit$$0000000F  c_w.l(libinit2.o)
    0x080002ec   0x00000000   Code   RO        14456    .ARM.Collect$$libinit$$00000011  c_w.l(libinit2.o)
    0x080002ec   0x0000000c   Code   RO        14457    .ARM.Collect$$libinit$$00000012  c_w.l(libinit2.o)
    0x080002f8   0x00000000   Code   RO        14458    .ARM.Collect$$libinit$$00000013  c_w.l(libinit2.o)
    0x080002f8   0x00000000   Code   RO        14460    .ARM.Collect$$libinit$$00000015  c_w.l(libinit2.o)
    0x080002f8   0x0000000a   Code   RO        14461    .ARM.Collect$$libinit$$00000016  c_w.l(libinit2.o)
    0x08000302   0x00000000   Code   RO        14462    .ARM.Collect$$libinit$$00000017  c_w.l(libinit2.o)
    0x08000302   0x00000000   Code   RO        14464    .ARM.Collect$$libinit$$00000019  c_w.l(libinit2.o)
    0x08000302   0x00000000   Code   RO        14466    .ARM.Collect$$libinit$$0000001B  c_w.l(libinit2.o)
    0x08000302   0x00000000   Code   RO        14468    .ARM.Collect$$libinit$$0000001D  c_w.l(libinit2.o)
    0x08000302   0x00000000   Code   RO        14470    .ARM.Collect$$libinit$$0000001F  c_w.l(libinit2.o)
    0x08000302   0x00000000   Code   RO        14472    .ARM.Collect$$libinit$$00000021  c_w.l(libinit2.o)
    0x08000302   0x00000000   Code   RO        14474    .ARM.Collect$$libinit$$00000023  c_w.l(libinit2.o)
    0x08000302   0x00000004   Code   RO        14475    .ARM.Collect$$libinit$$00000024  c_w.l(libinit2.o)
    0x08000306   0x00000000   Code   RO        14476    .ARM.Collect$$libinit$$00000025  c_w.l(libinit2.o)
    0x08000306   0x00000000   Code   RO        14480    .ARM.Collect$$libinit$$0000002C  c_w.l(libinit2.o)
    0x08000306   0x00000000   Code   RO        14482    .ARM.Collect$$libinit$$0000002E  c_w.l(libinit2.o)
    0x08000306   0x00000000   Code   RO        14484    .ARM.Collect$$libinit$$00000030  c_w.l(libinit2.o)
    0x08000306   0x00000004   Code   RO        14485    .ARM.Collect$$libinit$$00000031  c_w.l(libinit2.o)
    0x0800030a   0x00000000   Code   RO        14486    .ARM.Collect$$libinit$$00000032  c_w.l(libinit2.o)
    0x0800030a   0x00000002   Code   RO        14487    .ARM.Collect$$libinit$$00000033  c_w.l(libinit2.o)
    0x0800030c   0x00000000   Code   RO        14630    .ARM.Collect$$libshutdown$$00000002  c_w.l(libshutdown2.o)
    0x0800030c   0x00000000   Code   RO        14632    .ARM.Collect$$libshutdown$$00000004  c_w.l(libshutdown2.o)
    0x0800030c   0x00000000   Code   RO        14309    .ARM.Collect$$rtentry$$00000000  c_w.l(__rtentry.o)
    0x0800030c   0x00000000   Code   RO        14529    .ARM.Collect$$rtentry$$00000002  c_w.l(__rtentry2.o)
    0x0800030c   0x00000006   Code   RO        14541    .ARM.Collect$$rtentry$$00000004  c_w.l(__rtentry4.o)
    0x08000312   0x00000000   Code   RO        14531    .ARM.Collect$$rtentry$$00000009  c_w.l(__rtentry2.o)
    0x08000312   0x00000004   Code   RO        14532    .ARM.Collect$$rtentry$$0000000A  c_w.l(__rtentry2.o)
    0x08000316   0x00000000   Code   RO        14534    .ARM.Collect$$rtentry$$0000000C  c_w.l(__rtentry2.o)
    0x08000316   0x00000008   Code   RO        14535    .ARM.Collect$$rtentry$$0000000D  c_w.l(__rtentry2.o)
    0x0800031e   0x00000002   PAD
    0x08000320   0x00000000   Code   RO        14547    .emb_text           c_w.l(maybetermalloc1.o)
    0x08000320   0x00000024   Code   RO         7790    .text               startup_stm32f401xe.o
    0x08000344   0x0000005e   Code   RO        13968    .text               c_w.l(h1_alloc.o)
    0x080003a2   0x0000004e   Code   RO        13970    .text               c_w.l(h1_free.o)
    0x080003f0   0x00000026   Code   RO        14026    .text               c_w.l(llshl.o)
    0x08000416   0x00000002   PAD
    0x08000418   0x00000024   Code   RO        14028    .text               c_w.l(vsprintf.o)
    0x0800043c   0x0000000a   Code   RO        14030    .text               c_w.l(c89vfprintf.o)
    0x08000446   0x00000002   PAD
    0x08000448   0x0000002c   Code   RO        14038    .text               c_w.l(__2sprintf.o)
    0x08000474   0x00000078   Code   RO        14046    .text               c_w.l(_printf_dec.o)
    0x080004ec   0x00000094   Code   RO        14066    .text               c_w.l(_printf_hex_int_ll_ptr.o)
    0x08000580   0x00000188   Code   RO        14086    .text               c_w.l(__printf_flags_ss_wp.o)
    0x08000708   0x0000003c   Code   RO        14094    .text               c_w.l(__0sscanf.o)
    0x08000744   0x0000014c   Code   RO        14096    .text               c_w.l(_scanf_int.o)
    0x08000890   0x00000064   Code   RO        14098    .text               c_w.l(fflush.o)
    0x080008f4   0x000000ec   Code   RO        14112    .text               c_w.l(fopen.o)
    0x080009e0   0x00000014   Code   RO        14114    .text               c_w.l(setbuf.o)
    0x080009f4   0x0000004c   Code   RO        14122    .text               c_w.l(fclose.o)
    0x08000a40   0x0000002e   Code   RO        14137    .text               c_w.l(aeabi_atexit.o)
    0x08000a6e   0x0000003e   Code   RO        14140    .text               c_w.l(strlen.o)
    0x08000aac   0x00000096   Code   RO        14142    .text               c_w.l(strncmp.o)
    0x08000b42   0x0000008a   Code   RO        14144    .text               c_w.l(rt_memcpy_v6.o)
    0x08000bcc   0x00000064   Code   RO        14146    .text               c_w.l(rt_memcpy_w.o)
    0x08000c30   0x0000004e   Code   RO        14148    .text               c_w.l(rt_memclr_w.o)
    0x08000c7e   0x00000002   PAD
    0x08000c80   0x00000080   Code   RO        14152    .text               c_w.l(strcmpv7m.o)
    0x08000d00   0x00000024   Code   RO        14164    .text               c_w.l(init_aeabi.o)
    0x08000d24   0x00000008   Code   RO        14310    .text               c_w.l(rt_heap_descriptor.o)
    0x08000d2c   0x00000008   Code   RO        14315    .text               c_w.l(rt_ddtor_pointer_addr.o)
    0x08000d34   0x00000004   Code   RO        14320    .text               c_w.l(hguard.o)
    0x08000d38   0x0000008a   Code   RO        14322    .text               c_w.l(init_alloc.o)
    0x08000dc2   0x0000000e   Code   RO        14326    .text               c_w.l(h1_init.o)
    0x08000dd0   0x0000004e   Code   RO        14340    .text               c_w.l(_printf_pad.o)
    0x08000e1e   0x00000024   Code   RO        14342    .text               c_w.l(_printf_truncate.o)
    0x08000e42   0x00000052   Code   RO        14344    .text               c_w.l(_printf_str.o)
    0x08000e94   0x000000b2   Code   RO        14346    .text               c_w.l(_printf_intcommon.o)
    0x08000f46   0x00000028   Code   RO        14348    .text               c_w.l(_printf_charcount.o)
    0x08000f6e   0x00000002   PAD
    0x08000f70   0x00000030   Code   RO        14350    .text               c_w.l(_printf_char_common.o)
    0x08000fa0   0x0000000a   Code   RO        14352    .text               c_w.l(_sputc.o)
    0x08000faa   0x00000002   PAD
    0x08000fac   0x00000024   Code   RO        14356    .text               c_w.l(_printf_char_file.o)
    0x08000fd0   0x000000bc   Code   RO        14358    .text               c_w.l(_printf_wctomb.o)
    0x0800108c   0x0000007c   Code   RO        14361    .text               c_w.l(_printf_longlong_dec.o)
    0x08001108   0x00000070   Code   RO        14367    .text               c_w.l(_printf_oct_int_ll.o)
    0x08001178   0x0000001c   Code   RO        14390    .text               c_w.l(_chval.o)
    0x08001194   0x0000002c   Code   RO        14396    .text               c_w.l(scanf_char.o)
    0x080011c0   0x00000040   Code   RO        14398    .text               c_w.l(_sgetc.o)
    0x08001200   0x00000008   Code   RO        14408    .text               c_w.l(ferror.o)
    0x08001208   0x000001d6   Code   RO        14412    .text               c_w.l(flsbuf.o)
    0x080013de   0x00000002   PAD
    0x080013e0   0x000000f8   Code   RO        14414    .text               c_w.l(fseek.o)
    0x080014d8   0x00000046   Code   RO        14416    .text               c_w.l(setvbuf.o)
    0x0800151e   0x00000002   PAD
    0x08001520   0x000000f0   Code   RO        14418    .text               c_w.l(stdio.o)
    0x08001610   0x00000138   Code   RO        14421    .text               c_w.l(initio.o)
    0x08001748   0x00000042   Code   RO        14429    .text               c_w.l(cxa_finalize.o)
    0x0800178a   0x0000000e   Code   RO        14432    .text               c_w.l(defsig_pvfn_outer.o)
    0x08001798   0x00000034   Code   RO        14549    .text               c_w.l(h1_extend.o)
    0x080017cc   0x0000008a   Code   RO        14553    .text               c_w.l(lludiv10.o)
    0x08001856   0x00000012   Code   RO        14555    .text               c_w.l(isspace.o)
    0x08001868   0x0000041a   Code   RO        14557    .text               c_w.l(_printf_fp_dec.o)
    0x08001c82   0x00000002   PAD
    0x08001c84   0x000002fc   Code   RO        14559    .text               c_w.l(_printf_fp_hex.o)
    0x08001f80   0x0000002c   Code   RO        14564    .text               c_w.l(_printf_char.o)
    0x08001fac   0x0000002c   Code   RO        14568    .text               c_w.l(_printf_wchar.o)
    0x08001fd8   0x00000374   Code   RO        14570    .text               c_w.l(_scanf.o)
    0x0800234c   0x00000042   Code   RO        14580    .text               c_w.l(ftell.o)
    0x0800238e   0x00000040   Code   RO        14606    .text               c_w.l(_wcrtomb.o)
    0x080023ce   0x0000000a   Code   RO        14608    .text               c_w.l(defsig_exit.o)
    0x080023d8   0x0000000e   Code   RO        14610    .text               c_w.l(defsig_rtred_outer.o)
    0x080023e6   0x0000000e   Code   RO        14614    .text               c_w.l(defsig_rtmem_outer.o)
    0x080023f4   0x00000030   Code   RO        14618    .text               c_w.l(defsig_pvfn_inner.o)
    0x08002424   0x00000050   Code   RO        14622    .text               c_w.l(heapauxa.o)
    0x08002474   0x0000000c   Code   RO        14665    .text               c_w.l(sys_exit.o)
    0x08002480   0x00000010   Code   RO        14667    .text               c_w.l(rt_ctype_table.o)
    0x08002490   0x00000008   Code   RO        14669    .text               c_w.l(rt_locale.o)
    0x08002498   0x00000008   Code   RO        14679    .text               c_w.l(rt_errno_addr.o)
    0x080024a0   0x00000080   Code   RO        14686    .text               c_w.l(_printf_fp_infnan.o)
    0x08002520   0x000000dc   Code   RO        14688    .text               c_w.l(bigflt0.o)
    0x080025fc   0x00000032   Code   RO        14722    .text               c_w.l(defsig_general.o)
    0x0800262e   0x00000002   PAD
    0x08002630   0x00000034   Code   RO        14724    .text               c_w.l(defsig_rtred_inner.o)
    0x08002664   0x00000050   Code   RO        14726    .text               c_w.l(defsig_rtmem_inner.o)
    0x080026b4   0x0000000e   Code   RO        14771    .text               c_w.l(sys_wrch.o)
    0x080026c2   0x00000002   Code   RO        14773    .text               c_w.l(use_no_semi.o)
    0x080026c4   0x00000000   Code   RO        14775    .text               c_w.l(indicate_semi.o)
    0x080026c4   0x0000003e   Code   RO        14691    CL$$btod_d2e        c_w.l(btod.o)
    0x08002702   0x00000046   Code   RO        14693    CL$$btod_d2e_denorm_low  c_w.l(btod.o)
    0x08002748   0x00000060   Code   RO        14692    CL$$btod_d2e_norm_op1  c_w.l(btod.o)
    0x080027a8   0x00000338   Code   RO        14701    CL$$btod_div_common  c_w.l(btod.o)
    0x08002ae0   0x000000c6   Code   RO        14698    CL$$btod_e2e        c_w.l(btod.o)
    0x08002ba6   0x00000028   Code   RO        14695    CL$$btod_ediv       c_w.l(btod.o)
    0x08002bce   0x00000028   Code   RO        14694    CL$$btod_emul       c_w.l(btod.o)
    0x08002bf6   0x00000244   Code   RO        14700    CL$$btod_mult_common  c_w.l(btod.o)
    0x08002e3a   0x00000012   Code   RO        10445    i.$Sub$$main        retarget.o
    0x08002e4c   0x00000008   Code   RO        10831    i.<Func3>           serialbase.o
    0x08002e54   0x00000002   Code   RO        11606    i.BusFault_Handler  stm32f4xx_it.o
    0x08002e56   0x00000002   PAD
    0x08002e58   0x00000018   Code   RO        12110    i.CDC_Receive_FSP   usbd_cdc_if.o
    0x08002e70   0x0000002c   Code   RO        12111    i.CDC_Transmit_FS   usbd_cdc_if.o
    0x08002e9c   0x00000002   Code   RO        11607    i.DebugMon_Handler  stm32f4xx_it.o
    0x08002e9e   0x00000024   Code   RO         2471    i.HAL_DMA_Abort_IT  stm32f4xx_hal_dma.o
    0x08002ec2   0x00000020   Code   RO          842    i.HAL_Delay         mbed_overrides.o
    0x08002ee2   0x00000002   PAD
    0x08002ee4   0x00000204   Code   RO         2923    i.HAL_GPIO_Init     stm32f4xx_hal_gpio.o
    0x080030e8   0x0000000c   Code   RO         1480    i.HAL_GetTick       stm32f4xx_hal.o
    0x080030f4   0x00000010   Code   RO         1481    i.HAL_IncTick       stm32f4xx_hal.o
    0x08003104   0x00000034   Code   RO         1482    i.HAL_Init          stm32f4xx_hal.o
    0x08003138   0x000000b4   Code   RO          259    i.HAL_InitTick      hal_tick.o
    0x080031ec   0x00000002   Code   RO         4118    i.HAL_MspInit       stm32f4xx_hal_msp_template.o
    0x080031ee   0x00000018   Code   RO         2133    i.HAL_NVIC_EnableIRQ  stm32f4xx_hal_cortex.o
    0x08003206   0x00000002   PAD
    0x08003208   0x00000064   Code   RO         2139    i.HAL_NVIC_SetPriority  stm32f4xx_hal_cortex.o
    0x0800326c   0x00000024   Code   RO         2140    i.HAL_NVIC_SetPriorityGrouping  stm32f4xx_hal_cortex.o
    0x08003290   0x00000008   Code   RO         4437    i.HAL_PCDEx_SetRxFiFo  stm32f4xx_hal_pcd_ex.o
    0x08003298   0x0000004e   Code   RO         4438    i.HAL_PCDEx_SetTxFiFo  stm32f4xx_hal_pcd_ex.o
    0x080032e6   0x00000008   Code   RO        12177    i.HAL_PCD_ConnectCallback  usbd_conf.o
    0x080032ee   0x00000012   Code   RO        12178    i.HAL_PCD_DataInStageCallback  usbd_conf.o
    0x08003300   0x000000ac   Code   RO        12179    i.HAL_PCD_DataOutStageCallback  usbd_conf.o
    0x080033ac   0x00000008   Code   RO        12180    i.HAL_PCD_DisconnectCallback  usbd_conf.o
    0x080033b4   0x00000046   Code   RO         4237    i.HAL_PCD_EP_Close  stm32f4xx_hal_pcd.o
    0x080033fa   0x0000004e   Code   RO         4238    i.HAL_PCD_EP_ClrStall  stm32f4xx_hal_pcd.o
    0x08003448   0x00000014   Code   RO         4240    i.HAL_PCD_EP_GetRxCount  stm32f4xx_hal_pcd.o
    0x0800345c   0x00000058   Code   RO         4241    i.HAL_PCD_EP_Open   stm32f4xx_hal_pcd.o
    0x080034b4   0x0000005e   Code   RO         4242    i.HAL_PCD_EP_Receive  stm32f4xx_hal_pcd.o
    0x08003512   0x0000005e   Code   RO         4243    i.HAL_PCD_EP_SetStall  stm32f4xx_hal_pcd.o
    0x08003570   0x0000005a   Code   RO         4244    i.HAL_PCD_EP_Transmit  stm32f4xx_hal_pcd.o
    0x080035ca   0x00000002   PAD
    0x080035cc   0x000004ee   Code   RO         4246    i.HAL_PCD_IRQHandler  stm32f4xx_hal_pcd.o
    0x08003aba   0x00000008   Code   RO        12181    i.HAL_PCD_ISOINIncompleteCallback  usbd_conf.o
    0x08003ac2   0x00000008   Code   RO        12182    i.HAL_PCD_ISOOUTIncompleteCallback  usbd_conf.o
    0x08003aca   0x000000d4   Code   RO         4249    i.HAL_PCD_Init      stm32f4xx_hal_pcd.o
    0x08003b9e   0x00000002   PAD
    0x08003ba0   0x0000006c   Code   RO        12184    i.HAL_PCD_MspInit   usbd_conf.o
    0x08003c0c   0x00000022   Code   RO        12185    i.HAL_PCD_ResetCallback  usbd_conf.o
    0x08003c2e   0x00000008   Code   RO        12186    i.HAL_PCD_ResumeCallback  usbd_conf.o
    0x08003c36   0x00000002   PAD
    0x08003c38   0x0000002c   Code   RO        12187    i.HAL_PCD_SOFCallback  usbd_conf.o
    0x08003c64   0x00000024   Code   RO         4255    i.HAL_PCD_SetAddress  stm32f4xx_hal_pcd.o
    0x08003c88   0x0000000e   Code   RO        12188    i.HAL_PCD_SetupStageCallback  usbd_conf.o
    0x08003c96   0x0000002a   Code   RO         4257    i.HAL_PCD_Start     stm32f4xx_hal_pcd.o
    0x08003cc0   0x00000034   Code   RO        12189    i.HAL_PCD_SuspendCallback  usbd_conf.o
    0x08003cf4   0x00000198   Code   RO         4700    i.HAL_RCC_ClockConfig  stm32f4xx_hal_rcc.o
    0x08003e8c   0x00000030   Code   RO         4707    i.HAL_RCC_GetPCLK1Freq  stm32f4xx_hal_rcc.o
    0x08003ebc   0x00000030   Code   RO         4708    i.HAL_RCC_GetPCLK2Freq  stm32f4xx_hal_rcc.o
    0x08003eec   0x00000094   Code   RO         4709    i.HAL_RCC_GetSysClockFreq  stm32f4xx_hal_rcc.o
    0x08003f80   0x0000036c   Code   RO         4712    i.HAL_RCC_OscConfig  stm32f4xx_hal_rcc.o
    0x080042ec   0x0000008c   Code   RO         5680    i.HAL_SPI_Init      stm32f4xx_hal_spi.o
    0x08004378   0x00000002   Code   RO         5682    i.HAL_SPI_MspInit   stm32f4xx_hal_spi.o
    0x0800437a   0x00000002   Code   RO         2143    i.HAL_SYSTICK_Callback  stm32f4xx_hal_cortex.o
    0x0800437c   0x00000008   Code   RO         2145    i.HAL_SYSTICK_IRQHandler  stm32f4xx_hal_cortex.o
    0x08004384   0x00000036   Code   RO         6025    i.HAL_TIM_OC_Init   stm32f4xx_hal_tim.o
    0x080043ba   0x00000002   Code   RO         6027    i.HAL_TIM_OC_MspInit  stm32f4xx_hal_tim.o
    0x080043bc   0x00000036   Code   RO         6028    i.HAL_TIM_OC_Start  stm32f4xx_hal_tim.o
    0x080043f2   0x00000030   Code   RO         1129    i.HAL_UART_ErrorCallback  serial_api.o
    0x08004422   0x00000002   PAD
    0x08004424   0x00000290   Code   RO         6822    i.HAL_UART_IRQHandler  stm32f4xx_hal_uart.o
    0x080046b4   0x00000062   Code   RO         6823    i.HAL_UART_Init     stm32f4xx_hal_uart.o
    0x08004716   0x00000002   Code   RO         6825    i.HAL_UART_MspInit  stm32f4xx_hal_uart.o
    0x08004718   0x00000002   Code   RO         6829    i.HAL_UART_RxCpltCallback  stm32f4xx_hal_uart.o
    0x0800471a   0x00000012   Code   RO         1130    i.HAL_UART_TxCpltCallback  serial_api.o
    0x0800472c   0x00000002   Code   RO        11608    i.HardFault_Handler  stm32f4xx_it.o
    0x0800472e   0x00000002   PAD
    0x08004730   0x00000038   Code   RO        11891    i.MX_USB_DEVICE_Init  usb_device.o
    0x08004768   0x00000002   Code   RO        11609    i.MemManage_Handler  stm32f4xx_it.o
    0x0800476a   0x00000002   Code   RO        11610    i.NMI_Handler       stm32f4xx_it.o
    0x0800476c   0x0000000c   Code   RO        11611    i.OTG_FS_IRQHandler  stm32f4xx_it.o
    0x08004778   0x00000002   Code   RO        11612    i.PendSV_Handler    stm32f4xx_it.o
    0x0800477a   0x00000002   Code   RO        11613    i.SVC_Handler       stm32f4xx_it.o
    0x0800477c   0x000000f4   Code   RO          371    i.SetSysClock       system_stm32f4xx.o
    0x08004870   0x000000d0   Code   RO          882    i.Set_GPIO_Clock    pinmap.o
    0x08004940   0x0000000e   Code   RO        11614    i.SysTick_Handler   stm32f4xx_it.o
    0x0800494e   0x00000002   PAD
    0x08004950   0x00000084   Code   RO          374    i.SystemCoreClockUpdate  system_stm32f4xx.o
    0x080049d4   0x00000088   Code   RO          375    i.SystemInit        system_stm32f4xx.o
    0x08004a5c   0x00000094   Code   RO         6062    i.TIM_Base_SetConfig  stm32f4xx_hal_tim.o
    0x08004af0   0x00000010   Code   RO         6836    i.UART_DMAAbortOnError  stm32f4xx_hal_uart.o
    0x08004b00   0x00000344   Code   RO         6842    i.UART_SetConfig    stm32f4xx_hal_uart.o
    0x08004e44   0x00000030   Code   RO        11952    i.USBD_CDC_ReceivePacket  usbd_cdc.o
    0x08004e74   0x00000010   Code   RO        11953    i.USBD_CDC_RegisterInterface  usbd_cdc.o
    0x08004e84   0x0000000c   Code   RO        11954    i.USBD_CDC_SetRxBuffer  usbd_cdc.o
    0x08004e90   0x00000010   Code   RO        11955    i.USBD_CDC_SetTxBuffer  usbd_cdc.o
    0x08004ea0   0x00000034   Code   RO        11956    i.USBD_CDC_TransmitPacket  usbd_cdc.o
    0x08004ed4   0x0000000e   Code   RO        12451    i.USBD_ClrClassConfig  usbd_core.o
    0x08004ee2   0x00000010   Code   RO        12754    i.USBD_CtlContinueRx  usbd_ioreq.o
    0x08004ef2   0x00000010   Code   RO        12755    i.USBD_CtlContinueSendData  usbd_ioreq.o
    0x08004f02   0x0000001e   Code   RO        12756    i.USBD_CtlPrepareRx  usbd_ioreq.o
    0x08004f20   0x00000016   Code   RO        12757    i.USBD_CtlReceiveStatus  usbd_ioreq.o
    0x08004f36   0x0000001a   Code   RO        12758    i.USBD_CtlSendData  usbd_ioreq.o
    0x08004f50   0x00000016   Code   RO        12759    i.USBD_CtlSendStatus  usbd_ioreq.o
    0x08004f66   0x00000002   PAD
    0x08004f68   0x00000068   Code   RO        12613    i.USBD_GetString    usbd_ctlreq.o
    0x08004fd0   0x00000030   Code   RO        12453    i.USBD_Init         usbd_core.o
    0x08005000   0x0000000e   Code   RO        12190    i.USBD_LL_ClearStallEP  usbd_conf.o
    0x0800500e   0x0000000e   Code   RO        12191    i.USBD_LL_CloseEP   usbd_conf.o
    0x0800501c   0x000000b0   Code   RO        12454    i.USBD_LL_DataInStage  usbd_core.o
    0x080050cc   0x0000006a   Code   RO        12455    i.USBD_LL_DataOutStage  usbd_core.o
    0x08005136   0x00000004   Code   RO        12456    i.USBD_LL_DevConnected  usbd_core.o
    0x0800513a   0x00000016   Code   RO        12457    i.USBD_LL_DevDisconnected  usbd_core.o
    0x08005150   0x00000008   Code   RO        12195    i.USBD_LL_GetRxDataSize  usbd_conf.o
    0x08005158   0x00000068   Code   RO        12196    i.USBD_LL_Init      usbd_conf.o
    0x080051c0   0x00000020   Code   RO        12197    i.USBD_LL_IsStallEP  usbd_conf.o
    0x080051e0   0x00000004   Code   RO        12458    i.USBD_LL_IsoINIncomplete  usbd_core.o
    0x080051e4   0x00000004   Code   RO        12459    i.USBD_LL_IsoOUTIncomplete  usbd_core.o
    0x080051e8   0x00000014   Code   RO        12198    i.USBD_LL_OpenEP    usbd_conf.o
    0x080051fc   0x0000000e   Code   RO        12199    i.USBD_LL_PrepareReceive  usbd_conf.o
    0x0800520a   0x0000003e   Code   RO        12460    i.USBD_LL_Reset     usbd_core.o
    0x08005248   0x0000000c   Code   RO        12461    i.USBD_LL_Resume    usbd_core.o
    0x08005254   0x0000001a   Code   RO        12462    i.USBD_LL_SOF       usbd_core.o
    0x0800526e   0x00000006   Code   RO        12463    i.USBD_LL_SetSpeed  usbd_core.o
    0x08005274   0x0000000e   Code   RO        12200    i.USBD_LL_SetUSBAddress  usbd_conf.o
    0x08005282   0x0000005e   Code   RO        12464    i.USBD_LL_SetupStage  usbd_core.o
    0x080052e0   0x0000000e   Code   RO        12201    i.USBD_LL_StallEP   usbd_conf.o
    0x080052ee   0x0000000e   Code   RO        12202    i.USBD_LL_Start     usbd_conf.o
    0x080052fc   0x00000012   Code   RO        12465    i.USBD_LL_Suspend   usbd_core.o
    0x0800530e   0x0000000e   Code   RO        12204    i.USBD_LL_Transmit  usbd_conf.o
    0x0800531c   0x00000028   Code   RO        12614    i.USBD_ParseSetupRequest  usbd_ctlreq.o
    0x08005344   0x00000010   Code   RO        12466    i.USBD_RegisterClass  usbd_core.o
    0x08005354   0x00000018   Code   RO        12468    i.USBD_SetClassConfig  usbd_core.o
    0x0800536c   0x0000000a   Code   RO        12469    i.USBD_Start        usbd_core.o
    0x08005376   0x00000002   PAD
    0x08005378   0x00000290   Code   RO        12615    i.USBD_StdDevReq    usbd_ctlreq.o
    0x08005608   0x0000010a   Code   RO        12616    i.USBD_StdEPReq     usbd_ctlreq.o
    0x08005712   0x00000040   Code   RO        12617    i.USBD_StdItfReq    usbd_ctlreq.o
    0x08005752   0x00000002   PAD
    0x08005754   0x00000090   Code   RO         7457    i.USB_ActivateEndpoint  stm32f4xx_ll_usb.o
    0x080057e4   0x00000034   Code   RO         7458    i.USB_ActivateSetup  stm32f4xx_ll_usb.o
    0x08005818   0x000000b4   Code   RO         7460    i.USB_CoreInit      stm32f4xx_ll_usb.o
    0x080058cc   0x0000007c   Code   RO         7462    i.USB_DeactivateEndpoint  stm32f4xx_ll_usb.o
    0x08005948   0x00000018   Code   RO         7463    i.USB_DevConnect    stm32f4xx_ll_usb.o
    0x08005960   0x00000018   Code   RO         7464    i.USB_DevDisconnect  stm32f4xx_ll_usb.o
    0x08005978   0x00000174   Code   RO         7465    i.USB_DevInit       stm32f4xx_ll_usb.o
    0x08005aec   0x0000000c   Code   RO         7466    i.USB_DisableGlobalInt  stm32f4xx_ll_usb.o
    0x08005af8   0x00000158   Code   RO         7469    i.USB_EP0StartXfer  stm32f4xx_ll_usb.o
    0x08005c50   0x0000003e   Code   RO         7470    i.USB_EP0_OutStart  stm32f4xx_ll_usb.o
    0x08005c8e   0x00000064   Code   RO         7471    i.USB_EPClearStall  stm32f4xx_ll_usb.o
    0x08005cf2   0x00000064   Code   RO         7472    i.USB_EPSetStall    stm32f4xx_ll_usb.o
    0x08005d56   0x00000002   PAD
    0x08005d58   0x00000274   Code   RO         7473    i.USB_EPStartXfer   stm32f4xx_ll_usb.o
    0x08005fcc   0x0000000c   Code   RO         7474    i.USB_EnableGlobalInt  stm32f4xx_ll_usb.o
    0x08005fd8   0x00000028   Code   RO         7476    i.USB_FlushTxFifo   stm32f4xx_ll_usb.o
    0x08006000   0x0000003a   Code   RO         7478    i.USB_GetDevSpeed   stm32f4xx_ll_usb.o
    0x0800603a   0x00000008   Code   RO         7480    i.USB_GetMode       stm32f4xx_ll_usb.o
    0x08006042   0x0000000e   Code   RO         7487    i.USB_ReadDevAllInEpInterrupt  stm32f4xx_ll_usb.o
    0x08006050   0x0000000e   Code   RO         7488    i.USB_ReadDevAllOutEpInterrupt  stm32f4xx_ll_usb.o
    0x0800605e   0x0000001e   Code   RO         7489    i.USB_ReadDevInEPInterrupt  stm32f4xx_ll_usb.o
    0x0800607c   0x00000010   Code   RO         7490    i.USB_ReadDevOutEPInterrupt  stm32f4xx_ll_usb.o
    0x0800608c   0x00000008   Code   RO         7491    i.USB_ReadInterrupts  stm32f4xx_ll_usb.o
    0x08006094   0x0000003a   Code   RO         7492    i.USB_ReadPacket    stm32f4xx_ll_usb.o
    0x080060ce   0x0000002e   Code   RO         7494    i.USB_SetCurrentMode  stm32f4xx_ll_usb.o
    0x080060fc   0x00000022   Code   RO         7495    i.USB_SetDevAddress  stm32f4xx_ll_usb.o
    0x0800611e   0x00000002   PAD
    0x08006120   0x00000042   Code   RO         7499    i.USB_WritePacket   stm32f4xx_ll_usb.o
    0x08006162   0x00000002   Code   RO        11615    i.UsageFault_Handler  stm32f4xx_it.o
    0x08006164   0x00000058   Code   RO        13759    i._Z10lgw_reg_rbtPht  loragw_reg_pgw.o
    0x080061bc   0x0000006c   Code   RO        13760    i._Z10lgw_reg_wbtPht  loragw_reg_pgw.o
    0x08006228   0x00000024   Code   RO        12112    i._Z11CDC_Init_FSv  usbd_cdc_if.o
    0x0800624c   0x000003dc   Code   RO        13354    i._Z11lgw_receivehP12lgw_pkt_rx_s  loragw_hal.o
    0x08006628   0x00000004   Code   RO        12113    i._Z13CDC_DeInit_FSv  usbd_cdc_if.o
    0x0800662c   0x00000014   Code   RO        13865    i._Z13Error_Handlerv  main.o
    0x08006640   0x0000009a   Code   RO        11957    i._Z13USBD_CDC_InitP19_USBD_HandleTypeDefh  usbd_cdc.o
    0x080066da   0x00000002   PAD
    0x080066dc   0x000000c0   Code   RO        13763    i._Z13reg_w_align32Pvhh9lgw_reg_si  loragw_reg_pgw.o
    0x0800679c   0x00000004   Code   RO        12114    i._Z14CDC_Control_FShPht  usbd_cdc_if.o
    0x080067a0   0x00000018   Code   RO        12115    i._Z14CDC_Receive_FSPhPj  usbd_cdc_if.o
    0x080067b8   0x00000078   Code   RO        11958    i._Z14USBD_CDC_SetupP19_USBD_HandleTypeDefP13usb_setup_req  usbd_cdc.o
    0x08006830   0x00000016   Code   RO        11959    i._Z15USBD_CDC_DataInP19_USBD_HandleTypeDefh  usbd_cdc.o
    0x08006846   0x0000003c   Code   RO        11960    i._Z15USBD_CDC_DeInitP19_USBD_HandleTypeDefh  usbd_cdc.o
    0x08006882   0x00000036   Code   RO        13359    i._Z15lgw_get_trigcntPj  loragw_hal.o
    0x080068b8   0x00000030   Code   RO        11961    i._Z16USBD_CDC_DataOutP19_USBD_HandleTypeDefh  usbd_cdc.o
    0x080068e8   0x00000030   Code   RO        13361    i._Z16calibration_savev  loragw_hal.o
    0x08006918   0x00000228   Code   RO        13362    i._Z16lgw_rxif_setconfh15lgw_conf_rxif_s  loragw_hal.o
    0x08006b40   0x00000078   Code   RO        13363    i._Z16lgw_rxrf_setconfh15lgw_conf_rxrf_s  loragw_hal.o
    0x08006bb8   0x00000018   Code   RO        13365    i._Z17lgw_board_setconf16lgw_conf_board_s  loragw_hal.o
    0x08006bd0   0x00000090   Code   RO        13367    i._Z18lgw_txgain_setconfP17lgw_tx_gain_lut_s  loragw_hal.o
    0x08006c60   0x00000128   Code   RO        13368    i._Z19lgw_constant_adjustv  loragw_hal.o
    0x08006d88   0x00000026   Code   RO        11962    i._Z20USBD_CDC_EP0_RxReadyP19_USBD_HandleTypeDef  usbd_cdc.o
    0x08006dae   0x00000002   PAD
    0x08006db0   0x0000000c   Code   RO        11963    i._Z21USBD_CDC_GetFSCfgDescPt  usbd_cdc.o
    0x08006dbc   0x0000000c   Code   RO        11964    i._Z21USBD_CDC_GetHSCfgDescPt  usbd_cdc.o
    0x08006dc8   0x000000bc   Code   RO        13369    i._Z22calibrationoffset_savev  loragw_hal.o
    0x08006e84   0x0000000c   Code   RO        12676    i._Z24USBD_FS_DeviceDescriptor17USBD_SpeedTypeDefPt  usbd_desc.o
    0x08006e90   0x00000020   Code   RO        12677    i._Z27USBD_FS_ConfigStrDescriptor17USBD_SpeedTypeDefPt  usbd_desc.o
    0x08006eb0   0x0000000c   Code   RO        12678    i._Z27USBD_FS_LangIDStrDescriptor17USBD_SpeedTypeDefPt  usbd_desc.o
    0x08006ebc   0x00000024   Code   RO        12679    i._Z27USBD_FS_SerialStrDescriptor17USBD_SpeedTypeDefPt  usbd_desc.o
    0x08006ee0   0x00000030   Code   RO        12680    i._Z28USBD_FS_ProductStrDescriptor17USBD_SpeedTypeDefPt  usbd_desc.o
    0x08006f10   0x0000000c   Code   RO        11965    i._Z29USBD_CDC_GetOtherSpeedCfgDescPt  usbd_cdc.o
    0x08006f1c   0x00000024   Code   RO        12681    i._Z30USBD_FS_InterfaceStrDescriptor17USBD_SpeedTypeDefPt  usbd_desc.o
    0x08006f40   0x0000001c   Code   RO        12682    i._Z33USBD_FS_ManufacturerStrDescriptor17USBD_SpeedTypeDefPt  usbd_desc.o
    0x08006f5c   0x0000000c   Code   RO        11966    i._Z37USBD_CDC_GetDeviceQualifierDescriptorPt  usbd_cdc.o
    0x08006f68   0x00000478   Code   RO        13370    i._Z8lgw_send12lgw_pkt_tx_s  loragw_hal.o
    0x080073e0   0x000000dc   Code   RO        13765    i._Z9lgw_reg_rtPi   loragw_reg_pgw.o
    0x080074bc   0x00000094   Code   RO        13766    i._Z9lgw_reg_wti    loragw_reg_pgw.o
    0x08007550   0x000005e0   Code   RO        13371    i._Z9lgw_startv     loragw_hal.o
    0x08007b30   0x0000000e   Code   RO        13019    i._ZN10USBMANAGER10ReceiveCmdEv  cmdusb.o
    0x08007b3e   0x0000000e   Code   RO        13020    i._ZN10USBMANAGER13initBuftohostEv  cmdusb.o
    0x08007b4c   0x00000024   Code   RO        13022    i._ZN10USBMANAGER15initBuffromhostEv  cmdusb.o
    0x08007b70   0x0000002c   Code   RO        13024    i._ZN10USBMANAGER4initEv  cmdusb.o
    0x08007b9c   0x00000b98   Code   RO        13025    i._ZN10USBMANAGER9DecodeCmdEv  cmdusb.o
    0x08008734   0x0000000c   Code   RO        13026    i._ZN10USBMANAGERC1Ev  cmdusb.o
    0x08008740   0x00000052   Code   RO         8953    i._ZN4mbed10FileHandle4flenEv  filelike.o
    0x08008792   0x00000002   Code   RO         8960    i._ZN4mbed10FileHandle4lockEv  filelike.o
    0x08008794   0x00000002   Code   RO         8966    i._ZN4mbed10FileHandle6unlockEv  filelike.o
    0x08008796   0x00000002   PAD
    0x08008798   0x00000074   Code   RO        10447    i._ZN4mbed10FileHandleD2Ev  retarget.o
    0x0800880c   0x0000000e   Code   RO        10833    i._ZN4mbed10SerialBase10_base_putcEi  serialbase.o
    0x0800881a   0x00000016   Code   RO        10839    i._ZN4mbed10SerialBase12_irq_handlerEj9SerialIrq  serialbase.o
    0x08008830   0x0000003c   Code   RO        10843    i._ZN4mbed10SerialBase24interrupt_handler_asynchEv  serialbase.o
    0x0800886c   0x00000028   Code   RO        10844    i._ZN4mbed10SerialBase4baudEi  serialbase.o
    0x08008894   0x00000002   Code   RO        10845    i._ZN4mbed10SerialBase4lockEv  serialbase.o
    0x08008896   0x00000002   Code   RO        10852    i._ZN4mbed10SerialBase6unlockEv  serialbase.o
    0x08008898   0x0000009c   Code   RO        10855    i._ZN4mbed10SerialBaseC1E7PinNameS1_  serialbase.o
    0x08008934   0x0000002c   Code   RO         9404    i._ZN4mbed11InterruptIn12_irq_handlerEj14gpio_irq_event  interruptin.o
    0x08008960   0x0000004a   Code   RO         9405    i._ZN4mbed11InterruptIn4fallENS_8CallbackIFvvEEE  interruptin.o
    0x080089aa   0x00000002   PAD
    0x080089ac   0x00000044   Code   RO         9409    i._ZN4mbed11InterruptInC1E7PinName  interruptin.o
    0x080089f0   0x00000018   Code   RO         9411    i._ZN4mbed11InterruptInD1Ev  interruptin.o
    0x08008a08   0x00000006   Code   RO        10448    i._ZN4mbed26mbed_set_unbuffered_streamEPSt6__FILE  retarget.o
    0x08008a0e   0x00000002   PAD
    0x08008a10   0x0000002c   Code   RO        11053    i._ZN4mbed3SPI4lockEv  spi.o
    0x08008a3c   0x00000058   Code   RO        11054    i._ZN4mbed3SPI5writeEi  spi.o
    0x08008a94   0x00000058   Code   RO        11056    i._ZN4mbed3SPI6formatEii  spi.o
    0x08008aec   0x0000002c   Code   RO        11057    i._ZN4mbed3SPI6unlockEv  spi.o
    0x08008b18   0x00000054   Code   RO        11058    i._ZN4mbed3SPI9frequencyEi  spi.o
    0x08008b6c   0x00000074   Code   RO        11059    i._ZN4mbed3SPIC1E7PinNameS1_S1_S1_  spi.o
    0x08008be0   0x00000032   Code   RO        11458    i._ZN4mbed5Timer4stopEv  timer.o
    0x08008c12   0x0000001c   Code   RO        11459    i._ZN4mbed5Timer5resetEv  timer.o
    0x08008c2e   0x00000020   Code   RO        11460    i._ZN4mbed5Timer5startEv  timer.o
    0x08008c4e   0x0000002c   Code   RO        11462    i._ZN4mbed5Timer7read_usEv  timer.o
    0x08008c7a   0x00000028   Code   RO        11465    i._ZN4mbed5TimerC1Ev  timer.o
    0x08008ca2   0x00000002   Code   RO        10746    i._ZN4mbed6Serial4lockEv  serial.o
    0x08008ca4   0x00000002   Code   RO        10749    i._ZN4mbed6Serial6unlockEv  serial.o
    0x08008ca6   0x00000002   PAD
    0x08008ca8   0x00000028   Code   RO        10750    i._ZN4mbed6SerialC1E7PinNameS1_PKc  serial.o
    0x08008cd0   0x00000028   Code   RO        10802    i._ZN4mbed6SerialD1Ev  serial.o
    0x08008cf8   0x00000004   Code   RO        11202    i._ZN4mbed6Stream4flenEv  stream.o
    0x08008cfc   0x00000004   Code   RO        11208    i._ZN4mbed6Stream5closeEv  stream.o
    0x08008d00   0x00000004   Code   RO        11210    i._ZN4mbed6Stream5lseekEli  stream.o
    0x08008d04   0x0000003c   Code   RO        11212    i._ZN4mbed6Stream5writeEPKvj  stream.o
    0x08008d40   0x00000004   Code   RO        11213    i._ZN4mbed6Stream6isattyEv  stream.o
    0x08008d44   0x00000032   Code   RO        11214    i._ZN4mbed6Stream6printfEPKcz  stream.o
    0x08008d76   0x00000002   PAD
    0x08008d78   0x00000040   Code   RO        11217    i._ZN4mbed6StreamC2EPKc  stream.o
    0x08008db8   0x00000020   Code   RO        11219    i._ZN4mbed6StreamD2Ev  stream.o
    0x08008dd8   0x00000004   Code   RO         8834    i._ZN4mbed8FileBase11getPathTypeEv  filebase.o
    0x08008ddc   0x0000006c   Code   RO         8836    i._ZN4mbed8FileBase6lookupEPKcj  filebase.o
    0x08008e48   0x00000040   Code   RO         8838    i._ZN4mbed8FileBaseC1EPKcNS_8PathTypeE  filebase.o
    0x08008e88   0x00000048   Code   RO         8840    i._ZN4mbed8FileBaseD1Ev  filebase.o
    0x08008ed0   0x00000024   Code   RO         8918    i._ZN4mbed8FileLikeC2EPKc  filelike.o
    0x08008ef4   0x00000012   Code   RO         8920    i._ZN4mbed8FileLikeD2Ev  filelike.o
    0x08008f06   0x00000018   Code   RO         8993    i._ZN4mbed8FilePath10fileSystemEv  filepath.o
    0x08008f1e   0x0000001c   Code   RO         8995    i._ZN4mbed8FilePath4fileEv  filepath.o
    0x08008f3a   0x0000000a   Code   RO         8996    i._ZN4mbed8FilePath6existsEv  filepath.o
    0x08008f44   0x00000018   Code   RO         8997    i._ZN4mbed8FilePath6isFileEv  filepath.o
    0x08008f5c   0x00000004   Code   RO         8998    i._ZN4mbed8FilePath8fileNameEv  filepath.o
    0x08008f60   0x00000040   Code   RO         8999    i._ZN4mbed8FilePathC1EPKc  filepath.o
    0x08008fa0   0x00000070   Code   RO        12824    i._ZN6SX130810SelectPageEh  sx1308.o
    0x08009010   0x0000008c   Code   RO        12825    i._ZN6SX130812spiReadBurstEhPhi  sx1308.o
    0x0800909c   0x00000054   Code   RO        12826    i._ZN6SX130813spiReadBurstEEhPhi  sx1308.o
    0x080090f0   0x0000006c   Code   RO        12827    i._ZN6SX130813spiReadBurstFEhPhi  sx1308.o
    0x0800915c   0x0000002e   Code   RO        12828    i._ZN6SX130813spiReadBurstMEhPhi  sx1308.o
    0x0800918a   0x00000002   PAD
    0x0800918c   0x0000008c   Code   RO        12829    i._ZN6SX130813spiWriteBurstEhPii  sx1308.o
    0x08009218   0x00000054   Code   RO        12830    i._ZN6SX130814spiWriteBurstEEhPii  sx1308.o
    0x0800926c   0x00000068   Code   RO        12831    i._ZN6SX130814spiWriteBurstFEhPii  sx1308.o
    0x080092d4   0x0000002c   Code   RO        12832    i._ZN6SX130814spiWriteBurstMEhPii  sx1308.o
    0x08009300   0x0000008c   Code   RO        12833    i._ZN6SX130818spiWriteBurstuint8EhPhi  sx1308.o
    0x0800938c   0x00000248   Code   RO        12834    i._ZN6SX13084initEv  sx1308.o
    0x080095d4   0x00000010   Code   RO        12835    i._ZN6SX13084isr0Ev  sx1308.o
    0x080095e4   0x00000074   Code   RO        12836    i._ZN6SX13087spiReadEh  sx1308.o
    0x08009658   0x0000007c   Code   RO        12837    i._ZN6SX13088spiWriteEhh  sx1308.o
    0x080096d4   0x00000050   Code   RO        12838    i._ZN6SX13089dig_resetEv  sx1308.o
    0x08009724   0x00000070   Code   RO        12839    i._ZN6SX1308C1E7PinNameS0_S0_S0_S0_S0_  sx1308.o
    0x08009794   0x00000014   Code   RO        13941    i._ZN6SX1308D1Ev    board.o
    0x080097a8   0x00000002   Code   RO        10751    i._ZThn184_N4mbed6Serial4lockEv  serial.o
    0x080097aa   0x00000006   Code   RO        10753    i._ZThn184_N4mbed6Serial5_putcEi  serial.o
    0x080097b0   0x00000002   Code   RO        10754    i._ZThn184_N4mbed6Serial6unlockEv  serial.o
    0x080097b2   0x00000030   Code   RO        14761    i.__ARM_fpclassify  m_wm.l(fpclassify.o)
    0x080097e2   0x00000002   PAD
    0x080097e4   0x00000034   Code   RO            5    i.__NVIC_SetVector  cmsis_nvic.o
    0x08009818   0x00000024   Code   RO        14276    i.__aeabi_vec_ctor_nocookie_nodtor  cpprt_w.l(aeabi_vec_ctor_nocookie_nodtor.o)
    0x0800983c   0x00000006   Code   RO        14167    i.__cxa_pure_virtual  cpprt_w.l(pure_virt.o)
    0x08009842   0x00000002   PAD
    0x08009844   0x00000028   Code   RO        12205    i.__sti___13_usbd_conf_cpp_pcf  usbd_conf.o
    0x0800986c   0x0000000c   Code   RO        13866    i.__sti___8_main_cpp_801f876b  main.o
    0x08009878   0x00000090   Code   RO        13922    i.__sti___9_board_cpp_pc  board.o
    0x08009908   0x00000010   Code   RO         7794    i.__user_setup_stackheap  sys.o
    0x08009918   0x0000000e   Code   RO        14079    i._is_digit         c_w.l(__printf_wp.o)
    0x08009926   0x00000002   PAD
    0x08009928   0x0000002c   Code   RO        10455    i._sys_close        retarget.o
    0x08009954   0x00000028   Code   RO        10458    i._sys_flen         retarget.o
    0x0800997c   0x00000028   Code   RO        10459    i._sys_istty        retarget.o
    0x080099a4   0x000001b8   Code   RO        10460    i._sys_open         retarget.o
    0x08009b5c   0x00000028   Code   RO        10462    i._sys_seek         retarget.o
    0x08009b84   0x00000060   Code   RO        10463    i._sys_write        retarget.o
    0x08009be4   0x000000a8   Code   RO         9790    i.core_util_critical_section_enter  mbed_critical.o
    0x08009c8c   0x00000074   Code   RO         9791    i.core_util_critical_section_exit  mbed_critical.o
    0x08009d00   0x00000012   Code   RO         9891    i.error             mbed_error.o
    0x08009d12   0x00000002   PAD
    0x08009d14   0x00000020   Code   RO        10465    i.exit              retarget.o
    0x08009d34   0x0000001a   Code   RO        14107    i.fputc             c_w.l(fputc.o)
    0x08009d4e   0x00000002   PAD
    0x08009d50   0x00000008   Code   RO        10266    i.get_us_ticker_data  mbed_us_ticker_api.o
    0x08009d58   0x0000008c   Code   RO          567    i.gpio_dir          gpio_api.o
    0x08009de4   0x0000003a   Code   RO          568    i.gpio_init         gpio_api.o
    0x08009e1e   0x00000028   Code   RO         9922    i.gpio_init_in      mbed_gpio.o
    0x08009e46   0x00000002   PAD
    0x08009e48   0x0000004c   Code   RO         9925    i.gpio_init_out     mbed_gpio.o
    0x08009e94   0x000000a8   Code   RO         9926    i.gpio_init_out_ex  mbed_gpio.o
    0x08009f3c   0x00000008   Code   RO          616    i.gpio_irq0         gpio_irq_api.o
    0x08009f44   0x00000008   Code   RO          617    i.gpio_irq1         gpio_irq_api.o
    0x08009f4c   0x00000008   Code   RO          618    i.gpio_irq2         gpio_irq_api.o
    0x08009f54   0x00000008   Code   RO          619    i.gpio_irq3         gpio_irq_api.o
    0x08009f5c   0x00000008   Code   RO          620    i.gpio_irq4         gpio_irq_api.o
    0x08009f64   0x00000008   Code   RO          621    i.gpio_irq5         gpio_irq_api.o
    0x08009f6c   0x00000008   Code   RO          622    i.gpio_irq6         gpio_irq_api.o
    0x08009f74   0x0000004c   Code   RO          625    i.gpio_irq_free     gpio_irq_api.o
    0x08009fc0   0x00000144   Code   RO          626    i.gpio_irq_init     gpio_irq_api.o
    0x0800a104   0x00000078   Code   RO          627    i.gpio_irq_set      gpio_irq_api.o
    0x0800a17c   0x00000008   Code   RO          569    i.gpio_mode         gpio_api.o
    0x0800a184   0x00000080   Code   RO          628    i.handle_interrupt_in  gpio_irq_api.o
    0x0800a204   0x00000070   Code   RO         1373    i.init_spi          spi_api.o
    0x0800a274   0x00000084   Code   RO         1131    i.init_uart         serial_api.o
    0x0800a2f8   0x00000114   Code   RO        13867    i.main              main.o
    0x0800a40c   0x00000054   Code   RO         9685    i.mbed_assert_internal  mbed_assert.o
    0x0800a460   0x000000ac   Code   RO         9725    i.mbed_die          mbed_board.o
    0x0800a50c   0x00000054   Code   RO         9726    i.mbed_error_printf  mbed_board.o
    0x0800a560   0x0000004c   Code   RO         9727    i.mbed_error_vfprintf  mbed_board.o
    0x0800a5ac   0x00000002   Code   RO        10466    i.mbed_main         retarget.o
    0x0800a5ae   0x0000000e   Code   RO          843    i.mbed_sdk_init     mbed_overrides.o
    0x0800a5bc   0x000000a0   Code   RO          883    i.pin_function      pinmap.o
    0x0800a65c   0x0000008c   Code   RO          884    i.pin_mode          pinmap.o
    0x0800a6e8   0x0000003c   Code   RO        10078    i.pinmap_merge      mbed_pinmap_common.o
    0x0800a724   0x00000060   Code   RO        10079    i.pinmap_peripheral  mbed_pinmap_common.o
    0x0800a784   0x0000005c   Code   RO        10080    i.pinmap_pinout     mbed_pinmap_common.o
    0x0800a7e0   0x00000006   Code   RO         1132    i.serial_baud       serial_api.o
    0x0800a7e6   0x00000002   PAD
    0x0800a7e8   0x000001b0   Code   RO         1139    i.serial_init       serial_api.o
    0x0800a998   0x00000018   Code   RO         1140    i.serial_irq_handler  serial_api.o
    0x0800a9b0   0x0000015c   Code   RO         1141    i.serial_irq_handler_asynch  serial_api.o
    0x0800ab0c   0x00000024   Code   RO         1144    i.serial_putc       serial_api.o
    0x0800ab30   0x00000066   Code   RO         1375    i.spi_format        spi_api.o
    0x0800ab96   0x00000002   PAD
    0x0800ab98   0x000000b8   Code   RO         1377    i.spi_frequency     spi_api.o
    0x0800ac50   0x00000194   Code   RO         1378    i.spi_init          spi_api.o
    0x0800ade4   0x00000030   Code   RO         1379    i.spi_master_write  spi_api.o
    0x0800ae14   0x0000004e   Code   RO        10210    i.ticker_irq_handler  mbed_ticker_api.o
    0x0800ae62   0x00000006   Code   RO        10211    i.ticker_read       mbed_ticker_api.o
    0x0800ae68   0x00000064   Code   RO          262    i.timer_irq_handler  hal_tick.o
    0x0800aecc   0x00000010   Code   RO         7737    i.us_ticker_clear_interrupt  us_ticker.o
    0x0800aedc   0x00000014   Code   RO         7738    i.us_ticker_disable_interrupt  us_ticker.o
    0x0800aef0   0x00000028   Code   RO         7739    i.us_ticker_init    us_ticker.o
    0x0800af18   0x0000000c   Code   RO        10267    i.us_ticker_irq_handler  mbed_us_ticker_api.o
    0x0800af24   0x00000030   Code   RO         7740    i.us_ticker_read    us_ticker.o
    0x0800af54   0x00000014   Code   RO         7741    i.us_ticker_set_interrupt  us_ticker.o
    0x0800af68   0x0000001c   Code   RO        10305    i.wait_ms           mbed_wait_api.o
    0x0800af84   0x00000018   Code   RO        10306    i.wait_us           mbed_wait_api.o
    0x0800af9c   0x0000002c   Code   RO        14716    locale$$code        c_w.l(lc_numeric_c.o)
    0x0800afc8   0x0000002c   Code   RO        14787    locale$$code        c_w.l(lc_ctype_c.o)
    0x0800aff4   0x0000002c   Code   RO         8891    t._ZN12SingletonPtrI13PlatformMutexEptEv  filebase.o
    0x0800b020   0x00000014   Code   RO        12935    t._ZN4mbed8CallbackIFvvEE12_methodthunkI6SX1308EEvPvS5_  sx1308.o
    0x0800b034   0x00000036   Code   RO        11006    t._ZN6CThunkIN4mbed10SerialBaseEE10trampolineEPS1_PvPMS1_FvS4_E  serialbase.o
    0x0800b06a   0x0000000a   Code   RO        14663    x$fpl$fpinit        fz_wm.l(fpinit.o)
    0x0800b074   0x00000004   Code   RO        14514    x$fpl$printf1       fz_wm.l(printf1.o)
    0x0800b078   0x00000004   Code   RO        14516    x$fpl$printf2       fz_wm.l(printf2.o)
    0x0800b07c   0x00000000   Code   RO        14524    x$fpl$usenofp       fz_wm.l(usenofp.o)
    0x0800b07c   0x00000048   Data   RO          326    .constdata          peripheralpins.o
    0x0800b0c4   0x00000048   Data   RO          327    .constdata          peripheralpins.o
    0x0800b10c   0x00000048   Data   RO          330    .constdata          peripheralpins.o
    0x0800b154   0x00000048   Data   RO          331    .constdata          peripheralpins.o
    0x0800b19c   0x00000048   Data   RO          332    .constdata          peripheralpins.o
    0x0800b1e4   0x0000003c   Data   RO          333    .constdata          peripheralpins.o
    0x0800b220   0x00000010   Data   RO          376    .constdata          system_stm32f4xx.o
    0x0800b230   0x00000034   Data   RO          885    .constdata          pinmap.o
    0x0800b264   0x00000010   Data   RO         1384    .constdata          spi_api.o
    0x0800b274   0x00000010   Data   RO         4713    .constdata          stm32f4xx_hal_rcc.o
    0x0800b284   0x00000014   Data   RO        10268    .constdata          mbed_us_ticker_api.o
    0x0800b298   0x00000008   Data   RO        10269    .constdata          mbed_us_ticker_api.o
    0x0800b2a0   0x00000017   Data   RO        10512    .constdata          retarget.o
    0x0800b2b7   0x00000001   PAD
    0x0800b2b8   0x00000010   Data   RO        10881    .constdata          serialbase.o
    0x0800b2c8   0x00000008   Data   RO        12856    .constdata          sx1308.o
    0x0800b2d0   0x00000017   Data   RO        13392    .constdata          loragw_hal.o
    0x0800b2e7   0x00000001   PAD
    0x0800b2e8   0x00000f48   Data   RO        13775    .constdata          loragw_reg_pgw.o
    0x0800c230   0x00000028   Data   RO        14067    .constdata          c_w.l(_printf_hex_int_ll_ptr.o)
    0x0800c258   0x00000011   Data   RO        14087    .constdata          c_w.l(__printf_flags_ss_wp.o)
    0x0800c269   0x00000003   PAD
    0x0800c26c   0x00000008   Data   RO        14359    .constdata          c_w.l(_printf_wctomb.o)
    0x0800c274   0x00000026   Data   RO        14560    .constdata          c_w.l(_printf_fp_hex.o)
    0x0800c29a   0x00000002   PAD
    0x0800c29c   0x00000094   Data   RO        14689    .constdata          c_w.l(bigflt0.o)
    0x0800c330   0x00000014   Data   RO        13081    .constdata__ZTV10USBMANAGER  cmdusb.o
    0x0800c344   0x0000000c   Data   RO        12934    .constdata__ZTV6SX1308  sx1308.o
    0x0800c350   0x00000034   Data   RO        10699    .constdata__ZTVN4mbed10FileHandleE  retarget.o
    0x0800c384   0x00000018   Data   RO        10999    .constdata__ZTVN4mbed10SerialBaseE  serialbase.o
    0x0800c39c   0x00000010   Data   RO         9478    .constdata__ZTVN4mbed11InterruptInE  interruptin.o
    0x0800c3ac   0x0000001c   Data   RO        11115    .constdata__ZTVN4mbed3SPIE  spi.o
    0x0800c3c8   0x0000006c   Data   RO        10801    .constdata__ZTVN4mbed6SerialE  serial.o
    0x0800c434   0x0000004c   Data   RO        11336    .constdata__ZTVN4mbed6StreamE  stream.o
    0x0800c480   0x00000010   Data   RO         8888    .constdata__ZTVN4mbed8FileBaseE  filebase.o
    0x0800c490   0x00000044   Data   RO         8952    .constdata__ZTVN4mbed8FileLikeE  filelike.o
    0x0800c4d4   0x00000014   Data   RO         8889    .constdata__ZZN12SingletonPtrI13PlatformMutexE3getEvEs  filebase.o
    0x0800c4e8   0x0000001c   Data   RO         8890    .constdata__ZZN12SingletonPtrI13PlatformMutexE3getEvEs_0  filebase.o
    0x0800c504   0x00000020   Data   RO        14860    Region$$Table       anon$$obj.o
    0x0800c524   0x0000001c   Data   RO        14715    locale$$data        c_w.l(lc_numeric_c.o)
    0x0800c540   0x00000110   Data   RO        14786    locale$$data        c_w.l(lc_ctype_c.o)
    0x0800c650   0x00000004   Data   RO        12237    .init_array         usbd_conf.o
    0x0800c654   0x00000004   Data   RO        13872    .init_array         main.o
    0x0800c658   0x00000004   Data   RO        13925    .init_array         board.o
    0x0800c65c   0x00000000   Data   RO        14162    .init_array         c_w.l(init_aeabi.o)


    Execution Region RW_IRAM1 (Base: 0x20000194, Size: 0x0000961c, Max: 0x0000fe6c, ABSOLUTE, COMPRESSED[0x000000e8])

    Base Addr    Size         Type   Attr      Idx    E Section Name        Object

    0x20000194   0x00000004   Data   RW          264    .data               hal_tick.o
    0x20000198   0x00000004   Data   RW          377    .data               system_stm32f4xx.o
    0x2000019c   0x00000044   Data   RW          630    .data               gpio_irq_api.o
    0x200001e0   0x00000008   Data   RW         1159    .data               serial_api.o
    0x200001e8   0x00000004   Data   RW         1488    .data               stm32f4xx_hal.o
    0x200001ec   0x00000004   Data   RW         7743    .data               us_ticker.o
    0x200001f0   0x0000000c   Data   RW         8848    .data               filebase.o
    0x200001fc   0x00000008   Data   RW         9792    .data               mbed_critical.o
    0x20000204   0x00000008   Data   RW        10270    .data               mbed_us_ticker_api.o
    0x2000020c   0x00000008   Data   RW        10515    .data               retarget.o
    0x20000214   0x0000000c   Data   RW        11067    .data               spi.o
    0x20000220   0x000000db   Data   RW        11982    .data               usbd_cdc.o
    0x200002fb   0x00000001   PAD
    0x200002fc   0x00000038   Data   RW        11983    .data               usbd_cdc.o
    0x20000334   0x00000010   Data   RW        12123    .data               usbd_cdc_if.o
    0x20000344   0x00000008   Data   RW        12236    .data               usbd_conf.o
    0x2000034c   0x00000001   Data   RW        12624    .data               usbd_ctlreq.o
    0x2000034d   0x00000003   PAD
    0x20000350   0x0000001c   Data   RW        12691    .data               usbd_desc.o
    0x2000036c   0x00000016   Data   RW        12692    .data               usbd_desc.o
    0x20000382   0x00000006   PAD
    0x20000388   0x000000b1   Data   RW        13393    .data               loragw_hal.o
    0x20000439   0x00000003   PAD
    0x2000043c   0x00000004   Data   RW        13776    .data               loragw_reg_pgw.o
    0x20000440   0x00000004   Data   RW        14119    .data               c_w.l(stdio_streams.o)
    0x20000444   0x00000004   Data   RW        14120    .data               c_w.l(stdio_streams.o)
    0x20000448   0x00000004   Data   RW        14121    .data               c_w.l(stdio_streams.o)
    0x2000044c   0x00000004   Data   RW        14623    .data               c_w.l(heapauxa.o)
    0x20000450   0x0000003c   Zero   RW          263    .bss                hal_tick.o
    0x2000048c   0x00000214   Zero   RW          629    .bss                gpio_irq_api.o
    0x200006a0   0x0000026c   Zero   RW         1158    .bss                serial_api.o
    0x2000090c   0x00000058   Zero   RW         1383    .bss                spi_api.o
    0x20000964   0x0000003c   Zero   RW         7742    .bss                us_ticker.o
    0x200009a0   0x00000040   Zero   RW        10511    .bss                retarget.o
    0x200009e0   0x00000224   Zero   RW        11893    .bss                usb_device.o
    0x20000c04   0x00004010   Zero   RW        12122    .bss                usbd_cdc_if.o
    0x20004c14   0x0000048c   Zero   RW        12235    .bss                usbd_conf.o
    0x200050a0   0x00000200   Zero   RW        12690    .bss                usbd_desc.o
    0x200052a0   0x000012c0   Zero   RW        13035    .bss                cmdusb.o
    0x20006560   0x0000004c   Zero   RW        13391    .bss                loragw_hal.o
    0x200065ac   0x00002f0c   Zero   RW        13871    .bss                main.o
    0x200094b8   0x000001dc   Zero   RW        13924    .bss                board.o
    0x20009694   0x00000054   Zero   RW        14116    .bss                c_w.l(stdio_streams.o)
    0x200096e8   0x00000054   Zero   RW        14117    .bss                c_w.l(stdio_streams.o)
    0x2000973c   0x00000054   Zero   RW        14118    .bss                c_w.l(stdio_streams.o)
    0x20009790   0x00000004   Zero   RW        14311    .bss                c_w.l(rt_heap_descriptor.o)
    0x20009794   0x00000004   Zero   RW        14316    .bss                c_w.l(rt_ddtor_pointer_addr.o)
    0x20009798   0x00000014   Zero   RW        14670    .bss                c_w.l(rt_locale.o)
    0x200097ac   0x00000004   Zero   RW        14680    .bss                c_w.l(rt_errno_addr.o)


==============================================================================

Image component sizes


      Code (inc. data)   RO Data    RW Data    ZI Data      Debug   Object Name

         0          0          0          0          0     138416   analogin.o
         0          0          0          0          0       3284   analogin_api.o
       164         36          4          0        476       3093   board.o
         0          0          0          0          0        832   busin.o
         0          0          0          0          0        532   callchain.o
      3088        178         20          0       4800      27357   cmdusb.o
        52          4          0          0          0     216603   cmsis_nvic.o
       292         52         64         12          0       6244   filebase.o
       140         10         68          0          0       7508   filelike.o
       154          0          0          0          0       9840   filepath.o
       206         86          0          0          0       2806   gpio_api.o
       704        120          0         68        532      35978   gpio_irq_api.o
       280         48          0          4         60      29172   hal_tick.o
       210         12         16          0          0       5360   interruptin.o
         0          0          0          0          0        644   interruptmanager.o
      5062        246         23        177         76      21800   loragw_hal.o
       756         58       3912          4          0       6660   loragw_reg_pgw.o
       308         34          4          0      12044       2696   main.o
        84         52          0          0          0       2547   mbed_assert.o
       332        106          0          0          0       5874   mbed_board.o
       284        154          0          8          0       4465   mbed_critical.o
        18          0          0          0          0        544   mbed_error.o
       284         94          0          0          0       3294   mbed_gpio.o
        46          0          0          0          0       2628   mbed_overrides.o
       248         76          0          0          0       2961   mbed_pinmap_common.o
        84          0          0          0          0       1767   mbed_ticker_api.o
        20         10         28          8          0       1733   mbed_us_ticker_api.o
        52          0          0          0          0       1700   mbed_wait_api.o
         0          0        420          0          0       5012   peripheralpins.o
       508        230         52          0          0       3459   pinmap.o
         0          0          0          0          0       6076   rawserial.o
       874        102         75          8         64      15825   retarget.o
        94         14        108          0          0       3836   serial.o
      1044        170          0          8        620      11920   serial_api.o
       358         24         40          0          0      11268   serialbase.o
       464         60         28         12          0       5932   spi.o
       850        212         16          0         88       6287   spi_api.o
        36          8        404          0          0        992   startup_stm32f401xe.o
        80         16          0          4          0     224452   stm32f4xx_hal.o
       170         10          0          0          0      30438   stm32f4xx_hal_cortex.o
        36          0          0          0          0       1843   stm32f4xx_hal_dma.o
       516         22          0          0          0       2028   stm32f4xx_hal_gpio.o
         2          0          0          0          0        566   stm32f4xx_hal_msp_template.o
      2086          0          0          0          0      11552   stm32f4xx_hal_pcd.o
        86          0          0          0          0       2108   stm32f4xx_hal_pcd_ex.o
      1528        104         16          0          0       6019   stm32f4xx_hal_rcc.o
       142          0          0          0          0       2666   stm32f4xx_hal_spi.o
       258         16          0          0          0       5119   stm32f4xx_hal_tim.o
      1610         20          0          0          0       6387   stm32f4xx_hal_uart.o
        42          6          0          0          0       4806   stm32f4xx_it.o
      2570         26          0          0          0      21050   stm32f4xx_ll_usb.o
       222         16         76          0          0       8040   stream.o
      2054        174         20          0          0      25528   sx1308.o
        16          6          0          0          0       6201   sys.o
       512         68         16          4          0       4091   system_stm32f4xx.o
       194          0          0          0          0       3508   timer.o
       144         46          0          4         60       3914   us_ticker.o
        56         18          0          0        548       6611   usb_device.o
       634         22          0        275          0      14618   usbd_cdc.o
       136         24          0         16      16400       4242   usbd_cdc_if.o
       784         70          4          8       1164      22833   usbd_conf.o
       646          0          0          0          0      10934   usbd_core.o
      1130         30          0          1          0       6452   usbd_ctlreq.o
       204        108          0         50        512       5503   usbd_desc.o
       132          0          0          0          0       4208   usbd_ioreq.o

    ----------------------------------------------------------------------
     33138       2998       5448        684      37444    1062662   Object Totals
         0          0         32          0          0          0   (incl. Generated)
        52          0          2         13          0          0   (incl. Padding)

    ----------------------------------------------------------------------

      Code (inc. data)   RO Data    RW Data    ZI Data      Debug   Library Member Name

        60          8          0          0          0         84   __0sscanf.o
        44          6          0          0          0         84   __2sprintf.o
        90          0          0          0          0          0   __dczerorl2.o
         8          0          0          0          0         68   __main.o
       392          4         17          0          0         92   __printf_flags_ss_wp.o
        14          0          0          0          0         68   __printf_wp.o
         0          0          0          0          0          0   __rtentry.o
        12          0          0          0          0          0   __rtentry2.o
         6          0          0          0          0          0   __rtentry4.o
        52          8          0          0          0          0   __scatter.o
        28          0          0          0          0          0   __scatter_zi.o
        28          0          0          0          0         68   _chval.o
         6          0          0          0          0          0   _printf_a.o
         6          0          0          0          0          0   _printf_c.o
        44          0          0          0          0        108   _printf_char.o
        48          6          0          0          0         96   _printf_char_common.o
        36          4          0          0          0         80   _printf_char_file.o
        40          0          0          0          0         68   _printf_charcount.o
         6          0          0          0          0          0   _printf_d.o
       120         16          0          0          0         92   _printf_dec.o
         6          0          0          0          0          0   _printf_e.o
         6          0          0          0          0          0   _printf_f.o
      1050          0          0          0          0        216   _printf_fp_dec.o
       764          8         38          0          0        100   _printf_fp_hex.o
       128         16          0          0          0         84   _printf_fp_infnan.o
         6          0          0          0          0          0   _printf_g.o
       148          4         40          0          0        160   _printf_hex_int_ll_ptr.o
         6          0          0          0          0          0   _printf_i.o
       178          0          0          0          0         88   _printf_intcommon.o
        10          0          0          0          0          0   _printf_l.o
         6          0          0          0          0          0   _printf_lc.o
        10          0          0          0          0          0   _printf_ll.o
         6          0          0          0          0          0   _printf_lld.o
         6          0          0          0          0          0   _printf_lli.o
         6          0          0          0          0          0   _printf_llo.o
         6          0          0          0          0          0   _printf_llu.o
         6          0          0          0          0          0   _printf_llx.o
       124         16          0          0          0         92   _printf_longlong_dec.o
         6          0          0          0          0          0   _printf_ls.o
         6          0          0          0          0          0   _printf_n.o
         6          0          0          0          0          0   _printf_o.o
       112          8          0          0          0        124   _printf_oct_int_ll.o
         6          0          0          0          0          0   _printf_p.o
        78          0          0          0          0        108   _printf_pad.o
         0          0          0          0          0          0   _printf_percent.o
         4          0          0          0          0          0   _printf_percent_end.o
         6          0          0          0          0          0   _printf_s.o
        82          0          0          0          0         80   _printf_str.o
        36          0          0          0          0         84   _printf_truncate.o
         6          0          0          0          0          0   _printf_u.o
        44          0          0          0          0        108   _printf_wchar.o
       188          6          8          0          0         92   _printf_wctomb.o
         6          0          0          0          0          0   _printf_x.o
       884          6          0          0          0        100   _scanf.o
       332          0          0          0          0         96   _scanf_int.o
        64          0          0          0          0         84   _sgetc.o
        10          0          0          0          0         68   _sputc.o
        64          0          0          0          0         92   _wcrtomb.o
        46          0          0          0          0         84   aeabi_atexit.o
       220          4        148          0          0         96   bigflt0.o
      1910        128          0          0          0        672   btod.o
        10          0          0          0          0         68   c89vfprintf.o
        66          0          0          0          0         84   cxa_finalize.o
        10          0          0          0          0         68   defsig_exit.o
        50          0          0          0          0         88   defsig_general.o
        48         34          0          0          0         76   defsig_pvfn_inner.o
        14          0          0          0          0         80   defsig_pvfn_outer.o
        80         58          0          0          0         76   defsig_rtmem_inner.o
        14          0          0          0          0         80   defsig_rtmem_outer.o
        52         38          0          0          0         76   defsig_rtred_inner.o
        14          0          0          0          0         80   defsig_rtred_outer.o
        76          0          0          0          0         88   fclose.o
         8          0          0          0          0         68   ferror.o
       100          4          0          0          0        120   fflush.o
       470          0          0          0          0         88   flsbuf.o
       236          4          0          0          0        128   fopen.o
        26          0          0          0          0         68   fputc.o
       248          6          0          0          0         84   fseek.o
        66          0          0          0          0         76   ftell.o
        94          0          0          0          0         80   h1_alloc.o
        52          0          0          0          0         68   h1_extend.o
        78          0          0          0          0         80   h1_free.o
        14          0          0          0          0         84   h1_init.o
        80          6          0          4          0         96   heapauxa.o
         4          0          0          0          0        136   hguard.o
         0          0          0          0          0          0   indicate_semi.o
        36         10          0          0          0         80   init_aeabi.o
       138          0          0          0          0        168   init_alloc.o
       312         46          0          0          0        112   initio.o
        18          0          0          0          0         76   isspace.o
        44         10        272          0          0         76   lc_ctype_c.o
        44         10         28          0          0         76   lc_numeric_c.o
         2          0          0          0          0          0   libinit.o
        50          0          0          0          0          0   libinit2.o
         0          0          0          0          0          0   libshutdown2.o
        38          0          0          0          0         68   llshl.o
       138          0          0          0          0         80   lludiv10.o
         0          0          0          0          0          0   maybetermalloc1.o
        16          4          0          0          0         76   rt_ctype_table.o
         8          4          0          0          4         68   rt_ddtor_pointer_addr.o
         8          4          0          0          4         68   rt_errno_addr.o
         8          4          0          0          4         68   rt_heap_descriptor.o
         8          4          0          0         20         68   rt_locale.o
        78          0          0          0          0         80   rt_memclr_w.o
       138          0          0          0          0         68   rt_memcpy_v6.o
       100          0          0          0          0         80   rt_memcpy_w.o
        44          8          0          0          0         84   scanf_char.o
        20          0          0          0          0         68   setbuf.o
        70          0          0          0          0         80   setvbuf.o
       240          6          0          0          0        156   stdio.o
         0          0          0         12        252          0   stdio_streams.o
       128          0          0          0          0         68   strcmpv7m.o
        62          0          0          0          0         76   strlen.o
       150          0          0          0          0         80   strncmp.o
        12          4          0          0          0         68   sys_exit.o
        14          0          0          0          0         76   sys_wrch.o
         2          0          0          0          0         68   use_no_semi.o
        36          4          0          0          0         76   vsprintf.o
        36          0          0          0          0         84   aeabi_vec_ctor_nocookie_nodtor.o
         6          0          0          0          0         68   pure_virt.o
        10          0          0          0          0        116   fpinit.o
         4          0          0          0          0        116   printf1.o
         4          0          0          0          0        116   printf2.o
         0          0          0          0          0          0   usenofp.o
        48          0          0          0          0        124   fpclassify.o

    ----------------------------------------------------------------------
     11638        516        556         16        284       8412   Library Totals
        30          0          5          0          0          0   (incl. Padding)

    ----------------------------------------------------------------------

      Code (inc. data)   RO Data    RW Data    ZI Data      Debug   Library Name

     11500        516        551         16        284       7788   c_w.l
        42          0          0          0          0        152   cpprt_w.l
        18          0          0          0          0        348   fz_wm.l
        48          0          0          0          0        124   m_wm.l

    ----------------------------------------------------------------------
     11638        516        556         16        284       8412   Library Totals

    ----------------------------------------------------------------------

==============================================================================


      Code (inc. data)   RO Data    RW Data    ZI Data      Debug   

     44776       3514       6004        700      37728    1033898   Grand Totals
     44776       3514       6004        232      37728    1033898   ELF Image Totals (compressed)
     44776       3514       6004        232          0          0   ROM Totals

==============================================================================

    Total RO  Size (Code + RO Data)                50780 (  49.59kB)
    Total RW  Size (RW Data + ZI Data)             38428 (  37.53kB)
    Total ROM Size (Code + RO Data + RW Data)      51012 (  49.82kB)

==============================================================================

