Archive member included to satisfy reference by file (symbol)

/Users/catalin/esp/pycom-esp-idf-private/examples/wifi/scan/build/bootloader/main/libmain.a(bootloader_start.o)
                              (call_start_cpu0)
/Users/catalin/esp/pycom-esp-idf-private/examples/wifi/scan/build/bootloader/main/libmain.a(pycom_bootloader.o)
                              /Users/catalin/esp/pycom-esp-idf-private/examples/wifi/scan/build/bootloader/main/libmain.a(bootloader_start.o) (pycom_bootloader_utility_get_selected_boot_partition)
/Users/catalin/esp/pycom-esp-idf-private/examples/wifi/scan/build/bootloader/main/libmain.a(pycom_bootmgr.o)
                              /Users/catalin/esp/pycom-esp-idf-private/examples/wifi/scan/build/bootloader/main/libmain.a(pycom_bootloader.o) (wait_for_safe_boot)
/Users/catalin/esp/pycom-esp-idf-private/examples/wifi/scan/build/bootloader/main/libmain.a(pycom_gpio.o)
                              /Users/catalin/esp/pycom-esp-idf-private/examples/wifi/scan/build/bootloader/main/libmain.a(pycom_bootmgr.o) (gpio_get_level)
/Users/catalin/esp/pycom-esp-idf-private/examples/wifi/scan/build/bootloader/main/libmain.a(pycom_mperror.o)
                              /Users/catalin/esp/pycom-esp-idf-private/examples/wifi/scan/build/bootloader/main/libmain.a(pycom_bootmgr.o) (mperror_set_rgb_color)
/Users/catalin/esp/xtensa-esp32-elf_2020r3/bin/../lib/gcc/xtensa-esp32-elf/8.4.0/no-rtti/libgcc.a(_lshrdi3.o)
                              /Users/catalin/esp/pycom-esp-idf-private/examples/wifi/scan/build/bootloader/main/libmain.a(pycom_gpio.o) (__lshrdi3)
/Users/catalin/esp/pycom-esp-idf-private/examples/wifi/scan/build/bootloader/bootloader_support/libbootloader_support.a(bootloader_utility.o)
                              /Users/catalin/esp/pycom-esp-idf-private/examples/wifi/scan/build/bootloader/main/libmain.a(bootloader_start.o) (bootloader_utility_load_partition_table)
/Users/catalin/esp/pycom-esp-idf-private/examples/wifi/scan/build/bootloader/bootloader_support/libbootloader_support.a(esp_image_format.o)
                              /Users/catalin/esp/pycom-esp-idf-private/examples/wifi/scan/build/bootloader/bootloader_support/libbootloader_support.a(bootloader_utility.o) (bootloader_load_image)
/Users/catalin/esp/pycom-esp-idf-private/examples/wifi/scan/build/bootloader/bootloader_support/libbootloader_support.a(flash_partitions.o)
                              /Users/catalin/esp/pycom-esp-idf-private/examples/wifi/scan/build/bootloader/bootloader_support/libbootloader_support.a(bootloader_utility.o) (esp_partition_table_verify)
/Users/catalin/esp/pycom-esp-idf-private/examples/wifi/scan/build/bootloader/bootloader_support/libbootloader_support.a(pycom_bootloader_support.o)
                              /Users/catalin/esp/pycom-esp-idf-private/examples/wifi/scan/build/bootloader/main/libmain.a(pycom_bootloader.o) (pycom_read_otadata)
/Users/catalin/esp/pycom-esp-idf-private/examples/wifi/scan/build/bootloader/bootloader_support/libbootloader_support.a(bootloader_esp32.o)
                              /Users/catalin/esp/pycom-esp-idf-private/examples/wifi/scan/build/bootloader/main/libmain.a(bootloader_start.o) (bootloader_init)
/Users/catalin/esp/pycom-esp-idf-private/examples/wifi/scan/build/bootloader/bootloader_support/libbootloader_support.a(bootloader_sha.o)
                              /Users/catalin/esp/pycom-esp-idf-private/examples/wifi/scan/build/bootloader/bootloader_support/libbootloader_support.a(bootloader_utility.o) (bootloader_sha256_start)
/Users/catalin/esp/pycom-esp-idf-private/examples/wifi/scan/build/bootloader/bootloader_support/libbootloader_support.a(bootloader_clock.o)
                              /Users/catalin/esp/pycom-esp-idf-private/examples/wifi/scan/build/bootloader/bootloader_support/libbootloader_support.a(bootloader_esp32.o) (bootloader_clock_configure)
/Users/catalin/esp/pycom-esp-idf-private/examples/wifi/scan/build/bootloader/bootloader_support/libbootloader_support.a(bootloader_common.o)
                              /Users/catalin/esp/pycom-esp-idf-private/examples/wifi/scan/build/bootloader/bootloader_support/libbootloader_support.a(bootloader_utility.o) (bootloader_common_ota_select_crc)
/Users/catalin/esp/pycom-esp-idf-private/examples/wifi/scan/build/bootloader/bootloader_support/libbootloader_support.a(bootloader_efuse_esp32.o)
                              /Users/catalin/esp/pycom-esp-idf-private/examples/wifi/scan/build/bootloader/bootloader_support/libbootloader_support.a(bootloader_common.o) (bootloader_common_get_chip_revision)
/Users/catalin/esp/pycom-esp-idf-private/examples/wifi/scan/build/bootloader/bootloader_support/libbootloader_support.a(bootloader_flash.o)
                              /Users/catalin/esp/pycom-esp-idf-private/examples/wifi/scan/build/bootloader/bootloader_support/libbootloader_support.a(bootloader_utility.o) (bootloader_mmap_get_free_pages)
[...]
Memory Configuration

Name             Origin             Length             Attributes
dport0_seg       0x000000003ff00000 0x0000000000000010 rw
iram_loader_seg  0x0000000040078000 0x0000000000008000 xrw
iram_seg         0x0000000040080400 0x000000000000fc00 xrw
dram_seg         0x000000003fff0000 0x0000000000010000 rw
*default*        0x0000000000000000 0xffffffffffffffff

Linker script and memory map

START GROUP
LOAD /Users/catalin/esp/pycom-esp-idf-private/examples/wifi/scan/build/bootloader/bootloader_support/libbootloader_support.a
LOAD /Users/catalin/esp/pycom-esp-idf-private/examples/wifi/scan/build/bootloader/log/liblog.a
LOAD /Users/catalin/esp/pycom-esp-idf-private/examples/wifi/scan/build/bootloader/spi_flash/libspi_flash.a
LOAD /Users/catalin/esp/pycom-esp-idf-private/examples/wifi/scan/build/bootloader/micro-ecc/libmicro-ecc.a
LOAD /Users/catalin/esp/pycom-esp-idf-private/examples/wifi/scan/build/bootloader/soc/libsoc.a
LOAD /Users/catalin/esp/pycom-esp-idf-private/examples/wifi/scan/build/bootloader/main/libmain.a
LOAD /Users/catalin/esp/pycom-esp-idf-private/examples/wifi/scan/build/bootloader/efuse/libefuse.a
LOAD /Users/catalin/esp/xtensa-esp32-elf_2020r3/bin/../lib/gcc/xtensa-esp32-elf/8.4.0/no-rtti/libgcc.a
LOAD /Users/catalin/esp/xtensa-esp32-elf_2020r3/bin/../lib/gcc/xtensa-esp32-elf/8.4.0/../../../../xtensa-esp32-elf/lib/no-rtti/libstdc++.a
LOAD /Users/catalin/esp/xtensa-esp32-elf_2020r3/bin/../lib/gcc/xtensa-esp32-elf/8.4.0/no-rtti/libgcov.a
END GROUP

.iram_loader.text
                0x0000000040078000     0x302e
                0x0000000040078000                . = ALIGN (0x10)
                0x0000000040078000                _loader_text_start = ABSOLUTE (.)
 *(.stub .gnu.warning .gnu.linkonce.literal.* .gnu.linkonce.t.*.literal .gnu.linkonce.t.*)
 *(.iram1 .iram1.*)
 .iram1.2.literal
                0x0000000040078000       0x18 /Users/catalin/esp/pycom-esp-idf-private/examples/wifi/scan/build/bootloader/main/libmain.a(pycom_mperror.o)
                                         0x20 (size before relaxing)
 .iram1.12.literal
                0x0000000040078018        0x4 /Users/catalin/esp/pycom-esp-idf-private/examples/wifi/scan/build/bootloader/bootloader_support/libbootloader_support.a(pycom_bootloader_support.o)
                                         0x10 (size before relaxing)
 .iram1.0.literal
                0x000000004007801c       0x10 /Users/catalin/esp/pycom-esp-idf-private/examples/wifi/scan/build/bootloader/bootloader_support/libbootloader_support.a(bootloader_flash_config_esp32.o)
 .iram1.2.literal
                0x000000004007802c       0x44 /Users/catalin/esp/pycom-esp-idf-private/examples/wifi/scan/build/bootloader/bootloader_support/libbootloader_support.a(bootloader_flash_config_esp32.o)
                                         0x60 (size before relaxing)
 .iram1.3.literal
                0x0000000040078070       0x18 /Users/catalin/esp/pycom-esp-idf-private/examples/wifi/scan/build/bootloader/bootloader_support/libbootloader_support.a(bootloader_flash_config_esp32.o)
                                         0x1c (size before relaxing)
 .iram1.3.literal
                0x0000000040078088        0x4 /Users/catalin/esp/pycom-esp-idf-private/examples/wifi/scan/build/bootloader/soc/libsoc.a(cpu_util.o)
 .literal       0x000000004007808c        0x0 /Users/catalin/esp/xtensa-esp32-elf_2020r3/bin/../lib/gcc/xtensa-esp32-elf/8.4.0/no-rtti/libgcc.a(_bswapsi2.o)
                                          0x8 (size before relaxing)
 .literal.bootloader_clock_configure
                0x000000004007808c       0x1c /Users/catalin/esp/pycom-esp-idf-private/examples/wifi/scan/build/bootloader/bootloader_support/libbootloader_support.a(bootloader_clock.o)
                                         0x2c (size before relaxing)
 .literal.bootloader_common_ota_select_crc
                0x00000000400780a8        0x4 /Users/catalin/esp/pycom-esp-idf-private/examples/wifi/scan/build/bootloader/bootloader_support/libbootloader_support.a(bootloader_common.o)
 .literal.bootloader_common_vddsdio_configure
                0x00000000400780ac        0x4 /Users/catalin/esp/pycom-esp-idf-private/examples/wifi/scan/build/bootloader/bootloader_support/libbootloader_support.a(bootloader_common.o)
                                         0x10 (size before relaxing)
 .literal.bootloader_common_check_chip_validity
                0x00000000400780b0        0x0 /Users/catalin/esp/pycom-esp-idf-private/examples/wifi/scan/build/bootloader/bootloader_support/libbootloader_support.a(bootloader_common.o)
                                          0x4 (size before relaxing)
 .literal.bootloader_mmap
                0x00000000400780b0       0x20 /Users/catalin/esp/pycom-esp-idf-private/examples/wifi/scan/build/bootloader/bootloader_support/libbootloader_support.a(bootloader_flash.o)
                                         0x28 (size before relaxing)
 .literal.bootloader_munmap
                0x00000000400780d0        0x8 /Users/catalin/esp/pycom-esp-idf-private/examples/wifi/scan/build/bootloader/bootloader_support/libbootloader_support.a(bootloader_flash.o)
                                         0x14 (size before relaxing)
 .literal.bootloader_flash_read
                0x00000000400780d8        0x8 /Users/catalin/esp/pycom-esp-idf-private/examples/wifi/scan/build/bootloader/bootloader_support/libbootloader_support.a(bootloader_flash.o)
                                         0x34 (size before relaxing)
 .literal.bootloader_flash_write
                0x00000000400780e0        0x0 /Users/catalin/esp/pycom-esp-idf-private/examples/wifi/scan/build/bootloader/bootloader_support/libbootloader_support.a(bootloader_flash.o)
                                         0x10 (size before relaxing)
 .literal.bootloader_flash_erase_sector
                0x00000000400780e0        0x0 /Users/catalin/esp/pycom-esp-idf-private/examples/wifi/scan/build/bootloader/bootloader_support/libbootloader_support.a(bootloader_flash.o)
                                          0x8 (size before relaxing)
 .literal.bootloader_fill_random
                0x00000000400780e0       0x14 /Users/catalin/esp/pycom-esp-idf-private/examples/wifi/scan/build/bootloader/bootloader_support/libbootloader_support.a(bootloader_random.o)
                                         0x18 (size before relaxing)
 .literal.bootloader_random_enable
                0x00000000400780f4       0x78 /Users/catalin/esp/pycom-esp-idf-private/examples/wifi/scan/build/bootloader/bootloader_support/libbootloader_support.a(bootloader_random.o)
 .literal.bootloader_random_disable
                0x000000004007816c       0x1c /Users/catalin/esp/pycom-esp-idf-private/examples/wifi/scan/build/bootloader/bootloader_support/libbootloader_support.a(bootloader_random.o)
                                         0x4c (size before relaxing)
 .literal.bootloader_common_get_chip_revision
                0x0000000040078188        0xc /Users/catalin/esp/pycom-esp-idf-private/examples/wifi/scan/build/bootloader/bootloader_support/libbootloader_support.a(bootloader_efuse_esp32.o)
                                         0x10 (size before relaxing)
 .literal.bootloader_clock_get_rated_freq_mhz
                0x0000000040078194        0x0 /Users/catalin/esp/pycom-esp-idf-private/examples/wifi/scan/build/bootloader/bootloader_support/libbootloader_support.a(bootloader_efuse_esp32.o)
                                          0x4 (size before relaxing)
 .literal.unpack_load_app
                0x0000000040078194       0x1c /Users/catalin/esp/pycom-esp-idf-private/examples/wifi/scan/build/bootloader/bootloader_support/libbootloader_support.a(bootloader_utility.o)
                                         0x40 (size before relaxing)
 .literal.set_actual_ota_seq$isra$3$part$4
                0x00000000400781b0        0x4 /Users/catalin/esp/pycom-esp-idf-private/examples/wifi/scan/build/bootloader/bootloader_support/libbootloader_support.a(bootloader_utility.o)
                                         0x14 (size before relaxing)
 .literal.try_load_partition
                0x00000000400781b4        0x0 /Users/catalin/esp/pycom-esp-idf-private/examples/wifi/scan/build/bootloader/bootloader_support/libbootloader_support.a(bootloader_utility.o)
                                          0x4 (size before relaxing)
 .literal.bootloader_utility_load_partition_table
                0x00000000400781b4        0x0 /Users/catalin/esp/pycom-esp-idf-private/examples/wifi/scan/build/bootloader/bootloader_support/libbootloader_support.a(bootloader_utility.o)
                                         0x14 (size before relaxing)
 .literal.bootloader_reset
                0x00000000400781b4        0x8 /Users/catalin/esp/pycom-esp-idf-private/examples/wifi/scan/build/bootloader/bootloader_support/libbootloader_support.a(bootloader_utility.o)
                                         0x14 (size before relaxing)
 .literal.bootloader_utility_load_boot_image
                0x00000000400781bc        0x4 /Users/catalin/esp/pycom-esp-idf-private/examples/wifi/scan/build/bootloader/bootloader_support/libbootloader_support.a(bootloader_utility.o)
                                         0x30 (size before relaxing)
 .literal.bootloader_debug_buffer
                0x00000000400781c0        0xc /Users/catalin/esp/pycom-esp-idf-private/examples/wifi/scan/build/bootloader/bootloader_support/libbootloader_support.a(bootloader_utility.o)
                                         0x10 (size before relaxing)
 .literal.bootloader_sha256_start
                0x00000000400781cc        0x8 /Users/catalin/esp/pycom-esp-idf-private/examples/wifi/scan/build/bootloader/bootloader_support/libbootloader_support.a(bootloader_sha.o)
 .literal.bootloader_sha256_data
                0x00000000400781d4       0x20 /Users/catalin/esp/pycom-esp-idf-private/examples/wifi/scan/build/bootloader/bootloader_support/libbootloader_support.a(bootloader_sha.o)
                                         0x2c (size before relaxing)
 .literal.bootloader_sha256_finish
                0x00000000400781f4       0x14 /Users/catalin/esp/pycom-esp-idf-private/examples/wifi/scan/build/bootloader/bootloader_support/libbootloader_support.a(bootloader_sha.o)
                                         0x3c (size before relaxing)
 .literal.bootloader_util_regions_overlap
                0x0000000040078208       0x10 /Users/catalin/esp/pycom-esp-idf-private/examples/wifi/scan/build/bootloader/bootloader_support/libbootloader_support.a(esp_image_format.o)
                                         0x14 (size before relaxing)
 .literal.verify_load_addresses
                0x0000000040078218       0x64 /Users/catalin/esp/pycom-esp-idf-private/examples/wifi/scan/build/bootloader/bootloader_support/libbootloader_support.a(esp_image_format.o)
                                         0x7c (size before relaxing)
 .literal.should_load
                0x000000004007827c        0x8 /Users/catalin/esp/pycom-esp-idf-private/examples/wifi/scan/build/bootloader/bootloader_support/libbootloader_support.a(esp_image_format.o)
                                         0x28 (size before relaxing)
 .literal.image_load
                0x0000000040078284       0x20 /Users/catalin/esp/pycom-esp-idf-private/examples/wifi/scan/build/bootloader/bootloader_support/libbootloader_support.a(esp_image_format.o)
                                         0xb4 (size before relaxing)
 .literal.bootloader_load_image
                0x00000000400782a4        0x0 /Users/catalin/esp/pycom-esp-idf-private/examples/wifi/scan/build/bootloader/bootloader_support/libbootloader_support.a(esp_image_format.o)
                                          0x4 (size before relaxing)
 .literal.esp_image_verify
                0x00000000400782a4        0x0 /Users/catalin/esp/pycom-esp-idf-private/examples/wifi/scan/build/bootloader/bootloader_support/libbootloader_support.a(esp_image_format.o)
                                          0x4 (size before relaxing)
 .literal.esp_partition_table_verify
                0x00000000400782a4       0x14 /Users/catalin/esp/pycom-esp-idf-private/examples/wifi/scan/build/bootloader/bootloader_support/libbootloader_support.a(flash_partitions.o)
                                         0x1c (size before relaxing)
 .literal.esp_rom_spiflash_read_status
                0x00000000400782b8        0xc /Users/catalin/esp/pycom-esp-idf-private/examples/wifi/scan/build/bootloader/spi_flash/libspi_flash.a(spi_flash_rom_patch.o)
                                         0x14 (size before relaxing)
 .literal.esp_rom_spiflash_wait_idle
                0x00000000400782c4        0x8 /Users/catalin/esp/pycom-esp-idf-private/examples/wifi/scan/build/bootloader/spi_flash/libspi_flash.a(spi_flash_rom_patch.o)
                                          0xc (size before relaxing)
 .literal.esp_rom_spiflash_enable_write$constprop$6
                0x00000000400782cc        0x4 /Users/catalin/esp/pycom-esp-idf-private/examples/wifi/scan/build/bootloader/spi_flash/libspi_flash.a(spi_flash_rom_patch.o)
                                         0x14 (size before relaxing)
 .literal.esp_rom_spiflash_program_page_internal$constprop$4
                0x00000000400782d0        0xc /Users/catalin/esp/pycom-esp-idf-private/examples/wifi/scan/build/bootloader/spi_flash/libspi_flash.a(spi_flash_rom_patch.o)
                                         0x24 (size before relaxing)
 .literal.esp_rom_spiflash_read_statushigh
                0x00000000400782dc        0x0 /Users/catalin/esp/pycom-esp-idf-private/examples/wifi/scan/build/bootloader/spi_flash/libspi_flash.a(spi_flash_rom_patch.o)
                                          0xc (size before relaxing)
 .literal.esp_rom_spiflash_write_status
                0x00000000400782dc        0x0 /Users/catalin/esp/pycom-esp-idf-private/examples/wifi/scan/build/bootloader/spi_flash/libspi_flash.a(spi_flash_rom_patch.o)
                                         0x14 (size before relaxing)
 .literal.esp_rom_spiflash_unlock
                0x00000000400782dc        0x8 /Users/catalin/esp/pycom-esp-idf-private/examples/wifi/scan/build/bootloader/spi_flash/libspi_flash.a(spi_flash_rom_patch.o)
                                         0x28 (size before relaxing)
 .literal.esp_rom_spiflash_config_readmode
                0x00000000400782e4       0x20 /Users/catalin/esp/pycom-esp-idf-private/examples/wifi/scan/build/bootloader/spi_flash/libspi_flash.a(spi_flash_rom_patch.o)
                                         0x54 (size before relaxing)
 .literal.esp_rom_spiflash_erase_sector
                0x0000000040078304        0x4 /Users/catalin/esp/pycom-esp-idf-private/examples/wifi/scan/build/bootloader/spi_flash/libspi_flash.a(spi_flash_rom_patch.o)
                                         0x34 (size before relaxing)
 .literal.esp_rom_spiflash_write
                0x0000000040078308        0x0 /Users/catalin/esp/pycom-esp-idf-private/examples/wifi/scan/build/bootloader/spi_flash/libspi_flash.a(spi_flash_rom_patch.o)
                                         0x24 (size before relaxing)
 .literal.esp_rom_spiflash_write_encrypted
                0x0000000040078308        0xc /Users/catalin/esp/pycom-esp-idf-private/examples/wifi/scan/build/bootloader/spi_flash/libspi_flash.a(spi_flash_rom_patch.o)
                                         0x10 (size before relaxing)
 .literal.esp_rom_spiflash_read
                0x0000000040078314       0x24 /Users/catalin/esp/pycom-esp-idf-private/examples/wifi/scan/build/bootloader/spi_flash/libspi_flash.a(spi_flash_rom_patch.o)
                                         0x70 (size before relaxing)
 .literal.rtc_wdt_protect_off
                0x0000000040078338        0x8 /Users/catalin/esp/pycom-esp-idf-private/examples/wifi/scan/build/bootloader/soc/libsoc.a(rtc_wdt.o)
 .literal.rtc_wdt_protect_on
                0x0000000040078340        0x0 /Users/catalin/esp/pycom-esp-idf-private/examples/wifi/scan/build/bootloader/soc/libsoc.a(rtc_wdt.o)
                                          0x4 (size before relaxing)
 .literal.rtc_wdt_enable
                0x0000000040078340        0xc /Users/catalin/esp/pycom-esp-idf-private/examples/wifi/scan/build/bootloader/soc/libsoc.a(rtc_wdt.o)
                                         0x10 (size before relaxing)
 .literal.rtc_wdt_set_time
                0x000000004007834c       0x18 /Users/catalin/esp/pycom-esp-idf-private/examples/wifi/scan/build/bootloader/soc/libsoc.a(rtc_wdt.o)
                                         0x20 (size before relaxing)
 .literal.rtc_wdt_set_stage
                0x0000000040078364       0x10 /Users/catalin/esp/pycom-esp-idf-private/examples/wifi/scan/build/bootloader/soc/libsoc.a(rtc_wdt.o)
                                         0x14 (size before relaxing)
 .literal.rtc_wdt_disable
                0x0000000040078374        0x4 /Users/catalin/esp/pycom-esp-idf-private/examples/wifi/scan/build/bootloader/soc/libsoc.a(rtc_wdt.o)
                                         0x28 (size before relaxing)
 .literal.rtc_wdt_set_length_of_reset_signal
                0x0000000040078378        0x8 /Users/catalin/esp/pycom-esp-idf-private/examples/wifi/scan/build/bootloader/soc/libsoc.a(rtc_wdt.o)
                                          0xc (size before relaxing)
 .literal.rtc_clk_cpu_freq_to_pll_mhz
                0x0000000040078380       0x18 /Users/catalin/esp/pycom-esp-idf-private/examples/wifi/scan/build/bootloader/soc/libsoc.a(rtc_clk.o)
                                         0x30 (size before relaxing)
 .literal.rtc_clk_bbpll_disable
                0x0000000040078398        0x8 /Users/catalin/esp/pycom-esp-idf-private/examples/wifi/scan/build/bootloader/soc/libsoc.a(rtc_clk.o)
                                         0x10 (size before relaxing)
 .literal.rtc_clk_32k_enable_common$constprop$3
                0x00000000400783a0       0x10 /Users/catalin/esp/pycom-esp-idf-private/examples/wifi/scan/build/bootloader/soc/libsoc.a(rtc_clk.o)
                                         0x14 (size before relaxing)
 .literal.rtc_clk_32k_enable
                0x00000000400783b0        0x8 /Users/catalin/esp/pycom-esp-idf-private/examples/wifi/scan/build/bootloader/soc/libsoc.a(rtc_clk.o)
                                         0x10 (size before relaxing)
 .literal.rtc_clk_8m_enable
                0x00000000400783b8        0x8 /Users/catalin/esp/pycom-esp-idf-private/examples/wifi/scan/build/bootloader/soc/libsoc.a(rtc_clk.o)
                                         0x10 (size before relaxing)
 .literal.rtc_clk_8m_enabled
                0x00000000400783c0        0x0 /Users/catalin/esp/pycom-esp-idf-private/examples/wifi/scan/build/bootloader/soc/libsoc.a(rtc_clk.o)
                                          0x4 (size before relaxing)
 .literal.rtc_clk_8md256_enabled
                0x00000000400783c0        0x0 /Users/catalin/esp/pycom-esp-idf-private/examples/wifi/scan/build/bootloader/soc/libsoc.a(rtc_clk.o)
                                          0x4 (size before relaxing)
 .literal.rtc_clk_slow_freq_set
                0x00000000400783c0        0x0 /Users/catalin/esp/pycom-esp-idf-private/examples/wifi/scan/build/bootloader/soc/libsoc.a(rtc_clk.o)
                                          0xc (size before relaxing)
 .literal.rtc_clk_slow_freq_get
                0x00000000400783c0        0x0 /Users/catalin/esp/pycom-esp-idf-private/examples/wifi/scan/build/bootloader/soc/libsoc.a(rtc_clk.o)
                                          0x4 (size before relaxing)
 .literal.rtc_clk_slow_freq_get_hz
                0x00000000400783c0        0x8 /Users/catalin/esp/pycom-esp-idf-private/examples/wifi/scan/build/bootloader/soc/libsoc.a(rtc_clk.o)
                                         0x10 (size before relaxing)
 .literal.rtc_clk_fast_freq_set
                0x00000000400783c8        0x0 /Users/catalin/esp/pycom-esp-idf-private/examples/wifi/scan/build/bootloader/soc/libsoc.a(rtc_clk.o)
                                         0x10 (size before relaxing)
 .literal.rtc_clk_fast_freq_get
                0x00000000400783c8        0x0 /Users/catalin/esp/pycom-esp-idf-private/examples/wifi/scan/build/bootloader/soc/libsoc.a(rtc_clk.o)
                                          0x4 (size before relaxing)
 .literal.rtc_clk_bbpll_configure
                0x00000000400783c8        0x4 /Users/catalin/esp/pycom-esp-idf-private/examples/wifi/scan/build/bootloader/soc/libsoc.a(rtc_clk.o)
                                         0x34 (size before relaxing)
 .literal.rtc_clk_xtal_freq_get
                0x00000000400783cc        0x8 /Users/catalin/esp/pycom-esp-idf-private/examples/wifi/scan/build/bootloader/soc/libsoc.a(rtc_clk.o)
 .literal.rtc_clk_cpu_freq_mhz_to_config
                0x00000000400783d4        0x0 /Users/catalin/esp/pycom-esp-idf-private/examples/wifi/scan/build/bootloader/soc/libsoc.a(rtc_clk.o)
                                          0x4 (size before relaxing)
 .literal.rtc_clk_cpu_freq_get_config
                0x00000000400783d4        0x4 /Users/catalin/esp/pycom-esp-idf-private/examples/wifi/scan/build/bootloader/soc/libsoc.a(rtc_clk.o)
                                         0x14 (size before relaxing)
 .literal.rtc_clk_xtal_freq_update
                0x00000000400783d8        0x4 /Users/catalin/esp/pycom-esp-idf-private/examples/wifi/scan/build/bootloader/soc/libsoc.a(rtc_clk.o)
                                          0x8 (size before relaxing)
 .literal.rtc_clk_apb_freq_update
                0x00000000400783dc        0x0 /Users/catalin/esp/pycom-esp-idf-private/examples/wifi/scan/build/bootloader/soc/libsoc.a(rtc_clk.o)
                                          0x4 (size before relaxing)
 .literal.rtc_clk_cpu_freq_to_xtal
                0x00000000400783dc        0x8 /Users/catalin/esp/pycom-esp-idf-private/examples/wifi/scan/build/bootloader/soc/libsoc.a(rtc_clk.o)
                                         0x2c (size before relaxing)
 .literal.rtc_clk_cpu_freq_set_config
                0x00000000400783e4        0x8 /Users/catalin/esp/pycom-esp-idf-private/examples/wifi/scan/build/bootloader/soc/libsoc.a(rtc_clk.o)
                                         0x68 (size before relaxing)
 .literal.rtc_clk_apb_freq_get
                0x00000000400783ec        0xc /Users/catalin/esp/pycom-esp-idf-private/examples/wifi/scan/build/bootloader/soc/libsoc.a(rtc_clk.o)
                                         0x14 (size before relaxing)
 .iram1.2       0x00000000400783f8       0x9a /Users/catalin/esp/pycom-esp-idf-private/examples/wifi/scan/build/bootloader/main/libmain.a(pycom_mperror.o)
                                         0x9e (size before relaxing)
                0x00000000400783f8                mperror_set_rgb_color
 *fill*         0x0000000040078492        0x2 
 .iram1.12      0x0000000040078494       0x4f /Users/catalin/esp/pycom-esp-idf-private/examples/wifi/scan/build/bootloader/bootloader_support/libbootloader_support.a(pycom_bootloader_support.o)
                                         0x57 (size before relaxing)
                0x0000000040078494                pycom_ota_write_boot_info
 *fill*         0x00000000400784e3        0x1 
 .iram1.0       0x00000000400784e4       0x6e /Users/catalin/esp/pycom-esp-idf-private/examples/wifi/scan/build/bootloader/bootloader_support/libbootloader_support.a(bootloader_flash_config_esp32.o)
                0x00000000400784e4                bootloader_flash_cs_timing_config
 *fill*         0x0000000040078552        0x2 
 .iram1.2       0x0000000040078554      0x1d3 /Users/catalin/esp/pycom-esp-idf-private/examples/wifi/scan/build/bootloader/bootloader_support/libbootloader_support.a(bootloader_flash_config_esp32.o)
                0x0000000040078554                bootloader_flash_gpio_config
 *fill*         0x0000000040078727        0x1 
 .iram1.3       0x0000000040078728       0x92 /Users/catalin/esp/pycom-esp-idf-private/examples/wifi/scan/build/bootloader/bootloader_support/libbootloader_support.a(bootloader_flash_config_esp32.o)
                0x0000000040078728                bootloader_flash_dummy_config
 *fill*         0x00000000400787ba        0x2 
 .iram1.3       0x00000000400787bc        0xe /Users/catalin/esp/pycom-esp-idf-private/examples/wifi/scan/build/bootloader/soc/libsoc.a(cpu_util.o)
                0x00000000400787bc                esp_cpu_in_ocd_debug_mode
 *fill*         0x00000000400787ca        0x2 
 .iram1.1       0x00000000400787cc       0x3f /Users/catalin/esp/pycom-esp-idf-private/examples/wifi/scan/build/bootloader/main/libmain.a(pycom_mperror.o)
 *fill*         0x000000004007880b        0x0 
 *fill*         0x000000004007880b        0x0 
 *fill*         0x000000004007880b        0x0 
 *fill*         0x000000004007880b        0x0 
 *fill*         0x000000004007880b        0x0 
 *fill*         0x000000004007880b        0x0 
 *liblog.a:(.literal .text .literal.* .text.*)
 *libgcc.a:(.literal .text .literal.* .text.*)
 *fill*         0x000000004007880b        0x1 
 .text          0x000000004007880c       0x26 /Users/catalin/esp/xtensa-esp32-elf_2020r3/bin/../lib/gcc/xtensa-esp32-elf/8.4.0/no-rtti/libgcc.a(_bswapsi2.o)
                0x000000004007880c                __bswapsi2
 *fill*         0x0000000040078832        0x2 
 .text          0x0000000040078834       0x18 /Users/catalin/esp/xtensa-esp32-elf_2020r3/bin/../lib/gcc/xtensa-esp32-elf/8.4.0/no-rtti/libgcc.a(_lshrdi3.o)
                0x0000000040078834                __lshrdi3
 *fill*         0x000000004007884c        0x0 
 .text          0x000000004007884c      0x26e /Users/catalin/esp/xtensa-esp32-elf_2020r3/bin/../lib/gcc/xtensa-esp32-elf/8.4.0/no-rtti/libgcc.a(_udivdi3.o)
                0x000000004007884c                __udivdi3
 *libbootloader_support.a:bootloader_clock.*(.literal .text .literal.* .text.*)
 *fill*         0x0000000040078aba        0x2 
 .text.bootloader_clock_configure
                0x0000000040078abc       0x86 /Users/catalin/esp/pycom-esp-idf-private/examples/wifi/scan/build/bootloader/bootloader_support/libbootloader_support.a(bootloader_clock.o)
                                         0x92 (size before relaxing)
                0x0000000040078abc                bootloader_clock_configure
 *fill*         0x0000000040078b42        0x0 
 *libbootloader_support.a:bootloader_common.*(.literal .text .literal.* .text.*)
 *fill*         0x0000000040078b42        0x2 
 .text.bootloader_common_ota_select_crc
                0x0000000040078b44       0x14 /Users/catalin/esp/pycom-esp-idf-private/examples/wifi/scan/build/bootloader/bootloader_support/libbootloader_support.a(bootloader_common.o)
                0x0000000040078b44                bootloader_common_ota_select_crc
 .text.bootloader_common_vddsdio_configure
                0x0000000040078b58       0x33 /Users/catalin/esp/pycom-esp-idf-private/examples/wifi/scan/build/bootloader/bootloader_support/libbootloader_support.a(bootloader_common.o)
                                         0x3a (size before relaxing)
                0x0000000040078b58                bootloader_common_vddsdio_configure
 *fill*         0x0000000040078b8b        0x1 
 .text.bootloader_common_check_chip_validity
                0x0000000040078b8c       0x2a /Users/catalin/esp/pycom-esp-idf-private/examples/wifi/scan/build/bootloader/bootloader_support/libbootloader_support.a(bootloader_common.o)
                                         0x2e (size before relaxing)
                0x0000000040078b8c                bootloader_common_check_chip_validity
 *fill*         0x0000000040078bb6        0x0 
 *fill*         0x0000000040078bb6        0x0 
 *libbootloader_support.a:bootloader_flash.*(.literal .text .literal.* .text.*)
 *fill*         0x0000000040078bb6        0x2 
 .text.bootloader_mmap
                0x0000000040078bb8       0x64 /Users/catalin/esp/pycom-esp-idf-private/examples/wifi/scan/build/bootloader/bootloader_support/libbootloader_support.a(bootloader_flash.o)
                0x0000000040078bb8                bootloader_mmap
 .text.bootloader_munmap
                0x0000000040078c1c       0x32 /Users/catalin/esp/pycom-esp-idf-private/examples/wifi/scan/build/bootloader/bootloader_support/libbootloader_support.a(bootloader_flash.o)
                0x0000000040078c1c                bootloader_munmap
 *fill*         0x0000000040078c4e        0x2 
 .text.bootloader_flash_read
                0x0000000040078c50       0xc4 /Users/catalin/esp/pycom-esp-idf-private/examples/wifi/scan/build/bootloader/bootloader_support/libbootloader_support.a(bootloader_flash.o)
                0x0000000040078c50                bootloader_flash_read
 .text.bootloader_flash_write
                0x0000000040078d14       0x5a /Users/catalin/esp/pycom-esp-idf-private/examples/wifi/scan/build/bootloader/bootloader_support/libbootloader_support.a(bootloader_flash.o)
                                         0x61 (size before relaxing)
                0x0000000040078d14                bootloader_flash_write
 *fill*         0x0000000040078d6e        0x2 
 .text.bootloader_flash_erase_sector
                0x0000000040078d70       0x1a /Users/catalin/esp/pycom-esp-idf-private/examples/wifi/scan/build/bootloader/bootloader_support/libbootloader_support.a(bootloader_flash.o)
                                         0x1e (size before relaxing)
                0x0000000040078d70                bootloader_flash_erase_sector
 *fill*         0x0000000040078d8a        0x2 
 .text.bootloader_mmap_get_free_pages
                0x0000000040078d8c        0x7 /Users/catalin/esp/pycom-esp-idf-private/examples/wifi/scan/build/bootloader/bootloader_support/libbootloader_support.a(bootloader_flash.o)
                0x0000000040078d8c                bootloader_mmap_get_free_pages
 *fill*         0x0000000040078d93        0x0 
 *fill*         0x0000000040078d93        0x0 
 *fill*         0x0000000040078d93        0x0 
 *libbootloader_support.a:bootloader_random.*(.literal .text .literal.* .text.*)
 *fill*         0x0000000040078d93        0x1 
 .text.bootloader_fill_random
                0x0000000040078d94       0x5b /Users/catalin/esp/pycom-esp-idf-private/examples/wifi/scan/build/bootloader/bootloader_support/libbootloader_support.a(bootloader_random.o)
                0x0000000040078d94                bootloader_fill_random
 *fill*         0x0000000040078def        0x1 
 .text.bootloader_random_enable
                0x0000000040078df0      0x1d5 /Users/catalin/esp/pycom-esp-idf-private/examples/wifi/scan/build/bootloader/bootloader_support/libbootloader_support.a(bootloader_random.o)
                0x0000000040078df0                bootloader_random_enable
 *fill*         0x0000000040078fc5        0x3 
 .text.bootloader_random_disable
                0x0000000040078fc8      0x13a /Users/catalin/esp/pycom-esp-idf-private/examples/wifi/scan/build/bootloader/bootloader_support/libbootloader_support.a(bootloader_random.o)
                0x0000000040078fc8                bootloader_random_disable
 *fill*         0x0000000040079102        0x0 
 *fill*         0x0000000040079102        0x0 
 *fill*         0x0000000040079102        0x0 
 *libbootloader_support.a:bootloader_efuse_esp32.*(.literal .text .literal.* .text.*)
 *fill*         0x0000000040079102        0x2 
 .text.bootloader_common_get_chip_revision
                0x0000000040079104       0x42 /Users/catalin/esp/pycom-esp-idf-private/examples/wifi/scan/build/bootloader/bootloader_support/libbootloader_support.a(bootloader_efuse_esp32.o)
                0x0000000040079104                bootloader_common_get_chip_revision
 *fill*         0x0000000040079146        0x2 
 .text.bootloader_clock_get_rated_freq_mhz
                0x0000000040079148       0x22 /Users/catalin/esp/pycom-esp-idf-private/examples/wifi/scan/build/bootloader/bootloader_support/libbootloader_support.a(bootloader_efuse_esp32.o)
                0x0000000040079148                bootloader_clock_get_rated_freq_mhz
 *fill*         0x000000004007916a        0x0 
 *fill*         0x000000004007916a        0x0 
 *libbootloader_support.a:bootloader_utility.*(.literal .text .literal.* .text.*)
 *fill*         0x000000004007916a        0x2 
 .text.unpack_load_app
                0x000000004007916c      0x12c /Users/catalin/esp/pycom-esp-idf-private/examples/wifi/scan/build/bootloader/bootloader_support/libbootloader_support.a(bootloader_utility.o)
 .text.set_actual_ota_seq$isra$3$part$4
                0x0000000040079298       0x57 /Users/catalin/esp/pycom-esp-idf-private/examples/wifi/scan/build/bootloader/bootloader_support/libbootloader_support.a(bootloader_utility.o)
                                         0x5f (size before relaxing)
 *fill*         0x00000000400792ef        0x1 
 .text.try_load_partition
                0x00000000400792f0       0x20 /Users/catalin/esp/pycom-esp-idf-private/examples/wifi/scan/build/bootloader/bootloader_support/libbootloader_support.a(bootloader_utility.o)
 .text.bootloader_utility_load_partition_table
                0x0000000040079310       0xa3 /Users/catalin/esp/pycom-esp-idf-private/examples/wifi/scan/build/bootloader/bootloader_support/libbootloader_support.a(bootloader_utility.o)
                                         0xa7 (size before relaxing)
                0x0000000040079310                bootloader_utility_load_partition_table
 *fill*         0x00000000400793b3        0x1 
 .text.bootloader_reset
                0x00000000400793b4       0x2b /Users/catalin/esp/pycom-esp-idf-private/examples/wifi/scan/build/bootloader/bootloader_support/libbootloader_support.a(bootloader_utility.o)
                0x00000000400793b4                bootloader_reset
 *fill*         0x00000000400793df        0x1 
 .text.bootloader_utility_load_boot_image
                0x00000000400793e0       0xbc /Users/catalin/esp/pycom-esp-idf-private/examples/wifi/scan/build/bootloader/bootloader_support/libbootloader_support.a(bootloader_utility.o)
                                         0xcc (size before relaxing)
                0x00000000400793e0                bootloader_utility_load_boot_image
 .text.bootloader_debug_buffer
                0x000000004007949c       0x1a /Users/catalin/esp/pycom-esp-idf-private/examples/wifi/scan/build/bootloader/bootloader_support/libbootloader_support.a(bootloader_utility.o)
                                         0x1d (size before relaxing)
                0x000000004007949c                bootloader_debug_buffer
 *fill*         0x00000000400794b6        0x2 
 .text.index_to_partition
                0x00000000400794b8       0x40 /Users/catalin/esp/pycom-esp-idf-private/examples/wifi/scan/build/bootloader/bootloader_support/libbootloader_support.a(bootloader_utility.o)
 *fill*         0x00000000400794f8        0x0 
 *fill*         0x00000000400794f8        0x0 
 *fill*         0x00000000400794f8        0x0 
 *libbootloader_support.a:bootloader_sha.*(.literal .text .literal.* .text.*)
 .text.bootloader_sha256_start
                0x00000000400794f8       0x12 /Users/catalin/esp/pycom-esp-idf-private/examples/wifi/scan/build/bootloader/bootloader_support/libbootloader_support.a(bootloader_sha.o)
                0x00000000400794f8                bootloader_sha256_start
 *fill*         0x000000004007950a        0x2 
 .text.bootloader_sha256_data
                0x000000004007950c       0xa3 /Users/catalin/esp/pycom-esp-idf-private/examples/wifi/scan/build/bootloader/bootloader_support/libbootloader_support.a(bootloader_sha.o)
                                         0xa7 (size before relaxing)
                0x000000004007950c                bootloader_sha256_data
 *fill*         0x00000000400795af        0x1 
 .text.bootloader_sha256_finish
                0x00000000400795b0       0xb8 /Users/catalin/esp/pycom-esp-idf-private/examples/wifi/scan/build/bootloader/bootloader_support/libbootloader_support.a(bootloader_sha.o)
                                         0xc0 (size before relaxing)
                0x00000000400795b0                bootloader_sha256_finish
 *fill*         0x0000000040079668        0x0 
 *fill*         0x0000000040079668        0x0 
 *fill*         0x0000000040079668        0x0 
 *libbootloader_support.a:esp_image_format.*(.literal .text .literal.* .text.*)
 .text.bootloader_util_regions_overlap
                0x0000000040079668       0x38 /Users/catalin/esp/pycom-esp-idf-private/examples/wifi/scan/build/bootloader/bootloader_support/libbootloader_support.a(esp_image_format.o)
                                         0x3c (size before relaxing)
 .text.verify_load_addresses
                0x00000000400796a0      0x136 /Users/catalin/esp/pycom-esp-idf-private/examples/wifi/scan/build/bootloader/bootloader_support/libbootloader_support.a(esp_image_format.o)
                                        0x146 (size before relaxing)
 *fill*         0x00000000400797d6        0x2 
 .text.should_load
                0x00000000400797d8       0x76 /Users/catalin/esp/pycom-esp-idf-private/examples/wifi/scan/build/bootloader/bootloader_support/libbootloader_support.a(esp_image_format.o)
 *fill*         0x000000004007984e        0x2 
 .text.image_load
                0x0000000040079850      0x4aa /Users/catalin/esp/pycom-esp-idf-private/examples/wifi/scan/build/bootloader/bootloader_support/libbootloader_support.a(esp_image_format.o)
                                        0x4ea (size before relaxing)
 *fill*         0x0000000040079cfa        0x2 
 .text.bootloader_load_image
                0x0000000040079cfc       0x10 /Users/catalin/esp/pycom-esp-idf-private/examples/wifi/scan/build/bootloader/bootloader_support/libbootloader_support.a(esp_image_format.o)
                                         0x14 (size before relaxing)
                0x0000000040079cfc                bootloader_load_image
 .text.esp_image_verify
                0x0000000040079d0c       0x10 /Users/catalin/esp/pycom-esp-idf-private/examples/wifi/scan/build/bootloader/bootloader_support/libbootloader_support.a(esp_image_format.o)
                                         0x14 (size before relaxing)
                0x0000000040079d0c                esp_image_verify
 *fill*         0x0000000040079d1c        0x0 
 *fill*         0x0000000040079d1c        0x0 
 *fill*         0x0000000040079d1c        0x0 
 *libbootloader_support.a:flash_encrypt.*(.literal .text .literal.* .text.*)
 *libbootloader_support.a:flash_partitions.*(.literal .text .literal.* .text.*)
 .text.esp_partition_table_verify
                0x0000000040079d1c       0x93 /Users/catalin/esp/pycom-esp-idf-private/examples/wifi/scan/build/bootloader/bootloader_support/libbootloader_support.a(flash_partitions.o)
                0x0000000040079d1c                esp_partition_table_verify
 *libbootloader_support.a:secure_boot.*(.literal .text .literal.* .text.*)
 *libbootloader_support.a:secure_boot_signatures.*(.literal .text .literal.* .text.*)
 *libmicro-ecc.a:*.*(.literal .text .literal.* .text.*)
 *libspi_flash.a:*.*(.literal .text .literal.* .text.*)
 *fill*         0x0000000040079daf        0x1 
 .text.esp_rom_spiflash_read_status
                0x0000000040079db0       0x5b /Users/catalin/esp/pycom-esp-idf-private/examples/wifi/scan/build/bootloader/spi_flash/libspi_flash.a(spi_flash_rom_patch.o)
                0x0000000040079db0                esp_rom_spiflash_read_status
 *fill*         0x0000000040079e0b        0x1 
 .text.esp_rom_spiflash_wait_idle
                0x0000000040079e0c       0x30 /Users/catalin/esp/pycom-esp-idf-private/examples/wifi/scan/build/bootloader/spi_flash/libspi_flash.a(spi_flash_rom_patch.o)
                0x0000000040079e0c                esp_rom_spiflash_wait_idle
 .text.esp_rom_spiflash_enable_write$constprop$6
                0x0000000040079e3c       0x3c /Users/catalin/esp/pycom-esp-idf-private/examples/wifi/scan/build/bootloader/spi_flash/libspi_flash.a(spi_flash_rom_patch.o)
                                         0x43 (size before relaxing)
 *fill*         0x0000000040079e78        0x0 
 .text.esp_rom_spiflash_program_page_internal$constprop$4
                0x0000000040079e78       0xbb /Users/catalin/esp/pycom-esp-idf-private/examples/wifi/scan/build/bootloader/spi_flash/libspi_flash.a(spi_flash_rom_patch.o)
                                         0xbf (size before relaxing)
 *fill*         0x0000000040079f33        0x1 
 .text.esp_rom_spiflash_read_statushigh
                0x0000000040079f34       0x21 /Users/catalin/esp/pycom-esp-idf-private/examples/wifi/scan/build/bootloader/spi_flash/libspi_flash.a(spi_flash_rom_patch.o)
                0x0000000040079f34                esp_rom_spiflash_read_statushigh
 *fill*         0x0000000040079f55        0x3 
 .text.esp_rom_spiflash_write_status
                0x0000000040079f58       0x2f /Users/catalin/esp/pycom-esp-idf-private/examples/wifi/scan/build/bootloader/spi_flash/libspi_flash.a(spi_flash_rom_patch.o)
                                         0x33 (size before relaxing)
                0x0000000040079f58                esp_rom_spiflash_write_status
 *fill*         0x0000000040079f87        0x1 
 .text.esp_rom_spiflash_unlock
                0x0000000040079f88       0x62 /Users/catalin/esp/pycom-esp-idf-private/examples/wifi/scan/build/bootloader/spi_flash/libspi_flash.a(spi_flash_rom_patch.o)
                                         0x72 (size before relaxing)
                0x0000000040079f88                esp_rom_spiflash_unlock
 *fill*         0x0000000040079fea        0x2 
 .text.esp_rom_spiflash_config_readmode
                0x0000000040079fec      0x28a /Users/catalin/esp/pycom-esp-idf-private/examples/wifi/scan/build/bootloader/spi_flash/libspi_flash.a(spi_flash_rom_patch.o)
                0x0000000040079fec                esp_rom_spiflash_config_readmode
 *fill*         0x000000004007a276        0x2 
 .text.esp_rom_spiflash_erase_sector
                0x000000004007a278       0x81 /Users/catalin/esp/pycom-esp-idf-private/examples/wifi/scan/build/bootloader/spi_flash/libspi_flash.a(spi_flash_rom_patch.o)
                                         0x88 (size before relaxing)
                0x000000004007a278                esp_rom_spiflash_erase_sector
 *fill*         0x000000004007a2f9        0x3 
 .text.esp_rom_spiflash_write
                0x000000004007a2fc       0xab /Users/catalin/esp/pycom-esp-idf-private/examples/wifi/scan/build/bootloader/spi_flash/libspi_flash.a(spi_flash_rom_patch.o)
                0x000000004007a2fc                esp_rom_spiflash_write
 *fill*         0x000000004007a3a7        0x1 
 .text.esp_rom_spiflash_write_encrypted
                0x000000004007a3a8       0x58 /Users/catalin/esp/pycom-esp-idf-private/examples/wifi/scan/build/bootloader/spi_flash/libspi_flash.a(spi_flash_rom_patch.o)
                                         0x5c (size before relaxing)
                0x000000004007a3a8                esp_rom_spiflash_write_encrypted
 .text.esp_rom_spiflash_read
                0x000000004007a400      0x2e0 /Users/catalin/esp/pycom-esp-idf-private/examples/wifi/scan/build/bootloader/spi_flash/libspi_flash.a(spi_flash_rom_patch.o)
                0x000000004007a400                esp_rom_spiflash_read
 *fill*         0x000000004007a6e0        0x0 
 *fill*         0x000000004007a6e0        0x0 
 *fill*         0x000000004007a6e0        0x0 
 *fill*         0x000000004007a6e0        0x0 
 *fill*         0x000000004007a6e0        0x0 
 *fill*         0x000000004007a6e0        0x0 
 *fill*         0x000000004007a6e0        0x0 
 *fill*         0x000000004007a6e0        0x0 
 *fill*         0x000000004007a6e0        0x0 
 *libsoc.a:rtc_wdt.*(.literal .text .literal.* .text.*)
 .text.rtc_wdt_protect_off
                0x000000004007a6e0       0x10 /Users/catalin/esp/pycom-esp-idf-private/examples/wifi/scan/build/bootloader/soc/libsoc.a(rtc_wdt.o)
                0x000000004007a6e0                rtc_wdt_protect_off
 .text.rtc_wdt_protect_on
                0x000000004007a6f0        0xf /Users/catalin/esp/pycom-esp-idf-private/examples/wifi/scan/build/bootloader/soc/libsoc.a(rtc_wdt.o)
                0x000000004007a6f0                rtc_wdt_protect_on
 *fill*         0x000000004007a6ff        0x1 
 .text.rtc_wdt_enable
                0x000000004007a700       0x2b /Users/catalin/esp/pycom-esp-idf-private/examples/wifi/scan/build/bootloader/soc/libsoc.a(rtc_wdt.o)
                0x000000004007a700                rtc_wdt_enable
 *fill*         0x000000004007a72b        0x1 
 .text.rtc_wdt_set_time
                0x000000004007a72c       0x4b /Users/catalin/esp/pycom-esp-idf-private/examples/wifi/scan/build/bootloader/soc/libsoc.a(rtc_wdt.o)
                                         0x4f (size before relaxing)
                0x000000004007a72c                rtc_wdt_set_time
 *fill*         0x000000004007a777        0x1 
 .text.rtc_wdt_set_stage
                0x000000004007a778       0x7b /Users/catalin/esp/pycom-esp-idf-private/examples/wifi/scan/build/bootloader/soc/libsoc.a(rtc_wdt.o)
                0x000000004007a778                rtc_wdt_set_stage
 *fill*         0x000000004007a7f3        0x1 
 .text.rtc_wdt_disable
                0x000000004007a7f4       0x83 /Users/catalin/esp/pycom-esp-idf-private/examples/wifi/scan/build/bootloader/soc/libsoc.a(rtc_wdt.o)
                                         0x8f (size before relaxing)
                0x000000004007a7f4                rtc_wdt_disable
 *fill*         0x000000004007a877        0x1 
 .text.rtc_wdt_set_length_of_reset_signal
                0x000000004007a878       0x49 /Users/catalin/esp/pycom-esp-idf-private/examples/wifi/scan/build/bootloader/soc/libsoc.a(rtc_wdt.o)
                0x000000004007a878                rtc_wdt_set_length_of_reset_signal
 *fill*         0x000000004007a8c1        0x0 
 *fill*         0x000000004007a8c1        0x0 
 *fill*         0x000000004007a8c1        0x0 
 *fill*         0x000000004007a8c1        0x0 
 *fill*         0x000000004007a8c1        0x0 
 *libsoc.a:rtc_clk.*(.literal .text .literal.* .text.*)
 *fill*         0x000000004007a8c1        0x3 
 .text.rtc_clk_cpu_freq_to_pll_mhz
                0x000000004007a8c4       0x95 /Users/catalin/esp/pycom-esp-idf-private/examples/wifi/scan/build/bootloader/soc/libsoc.a(rtc_clk.o)
                                         0x99 (size before relaxing)
 *fill*         0x000000004007a959        0x3 
 .text.rtc_clk_bbpll_disable
                0x000000004007a95c       0x3a /Users/catalin/esp/pycom-esp-idf-private/examples/wifi/scan/build/bootloader/soc/libsoc.a(rtc_clk.o)
 *fill*         0x000000004007a996        0x2 
 .text.rtc_clk_32k_enable_common$constprop$3
                0x000000004007a998       0x72 /Users/catalin/esp/pycom-esp-idf-private/examples/wifi/scan/build/bootloader/soc/libsoc.a(rtc_clk.o)
 *fill*         0x000000004007aa0a        0x2 
 .text.rtc_clk_32k_enable
                0x000000004007aa0c       0x3a /Users/catalin/esp/pycom-esp-idf-private/examples/wifi/scan/build/bootloader/soc/libsoc.a(rtc_clk.o)
                0x000000004007aa0c                rtc_clk_32k_enable
 *fill*         0x000000004007aa46        0x2 
 .text.rtc_clk_8m_enable
                0x000000004007aa48       0x7f /Users/catalin/esp/pycom-esp-idf-private/examples/wifi/scan/build/bootloader/soc/libsoc.a(rtc_clk.o)
                0x000000004007aa48                rtc_clk_8m_enable
 *fill*         0x000000004007aac7        0x1 
 .text.rtc_clk_8m_enabled
                0x000000004007aac8       0x15 /Users/catalin/esp/pycom-esp-idf-private/examples/wifi/scan/build/bootloader/soc/libsoc.a(rtc_clk.o)
                0x000000004007aac8                rtc_clk_8m_enabled
 *fill*         0x000000004007aadd        0x3 
 .text.rtc_clk_8md256_enabled
                0x000000004007aae0       0x15 /Users/catalin/esp/pycom-esp-idf-private/examples/wifi/scan/build/bootloader/soc/libsoc.a(rtc_clk.o)
                0x000000004007aae0                rtc_clk_8md256_enabled
 *fill*         0x000000004007aaf5        0x3 
 .text.rtc_clk_slow_freq_set
                0x000000004007aaf8       0x44 /Users/catalin/esp/pycom-esp-idf-private/examples/wifi/scan/build/bootloader/soc/libsoc.a(rtc_clk.o)
                0x000000004007aaf8                rtc_clk_slow_freq_set
 .text.rtc_clk_slow_freq_get
                0x000000004007ab3c       0x10 /Users/catalin/esp/pycom-esp-idf-private/examples/wifi/scan/build/bootloader/soc/libsoc.a(rtc_clk.o)
                0x000000004007ab3c                rtc_clk_slow_freq_get
 .text.rtc_clk_slow_freq_get_hz
                0x000000004007ab4c       0x26 /Users/catalin/esp/pycom-esp-idf-private/examples/wifi/scan/build/bootloader/soc/libsoc.a(rtc_clk.o)
                0x000000004007ab4c                rtc_clk_slow_freq_get_hz
 *fill*         0x000000004007ab72        0x2 
 .text.rtc_clk_fast_freq_set
                0x000000004007ab74       0x2c /Users/catalin/esp/pycom-esp-idf-private/examples/wifi/scan/build/bootloader/soc/libsoc.a(rtc_clk.o)
                0x000000004007ab74                rtc_clk_fast_freq_set
 .text.rtc_clk_fast_freq_get
                0x000000004007aba0       0x10 /Users/catalin/esp/pycom-esp-idf-private/examples/wifi/scan/build/bootloader/soc/libsoc.a(rtc_clk.o)
                0x000000004007aba0                rtc_clk_fast_freq_get
 .text.rtc_clk_bbpll_configure
                0x000000004007abb0      0x18d /Users/catalin/esp/pycom-esp-idf-private/examples/wifi/scan/build/bootloader/soc/libsoc.a(rtc_clk.o)
                0x000000004007abb0                rtc_clk_bbpll_configure
 *fill*         0x000000004007ad3d        0x3 
 .text.rtc_clk_xtal_freq_get
                0x000000004007ad40       0x26 /Users/catalin/esp/pycom-esp-idf-private/examples/wifi/scan/build/bootloader/soc/libsoc.a(rtc_clk.o)
                0x000000004007ad40                rtc_get_xtal
                0x000000004007ad40                rtc_clk_xtal_freq_get
 *fill*         0x000000004007ad66        0x2 
 .text.rtc_clk_cpu_freq_mhz_to_config
                0x000000004007ad68       0x57 /Users/catalin/esp/pycom-esp-idf-private/examples/wifi/scan/build/bootloader/soc/libsoc.a(rtc_clk.o)
                0x000000004007ad68                rtc_clk_cpu_freq_mhz_to_config
 *fill*         0x000000004007adbf        0x1 
 .text.rtc_clk_cpu_freq_get_config
                0x000000004007adc0       0x70 /Users/catalin/esp/pycom-esp-idf-private/examples/wifi/scan/build/bootloader/soc/libsoc.a(rtc_clk.o)
                                         0x74 (size before relaxing)
                0x000000004007adc0                rtc_clk_cpu_freq_get_config
 .text.rtc_clk_xtal_freq_update
                0x000000004007ae30       0x29 /Users/catalin/esp/pycom-esp-idf-private/examples/wifi/scan/build/bootloader/soc/libsoc.a(rtc_clk.o)
                0x000000004007ae30                rtc_clk_xtal_freq_update
 *fill*         0x000000004007ae59        0x3 
 .text.rtc_clk_apb_freq_update
                0x000000004007ae5c       0x19 /Users/catalin/esp/pycom-esp-idf-private/examples/wifi/scan/build/bootloader/soc/libsoc.a(rtc_clk.o)
                0x000000004007ae5c                rtc_clk_apb_freq_update
 *fill*         0x000000004007ae75        0x3 
 .text.rtc_clk_cpu_freq_to_xtal
                0x000000004007ae78       0x72 /Users/catalin/esp/pycom-esp-idf-private/examples/wifi/scan/build/bootloader/soc/libsoc.a(rtc_clk.o)
                                         0x76 (size before relaxing)
                0x000000004007ae78                rtc_clk_cpu_freq_to_xtal
 *fill*         0x000000004007aeea        0x2 
 .text.rtc_clk_cpu_freq_set_config
                0x000000004007aeec      0x115 /Users/catalin/esp/pycom-esp-idf-private/examples/wifi/scan/build/bootloader/soc/libsoc.a(rtc_clk.o)
                                        0x12d (size before relaxing)
                0x000000004007aeec                rtc_clk_cpu_freq_set_config
 *fill*         0x000000004007b001        0x3 
 .text.rtc_clk_apb_freq_get
                0x000000004007b004       0x2a /Users/catalin/esp/pycom-esp-idf-private/examples/wifi/scan/build/bootloader/soc/libsoc.a(rtc_clk.o)
                0x000000004007b004                rtc_clk_apb_freq_get
 *fill*         0x000000004007b02e        0x0 
 *fill*         0x000000004007b02e        0x0 
 *fill*         0x000000004007b02e        0x0 
 *fill*         0x000000004007b02e        0x0 
 *fill*         0x000000004007b02e        0x0 
 *fill*         0x000000004007b02e        0x0 
 *fill*         0x000000004007b02e        0x0 
 *fill*         0x000000004007b02e        0x0 
 *fill*         0x000000004007b02e        0x0 
 *fill*         0x000000004007b02e        0x0 
 *fill*         0x000000004007b02e        0x0 
 *fill*         0x000000004007b02e        0x0 
 *fill*         0x000000004007b02e        0x0 
 *fill*         0x000000004007b02e        0x0 
 *fill*         0x000000004007b02e        0x0 
 *fill*         0x000000004007b02e        0x0 
 *libefuse.a:*.*(.literal .text .literal.* .text.*)
 *(.fini.literal)
 *(.fini)
 *(.gnu.version)
                0x000000004007b02e                _loader_text_end = ABSOLUTE (.)

.iram.text      0x0000000040080400     0x147e
                0x0000000040080400                . = ALIGN (0x10)
 *(.entry.text)
 *(.init.literal)
 *(.init)
                0x0000000040080400                _stext = .
                0x0000000040080400                _text_start = ABSOLUTE (.)
 *(.literal .text .literal.* .text.* .stub .gnu.warning .gnu.linkonce.literal.* .gnu.linkonce.t.*.literal .gnu.linkonce.t.*)
 .literal.call_start_cpu0
                0x0000000040080400        0x8 /Users/catalin/esp/pycom-esp-idf-private/examples/wifi/scan/build/bootloader/main/libmain.a(bootloader_start.o)
                                         0x1c (size before relaxing)
 .literal.pycom_bootloader_common_ota_select_valid
                0x0000000040080408        0x0 /Users/catalin/esp/pycom-esp-idf-private/examples/wifi/scan/build/bootloader/main/libmain.a(pycom_bootloader.o)
                                          0x4 (size before relaxing)
 .literal.pycom_bootloader_utility_get_selected_boot_partition
                0x0000000040080408        0x8 /Users/catalin/esp/pycom-esp-idf-private/examples/wifi/scan/build/bootloader/main/libmain.a(pycom_bootloader.o)
                                         0x2c (size before relaxing)
 .literal.wait_while_blinking
                0x0000000040080410       0x10 /Users/catalin/esp/pycom-esp-idf-private/examples/wifi/scan/build/bootloader/main/libmain.a(pycom_bootmgr.o)
                                         0x1c (size before relaxing)
 .literal.wait_for_safe_boot
                0x0000000040080420        0xc /Users/catalin/esp/pycom-esp-idf-private/examples/wifi/scan/build/bootloader/main/libmain.a(pycom_bootmgr.o)
                                         0x38 (size before relaxing)
 .literal.gpio_pullup_en
                0x000000004008042c        0x4 /Users/catalin/esp/pycom-esp-idf-private/examples/wifi/scan/build/bootloader/main/libmain.a(pycom_gpio.o)
 .literal.gpio_pullup_dis
                0x0000000040080430        0x0 /Users/catalin/esp/pycom-esp-idf-private/examples/wifi/scan/build/bootloader/main/libmain.a(pycom_gpio.o)
                                          0x4 (size before relaxing)
 .literal.gpio_pulldown_en
                0x0000000040080430        0x0 /Users/catalin/esp/pycom-esp-idf-private/examples/wifi/scan/build/bootloader/main/libmain.a(pycom_gpio.o)
                                          0x4 (size before relaxing)
 .literal.gpio_pulldown_dis
                0x0000000040080430        0x0 /Users/catalin/esp/pycom-esp-idf-private/examples/wifi/scan/build/bootloader/main/libmain.a(pycom_gpio.o)
                                          0x4 (size before relaxing)
 .literal.gpio_set_intr_type
                0x0000000040080430        0x4 /Users/catalin/esp/pycom-esp-idf-private/examples/wifi/scan/build/bootloader/main/libmain.a(pycom_gpio.o)
                                          0x8 (size before relaxing)
 .literal.gpio_intr_enable
                0x0000000040080434        0xc /Users/catalin/esp/pycom-esp-idf-private/examples/wifi/scan/build/bootloader/main/libmain.a(pycom_gpio.o)
                                         0x14 (size before relaxing)
 .literal.gpio_intr_disable
                0x0000000040080440        0x0 /Users/catalin/esp/pycom-esp-idf-private/examples/wifi/scan/build/bootloader/main/libmain.a(pycom_gpio.o)
                                          0xc (size before relaxing)
 .literal.gpio_get_level
                0x0000000040080440        0x0 /Users/catalin/esp/pycom-esp-idf-private/examples/wifi/scan/build/bootloader/main/libmain.a(pycom_gpio.o)
                                          0x4 (size before relaxing)
 .literal.gpio_config
                0x0000000040080440        0x4 /Users/catalin/esp/pycom-esp-idf-private/examples/wifi/scan/build/bootloader/main/libmain.a(pycom_gpio.o)
                                         0x30 (size before relaxing)
 .literal.mperror_fatal_error
                0x0000000040080444        0x4 /Users/catalin/esp/pycom-esp-idf-private/examples/wifi/scan/build/bootloader/main/libmain.a(pycom_mperror.o)
                                          0x8 (size before relaxing)
 .literal.mperror_heartbeat_switch_off
                0x0000000040080448        0x4 /Users/catalin/esp/pycom-esp-idf-private/examples/wifi/scan/build/bootloader/main/libmain.a(pycom_mperror.o)
                                          0x8 (size before relaxing)
 .literal.mperror_init0
                0x000000004008044c        0x4 /Users/catalin/esp/pycom-esp-idf-private/examples/wifi/scan/build/bootloader/main/libmain.a(pycom_mperror.o)
                                         0x18 (size before relaxing)
 .literal.pycom_read_otadata
                0x0000000040080450        0x0 /Users/catalin/esp/pycom-esp-idf-private/examples/wifi/scan/build/bootloader/bootloader_support/libbootloader_support.a(pycom_bootloader_support.o)
                                          0xc (size before relaxing)
 .literal.pycom_bootloader_common_ota_select_crc
                0x0000000040080450        0x4 /Users/catalin/esp/pycom-esp-idf-private/examples/wifi/scan/build/bootloader/bootloader_support/libbootloader_support.a(pycom_bootloader_support.o)
 .literal.unlikely.abort
                0x0000000040080454        0x8 /Users/catalin/esp/pycom-esp-idf-private/examples/wifi/scan/build/bootloader/bootloader_support/libbootloader_support.a(bootloader_esp32.o)
                                         0x10 (size before relaxing)
 .literal.bootloader_init
                0x000000004008045c       0xd0 /Users/catalin/esp/pycom-esp-idf-private/examples/wifi/scan/build/bootloader/bootloader_support/libbootloader_support.a(bootloader_esp32.o)
                                        0x138 (size before relaxing)
 .literal.bootloader_flash_update_id
                0x000000004008052c        0x0 /Users/catalin/esp/pycom-esp-idf-private/examples/wifi/scan/build/bootloader/bootloader_support/libbootloader_support.a(bootloader_flash_config_esp32.o)
                                          0x8 (size before relaxing)
 .literal.bootloader_clear_bss_section
                0x000000004008052c        0x0 /Users/catalin/esp/pycom-esp-idf-private/examples/wifi/scan/build/bootloader/bootloader_support/libbootloader_support.a(bootloader_init.o)
                                          0xc (size before relaxing)
 .literal.bootloader_read_bootloader_header
                0x000000004008052c        0x0 /Users/catalin/esp/pycom-esp-idf-private/examples/wifi/scan/build/bootloader/bootloader_support/libbootloader_support.a(bootloader_init.o)
                                          0xc (size before relaxing)
 .literal.bootloader_check_bootloader_validity
                0x000000004008052c        0x0 /Users/catalin/esp/pycom-esp-idf-private/examples/wifi/scan/build/bootloader/bootloader_support/libbootloader_support.a(bootloader_init.o)
                                          0xc (size before relaxing)
 .literal.bootloader_config_wdt
                0x000000004008052c       0x10 /Users/catalin/esp/pycom-esp-idf-private/examples/wifi/scan/build/bootloader/bootloader_support/libbootloader_support.a(bootloader_init.o)
                                         0x30 (size before relaxing)
 .literal.bootloader_enable_random
                0x000000004008053c        0x0 /Users/catalin/esp/pycom-esp-idf-private/examples/wifi/scan/build/bootloader/bootloader_support/libbootloader_support.a(bootloader_init.o)
                                          0x4 (size before relaxing)
 .literal.execute_flash_command
                0x000000004008053c       0x38 /Users/catalin/esp/pycom-esp-idf-private/examples/wifi/scan/build/bootloader/bootloader_support/libbootloader_support.a(flash_qio_mode.o)
                                         0x3c (size before relaxing)
 .literal.write_status_8b_wrsr2
                0x0000000040080574        0x0 /Users/catalin/esp/pycom-esp-idf-private/examples/wifi/scan/build/bootloader/bootloader_support/libbootloader_support.a(flash_qio_mode.o)
                                          0x4 (size before relaxing)
 .literal.read_status_8b_rdsr2
                0x0000000040080574        0x0 /Users/catalin/esp/pycom-esp-idf-private/examples/wifi/scan/build/bootloader/bootloader_support/libbootloader_support.a(flash_qio_mode.o)
                                          0x4 (size before relaxing)
 .literal.write_status_16b_wrsr
                0x0000000040080574        0x0 /Users/catalin/esp/pycom-esp-idf-private/examples/wifi/scan/build/bootloader/bootloader_support/libbootloader_support.a(flash_qio_mode.o)
                                          0x4 (size before relaxing)
 .literal.read_status_16b_rdsr_rdsr2
                0x0000000040080574        0x0 /Users/catalin/esp/pycom-esp-idf-private/examples/wifi/scan/build/bootloader/bootloader_support/libbootloader_support.a(flash_qio_mode.o)
                                          0x8 (size before relaxing)
 .literal.write_status_8b_wrsr
                0x0000000040080574        0x0 /Users/catalin/esp/pycom-esp-idf-private/examples/wifi/scan/build/bootloader/bootloader_support/libbootloader_support.a(flash_qio_mode.o)
                                          0x4 (size before relaxing)
 .literal.read_status_8b_rdsr
                0x0000000040080574        0x0 /Users/catalin/esp/pycom-esp-idf-private/examples/wifi/scan/build/bootloader/bootloader_support/libbootloader_support.a(flash_qio_mode.o)
                                          0x4 (size before relaxing)
 .literal.write_status_8b_xmc25qu64a
                0x0000000040080574        0x0 /Users/catalin/esp/pycom-esp-idf-private/examples/wifi/scan/build/bootloader/bootloader_support/libbootloader_support.a(flash_qio_mode.o)
                                         0x18 (size before relaxing)
 .literal.read_status_8b_xmc25qu64a
                0x0000000040080574        0x0 /Users/catalin/esp/pycom-esp-idf-private/examples/wifi/scan/build/bootloader/bootloader_support/libbootloader_support.a(flash_qio_mode.o)
                                         0x14 (size before relaxing)
 .literal.bootloader_read_flash_id
                0x0000000040080574        0x8 /Users/catalin/esp/pycom-esp-idf-private/examples/wifi/scan/build/bootloader/bootloader_support/libbootloader_support.a(flash_qio_mode.o)
                                          0xc (size before relaxing)
 .literal.bootloader_enable_qio_mode
                0x000000004008057c       0x10 /Users/catalin/esp/pycom-esp-idf-private/examples/wifi/scan/build/bootloader/bootloader_support/libbootloader_support.a(flash_qio_mode.o)
                                         0x28 (size before relaxing)
 .literal.rtc_clk_xtal_freq_estimate
                0x000000004008058c       0x10 /Users/catalin/esp/pycom-esp-idf-private/examples/wifi/scan/build/bootloader/soc/libsoc.a(rtc_clk_init.o)
                                         0x24 (size before relaxing)
 .literal.rtc_clk_init
                0x000000004008059c       0x3c /Users/catalin/esp/pycom-esp-idf-private/examples/wifi/scan/build/bootloader/soc/libsoc.a(rtc_clk_init.o)
                                         0x84 (size before relaxing)
 .literal.rtc_vddsdio_get_config
                0x00000000400805d8        0xc /Users/catalin/esp/pycom-esp-idf-private/examples/wifi/scan/build/bootloader/soc/libsoc.a(rtc_init.o)
                                         0x10 (size before relaxing)
 .literal.rtc_vddsdio_set_config
                0x00000000400805e4        0x0 /Users/catalin/esp/pycom-esp-idf-private/examples/wifi/scan/build/bootloader/soc/libsoc.a(rtc_init.o)
                                          0x8 (size before relaxing)
 .literal.rtc_clk_cal_internal
                0x00000000400805e4       0x38 /Users/catalin/esp/pycom-esp-idf-private/examples/wifi/scan/build/bootloader/soc/libsoc.a(rtc_time.o)
                                         0x58 (size before relaxing)
 .literal.rtc_clk_cal_ratio
                0x000000004008061c        0x0 /Users/catalin/esp/pycom-esp-idf-private/examples/wifi/scan/build/bootloader/soc/libsoc.a(rtc_time.o)
                                          0x8 (size before relaxing)
 .literal.rtc_clk_wait_for_slow_cycle
                0x000000004008061c        0x8 /Users/catalin/esp/pycom-esp-idf-private/examples/wifi/scan/build/bootloader/soc/libsoc.a(rtc_time.o)
                                         0x1c (size before relaxing)
 .text.call_start_cpu0
                0x0000000040080624       0x44 /Users/catalin/esp/pycom-esp-idf-private/examples/wifi/scan/build/bootloader/main/libmain.a(bootloader_start.o)
                                         0x50 (size before relaxing)
                0x0000000040080624                call_start_cpu0
 .text.pycom_bootloader_common_ota_select_valid
                0x0000000040080668       0x1d /Users/catalin/esp/pycom-esp-idf-private/examples/wifi/scan/build/bootloader/main/libmain.a(pycom_bootloader.o)
                                         0x21 (size before relaxing)
                0x0000000040080668                pycom_bootloader_common_ota_select_valid
 *fill*         0x0000000040080685        0x3 
 .text.pycom_bootloader_utility_get_selected_boot_partition
                0x0000000040080688       0xd2 /Users/catalin/esp/pycom-esp-idf-private/examples/wifi/scan/build/bootloader/main/libmain.a(pycom_bootloader.o)
                                         0xea (size before relaxing)
                0x0000000040080688                pycom_bootloader_utility_get_selected_boot_partition
 *fill*         0x000000004008075a        0x2 
 .text.wait_while_blinking
                0x000000004008075c       0x57 /Users/catalin/esp/pycom-esp-idf-private/examples/wifi/scan/build/bootloader/main/libmain.a(pycom_bootmgr.o)
                                         0x5e (size before relaxing)
 *fill*         0x00000000400807b3        0x1 
 .text.wait_for_safe_boot
                0x00000000400807b4       0x84 /Users/catalin/esp/pycom-esp-idf-private/examples/wifi/scan/build/bootloader/main/libmain.a(pycom_bootmgr.o)
                                         0x98 (size before relaxing)
                0x00000000400807b4                wait_for_safe_boot
 .text.gpio_pullup_en
                0x0000000040080838       0x2e /Users/catalin/esp/pycom-esp-idf-private/examples/wifi/scan/build/bootloader/main/libmain.a(pycom_gpio.o)
                0x0000000040080838                gpio_pullup_en
 *fill*         0x0000000040080866        0x2 
 .text.gpio_pullup_dis
                0x0000000040080868       0x2e /Users/catalin/esp/pycom-esp-idf-private/examples/wifi/scan/build/bootloader/main/libmain.a(pycom_gpio.o)
                0x0000000040080868                gpio_pullup_dis
 *fill*         0x0000000040080896        0x2 
 .text.gpio_pulldown_en
                0x0000000040080898       0x2e /Users/catalin/esp/pycom-esp-idf-private/examples/wifi/scan/build/bootloader/main/libmain.a(pycom_gpio.o)
                0x0000000040080898                gpio_pulldown_en
 *fill*         0x00000000400808c6        0x2 
 .text.gpio_pulldown_dis
                0x00000000400808c8       0x2e /Users/catalin/esp/pycom-esp-idf-private/examples/wifi/scan/build/bootloader/main/libmain.a(pycom_gpio.o)
                0x00000000400808c8                gpio_pulldown_dis
 *fill*         0x00000000400808f6        0x2 
 .text.gpio_set_intr_type
                0x00000000400808f8       0x56 /Users/catalin/esp/pycom-esp-idf-private/examples/wifi/scan/build/bootloader/main/libmain.a(pycom_gpio.o)
                0x00000000400808f8                gpio_set_intr_type
 *fill*         0x000000004008094e        0x2 
 .text.gpio_intr_enable
                0x0000000040080950       0x5c /Users/catalin/esp/pycom-esp-idf-private/examples/wifi/scan/build/bootloader/main/libmain.a(pycom_gpio.o)
                0x0000000040080950                gpio_intr_enable
 .text.gpio_intr_disable
                0x00000000400809ac       0x38 /Users/catalin/esp/pycom-esp-idf-private/examples/wifi/scan/build/bootloader/main/libmain.a(pycom_gpio.o)
                0x00000000400809ac                gpio_intr_disable
 .text.gpio_get_level
                0x00000000400809e4       0x2e /Users/catalin/esp/pycom-esp-idf-private/examples/wifi/scan/build/bootloader/main/libmain.a(pycom_gpio.o)
                0x00000000400809e4                gpio_get_level
 *fill*         0x0000000040080a12        0x2 
 .text.gpio_config
                0x0000000040080a14      0x18b /Users/catalin/esp/pycom-esp-idf-private/examples/wifi/scan/build/bootloader/main/libmain.a(pycom_gpio.o)
                                        0x19f (size before relaxing)
                0x0000000040080a14                gpio_config
 *fill*         0x0000000040080b9f        0x1 
 .text.mperror_fatal_error
                0x0000000040080ba0        0xc /Users/catalin/esp/pycom-esp-idf-private/examples/wifi/scan/build/bootloader/main/libmain.a(pycom_mperror.o)
                                          0xf (size before relaxing)
                0x0000000040080ba0                mperror_fatal_error
 *fill*         0x0000000040080bac        0x0 
 .text.mperror_heartbeat_switch_off
                0x0000000040080bac       0x16 /Users/catalin/esp/pycom-esp-idf-private/examples/wifi/scan/build/bootloader/main/libmain.a(pycom_mperror.o)
                                         0x1a (size before relaxing)
                0x0000000040080bac                mperror_heartbeat_switch_off
 *fill*         0x0000000040080bc2        0x2 
 .text.mperror_init0
                0x0000000040080bc4       0x2d /Users/catalin/esp/pycom-esp-idf-private/examples/wifi/scan/build/bootloader/main/libmain.a(pycom_mperror.o)
                                         0x31 (size before relaxing)
                0x0000000040080bc4                mperror_init0
 *fill*         0x0000000040080bf1        0x3 
 .text.pycom_read_otadata
                0x0000000040080bf4       0x39 /Users/catalin/esp/pycom-esp-idf-private/examples/wifi/scan/build/bootloader/bootloader_support/libbootloader_support.a(pycom_bootloader_support.o)
                                         0x3d (size before relaxing)
                0x0000000040080bf4                pycom_read_otadata
 *fill*         0x0000000040080c2d        0x3 
 .text.pycom_bootloader_common_ota_select_crc
                0x0000000040080c30       0x14 /Users/catalin/esp/pycom-esp-idf-private/examples/wifi/scan/build/bootloader/bootloader_support/libbootloader_support.a(pycom_bootloader_support.o)
                0x0000000040080c30                pycom_bootloader_common_ota_select_crc
 .text.unlikely.abort
                0x0000000040080c44       0x2c /Users/catalin/esp/pycom-esp-idf-private/examples/wifi/scan/build/bootloader/bootloader_support/libbootloader_support.a(bootloader_esp32.o)
                                         0x2f (size before relaxing)
                0x0000000040080c44                abort
 *fill*         0x0000000040080c70        0x0 
 .text.bootloader_init
                0x0000000040080c70      0x2d8 /Users/catalin/esp/pycom-esp-idf-private/examples/wifi/scan/build/bootloader/bootloader_support/libbootloader_support.a(bootloader_esp32.o)
                                        0x308 (size before relaxing)
                0x0000000040080c70                bootloader_init
 .text.bootloader_flash_update_id
                0x0000000040080f48        0xd /Users/catalin/esp/pycom-esp-idf-private/examples/wifi/scan/build/bootloader/bootloader_support/libbootloader_support.a(bootloader_flash_config_esp32.o)
                                         0x10 (size before relaxing)
                0x0000000040080f48                bootloader_flash_update_id
 *fill*         0x0000000040080f55        0x3 
 .text.bootloader_clear_bss_section
                0x0000000040080f58       0x16 /Users/catalin/esp/pycom-esp-idf-private/examples/wifi/scan/build/bootloader/bootloader_support/libbootloader_support.a(bootloader_init.o)
                0x0000000040080f58                bootloader_clear_bss_section
 *fill*         0x0000000040080f6e        0x2 
 .text.bootloader_read_bootloader_header
                0x0000000040080f70       0x1c /Users/catalin/esp/pycom-esp-idf-private/examples/wifi/scan/build/bootloader/bootloader_support/libbootloader_support.a(bootloader_init.o)
                                         0x20 (size before relaxing)
                0x0000000040080f70                bootloader_read_bootloader_header
 .text.bootloader_check_bootloader_validity
                0x0000000040080f8c       0x1c /Users/catalin/esp/pycom-esp-idf-private/examples/wifi/scan/build/bootloader/bootloader_support/libbootloader_support.a(bootloader_init.o)
                                         0x20 (size before relaxing)
                0x0000000040080f8c                bootloader_check_bootloader_validity
 .text.bootloader_config_wdt
                0x0000000040080fa8       0x4c /Users/catalin/esp/pycom-esp-idf-private/examples/wifi/scan/build/bootloader/bootloader_support/libbootloader_support.a(bootloader_init.o)
                                         0x68 (size before relaxing)
                0x0000000040080fa8                bootloader_config_wdt
 .text.bootloader_enable_random
                0x0000000040080ff4        0x8 /Users/catalin/esp/pycom-esp-idf-private/examples/wifi/scan/build/bootloader/bootloader_support/libbootloader_support.a(bootloader_init.o)
                                          0xb (size before relaxing)
                0x0000000040080ff4                bootloader_enable_random
 *fill*         0x0000000040080ffc        0x0 
 .text.execute_flash_command
                0x0000000040080ffc      0x167 /Users/catalin/esp/pycom-esp-idf-private/examples/wifi/scan/build/bootloader/bootloader_support/libbootloader_support.a(flash_qio_mode.o)
 *fill*         0x0000000040081163        0x1 
 .text.write_status_8b_wrsr2
                0x0000000040081164       0x13 /Users/catalin/esp/pycom-esp-idf-private/examples/wifi/scan/build/bootloader/bootloader_support/libbootloader_support.a(flash_qio_mode.o)
 *fill*         0x0000000040081177        0x1 
 .text.read_status_8b_rdsr2
                0x0000000040081178       0x15 /Users/catalin/esp/pycom-esp-idf-private/examples/wifi/scan/build/bootloader/bootloader_support/libbootloader_support.a(flash_qio_mode.o)
 *fill*         0x000000004008118d        0x3 
 .text.write_status_16b_wrsr
                0x0000000040081190       0x13 /Users/catalin/esp/pycom-esp-idf-private/examples/wifi/scan/build/bootloader/bootloader_support/libbootloader_support.a(flash_qio_mode.o)
 *fill*         0x00000000400811a3        0x1 
 .text.read_status_16b_rdsr_rdsr2
                0x00000000400811a4       0x25 /Users/catalin/esp/pycom-esp-idf-private/examples/wifi/scan/build/bootloader/bootloader_support/libbootloader_support.a(flash_qio_mode.o)
                                         0x29 (size before relaxing)
 *fill*         0x00000000400811c9        0x3 
 .text.write_status_8b_wrsr
                0x00000000400811cc       0x13 /Users/catalin/esp/pycom-esp-idf-private/examples/wifi/scan/build/bootloader/bootloader_support/libbootloader_support.a(flash_qio_mode.o)
 *fill*         0x00000000400811df        0x1 
 .text.read_status_8b_rdsr
                0x00000000400811e0       0x15 /Users/catalin/esp/pycom-esp-idf-private/examples/wifi/scan/build/bootloader/bootloader_support/libbootloader_support.a(flash_qio_mode.o)
 *fill*         0x00000000400811f5        0x3 
 .text.write_status_8b_xmc25qu64a
                0x00000000400811f8       0x36 /Users/catalin/esp/pycom-esp-idf-private/examples/wifi/scan/build/bootloader/bootloader_support/libbootloader_support.a(flash_qio_mode.o)
                                         0x42 (size before relaxing)
 *fill*         0x000000004008122e        0x2 
 .text.read_status_8b_xmc25qu64a
                0x0000000040081230       0x2e /Users/catalin/esp/pycom-esp-idf-private/examples/wifi/scan/build/bootloader/bootloader_support/libbootloader_support.a(flash_qio_mode.o)
                                         0x3a (size before relaxing)
 *fill*         0x000000004008125e        0x2 
 .text.bootloader_read_flash_id
                0x0000000040081260       0x2a /Users/catalin/esp/pycom-esp-idf-private/examples/wifi/scan/build/bootloader/bootloader_support/libbootloader_support.a(flash_qio_mode.o)
                                         0x2e (size before relaxing)
                0x0000000040081260                bootloader_read_flash_id
 *fill*         0x000000004008128a        0x2 
 .text.bootloader_enable_qio_mode
                0x000000004008128c       0xfe /Users/catalin/esp/pycom-esp-idf-private/examples/wifi/scan/build/bootloader/bootloader_support/libbootloader_support.a(flash_qio_mode.o)
                                        0x10a (size before relaxing)
                0x000000004008128c                bootloader_enable_qio_mode
 *fill*         0x000000004008138a        0x2 
 .text.rtc_clk_xtal_freq_estimate
                0x000000004008138c       0x60 /Users/catalin/esp/pycom-esp-idf-private/examples/wifi/scan/build/bootloader/soc/libsoc.a(rtc_clk_init.o)
                                         0x6c (size before relaxing)
 .text.rtc_clk_init
                0x00000000400813ec      0x192 /Users/catalin/esp/pycom-esp-idf-private/examples/wifi/scan/build/bootloader/soc/libsoc.a(rtc_clk_init.o)
                                        0x1b2 (size before relaxing)
                0x00000000400813ec                rtc_clk_init
 *fill*         0x000000004008157e        0x2 
 .text.rtc_vddsdio_get_config
                0x0000000040081580       0xa0 /Users/catalin/esp/pycom-esp-idf-private/examples/wifi/scan/build/bootloader/soc/libsoc.a(rtc_init.o)
                0x0000000040081580                rtc_vddsdio_get_config
 .text.rtc_vddsdio_set_config
                0x0000000040081620       0x46 /Users/catalin/esp/pycom-esp-idf-private/examples/wifi/scan/build/bootloader/soc/libsoc.a(rtc_init.o)
                0x0000000040081620                rtc_vddsdio_set_config
 *fill*         0x0000000040081666        0x2 
 .text.rtc_clk_cal_internal
                0x0000000040081668      0x180 /Users/catalin/esp/pycom-esp-idf-private/examples/wifi/scan/build/bootloader/soc/libsoc.a(rtc_time.o)
                                        0x184 (size before relaxing)
 .text.rtc_clk_cal_ratio
                0x00000000400817e8       0x20 /Users/catalin/esp/pycom-esp-idf-private/examples/wifi/scan/build/bootloader/soc/libsoc.a(rtc_time.o)
                                         0x24 (size before relaxing)
                0x00000000400817e8                rtc_clk_cal_ratio
 .text.rtc_clk_wait_for_slow_cycle
                0x0000000040081808       0x68 /Users/catalin/esp/pycom-esp-idf-private/examples/wifi/scan/build/bootloader/soc/libsoc.a(rtc_time.o)
                0x0000000040081808                rtc_clk_wait_for_slow_cycle
 *fill*         0x0000000040081870        0x0 
 *fill*         0x0000000040081870        0x0 
 *fill*         0x0000000040081870        0x0 
 *fill*         0x0000000040081870        0x0 
 *fill*         0x0000000040081870        0x0 
 *fill*         0x0000000040081870        0x0 
 *fill*         0x0000000040081870        0x0 
 *fill*         0x0000000040081870        0x0 
 *fill*         0x0000000040081870        0x0 
 *fill*         0x0000000040081870        0x0 
 *fill*         0x0000000040081870        0x0 
 *fill*         0x0000000040081870        0x0 
 *fill*         0x0000000040081870        0x0 
 *fill*         0x0000000040081870        0x0 
 *fill*         0x0000000040081870        0x0 
 *fill*         0x0000000040081870        0x0 
 *fill*         0x0000000040081870        0x0 
 .text.bootloader_print_banner
                0x0000000040081870        0x5 /Users/catalin/esp/pycom-esp-idf-private/examples/wifi/scan/build/bootloader/bootloader_support/libbootloader_support.a(bootloader_init.o)
                0x0000000040081870                bootloader_print_banner
 *fill*         0x0000000040081875        0x3 
 .text.__assert_func
                0x0000000040081878        0x6 /Users/catalin/esp/pycom-esp-idf-private/examples/wifi/scan/build/bootloader/bootloader_support/libbootloader_support.a(bootloader_init.o)
                0x0000000040081878                __assert_func
 *fill*         0x000000004008187e        0x0 
 *fill*         0x000000004008187e        0x0 
 *fill*         0x000000004008187e        0x0 
 *fill*         0x000000004008187e        0x0 
 *fill*         0x000000004008187e        0x0 
 *fill*         0x000000004008187e        0x0 
 *fill*         0x000000004008187e        0x0 
 *fill*         0x000000004008187e        0x0 
 *fill*         0x000000004008187e        0x0 
 *fill*         0x000000004008187e        0x0 
 *fill*         0x000000004008187e        0x0 
 *fill*         0x000000004008187e        0x0 
 *fill*         0x000000004008187e        0x0 
 *fill*         0x000000004008187e        0x0 
 *(.iram .iram.*)
 *(.fini.literal)
 *(.fini)
 *(.gnu.version)
                0x000000004008187e                _text_end = ABSOLUTE (.)
                0x000000004008187e                _etext = .

.dram0.bss      0x000000003fff0000       0x40
                0x000000003fff0000                . = ALIGN (0x8)
                0x000000003fff0000                _dram_start = ABSOLUTE (.)
                0x000000003fff0000                _bss_start = ABSOLUTE (.)
 *(.dynsbss)
 *(.sbss)
 *(.sbss.*)
 *(.gnu.linkonce.sb.*)
 *(.scommon)
 *(.sbss2)
 *(.sbss2.*)
 *(.gnu.linkonce.sb2.*)
 *(.dynbss)
 *(.bss)
 *(.bss.*)
 .bss.mperror_heart_beat
                0x000000003fff0000        0xc /Users/catalin/esp/pycom-esp-idf-private/examples/wifi/scan/build/bootloader/main/libmain.a(pycom_mperror.o)
                0x000000003fff0000                mperror_heart_beat
 .bss.ota_has_initial_contents
                0x000000003fff000c        0x1 /Users/catalin/esp/pycom-esp-idf-private/examples/wifi/scan/build/bootloader/bootloader_support/libbootloader_support.a(bootloader_utility.o)
 *fill*         0x000000003fff000d        0x3 
 .bss.ram_obfs_value
                0x000000003fff0010        0x8 /Users/catalin/esp/pycom-esp-idf-private/examples/wifi/scan/build/bootloader/bootloader_support/libbootloader_support.a(esp_image_format.o)
 .bss.words_hashed
                0x000000003fff0018        0x4 /Users/catalin/esp/pycom-esp-idf-private/examples/wifi/scan/build/bootloader/bootloader_support/libbootloader_support.a(bootloader_sha.o)
 .bss.mapped    0x000000003fff001c        0x1 /Users/catalin/esp/pycom-esp-idf-private/examples/wifi/scan/build/bootloader/bootloader_support/libbootloader_support.a(bootloader_flash.o)
 *fill*         0x000000003fff001d        0x3 
 .bss.s_cur_pll_freq
                0x000000003fff0020        0x4 /Users/catalin/esp/pycom-esp-idf-private/examples/wifi/scan/build/bootloader/soc/libsoc.a(rtc_clk.o)
 *(.gnu.linkonce.b.*)
 *(COMMON)
 COMMON         0x000000003fff0024       0x18 /Users/catalin/esp/pycom-esp-idf-private/examples/wifi/scan/build/bootloader/bootloader_support/libbootloader_support.a(bootloader_init.o)
                0x000000003fff0024                bootloader_image_hdr
                0x000000003fff0040                . = ALIGN (0x8)
 *fill*         0x000000003fff003c        0x4 
                0x000000003fff0040                _bss_end = ABSOLUTE (.)

.dram0.data     0x000000003fff0040        0x8
                0x000000003fff0040                _data_start = ABSOLUTE (.)
 *(.data)
 *(.data.*)
 .data.toggle$5291
                0x000000003fff0040        0x1 /Users/catalin/esp/pycom-esp-idf-private/examples/wifi/scan/build/bootloader/main/libmain.a(pycom_bootmgr.o)
 *fill*         0x000000003fff0041        0x3 
 .data.current_read_mapping
                0x000000003fff0044        0x4 /Users/catalin/esp/pycom-esp-idf-private/examples/wifi/scan/build/bootloader/bootloader_support/libbootloader_support.a(bootloader_flash.o)
 *(.gnu.linkonce.d.*)
 *(.data1)
 *(.sdata)
 *(.sdata.*)
 *(.gnu.linkonce.s.*)
 *(.sdata2)
 *(.sdata2.*)
 *(.gnu.linkonce.s2.*)
 *(.jcr)
                0x000000003fff0048                _data_end = ABSOLUTE (.)

.dram0.rodata   0x000000003fff0048      0x6e8
                0x000000003fff0048                _rodata_start = ABSOLUTE (.)
 *(.rodata)
 .rodata        0x000000003fff0048       0x18 /Users/catalin/esp/pycom-esp-idf-private/examples/wifi/scan/build/bootloader/main/libmain.a(pycom_bootmgr.o)
 .rodata        0x000000003fff0060       0x18 /Users/catalin/esp/pycom-esp-idf-private/examples/wifi/scan/build/bootloader/main/libmain.a(pycom_mperror.o)
 .rodata        0x000000003fff0078       0x14 /Users/catalin/esp/pycom-esp-idf-private/examples/wifi/scan/build/bootloader/bootloader_support/libbootloader_support.a(bootloader_esp32.o)
 .rodata        0x000000003fff008c        0x8 /Users/catalin/esp/pycom-esp-idf-private/examples/wifi/scan/build/bootloader/bootloader_support/libbootloader_support.a(bootloader_clock.o)
 *(.rodata.*)
 .rodata.pycom_bootloader_utility_get_selected_boot_partition.str1.1
                0x000000003fff0094       0x5c /Users/catalin/esp/pycom-esp-idf-private/examples/wifi/scan/build/bootloader/main/libmain.a(pycom_bootloader.o)
 .rodata.GPIO_PIN_MUX_REG
                0x000000003fff00f0       0xa0 /Users/catalin/esp/pycom-esp-idf-private/examples/wifi/scan/build/bootloader/main/libmain.a(pycom_gpio.o)
                0x000000003fff00f0                GPIO_PIN_MUX_REG
 .rodata.bootloader_debug_buffer.str1.1
                0x000000003fff0190       0x6e /Users/catalin/esp/pycom-esp-idf-private/examples/wifi/scan/build/bootloader/bootloader_support/libbootloader_support.a(bootloader_utility.o)
 .rodata.__func__$7281
                0x000000003fff01fe       0x18 /Users/catalin/esp/pycom-esp-idf-private/examples/wifi/scan/build/bootloader/bootloader_support/libbootloader_support.a(bootloader_utility.o)
 .rodata.bootloader_util_regions_overlap.str1.1
                0x000000003fff0216       0x79 /Users/catalin/esp/pycom-esp-idf-private/examples/wifi/scan/build/bootloader/bootloader_support/libbootloader_support.a(esp_image_format.o)
 .rodata.verify_load_addresses.str1.1
                0x000000003fff028f       0x73 /Users/catalin/esp/pycom-esp-idf-private/examples/wifi/scan/build/bootloader/bootloader_support/libbootloader_support.a(esp_image_format.o)
 .rodata.image_load.str1.1
                0x000000003fff0302       0x1e /Users/catalin/esp/pycom-esp-idf-private/examples/wifi/scan/build/bootloader/bootloader_support/libbootloader_support.a(esp_image_format.o)
 .rodata.__func__$4343
                0x000000003fff0320       0x20 /Users/catalin/esp/pycom-esp-idf-private/examples/wifi/scan/build/bootloader/bootloader_support/libbootloader_support.a(esp_image_format.o)
 .rodata.__func__$4659
                0x000000003fff0340       0x16 /Users/catalin/esp/pycom-esp-idf-private/examples/wifi/scan/build/bootloader/bootloader_support/libbootloader_support.a(esp_image_format.o)
 .rodata.abort.str1.1
                0x000000003fff0356       0x22 /Users/catalin/esp/pycom-esp-idf-private/examples/wifi/scan/build/bootloader/bootloader_support/libbootloader_support.a(bootloader_esp32.o)
 .rodata.bootloader_init.str1.1
                0x000000003fff0378       0xbb /Users/catalin/esp/pycom-esp-idf-private/examples/wifi/scan/build/bootloader/bootloader_support/libbootloader_support.a(bootloader_esp32.o)
 .rodata.CSWTCH$26
                0x000000003fff0433        0x5 /Users/catalin/esp/pycom-esp-idf-private/examples/wifi/scan/build/bootloader/bootloader_support/libbootloader_support.a(bootloader_esp32.o)
 .rodata.__func__$7198
                0x000000003fff0438       0x10 /Users/catalin/esp/pycom-esp-idf-private/examples/wifi/scan/build/bootloader/bootloader_support/libbootloader_support.a(bootloader_esp32.o)
 .rodata.bootloader_sha256_data.str1.1
                0x000000003fff0448       0x83 /Users/catalin/esp/pycom-esp-idf-private/examples/wifi/scan/build/bootloader/bootloader_support/libbootloader_support.a(bootloader_sha.o)
 .rodata.bootloader_sha256_finish.str1.1
                0x000000003fff04cb       0x45 /Users/catalin/esp/pycom-esp-idf-private/examples/wifi/scan/build/bootloader/bootloader_support/libbootloader_support.a(bootloader_sha.o)
 .rodata.padding$4028
                0x000000003fff0510       0x40 /Users/catalin/esp/pycom-esp-idf-private/examples/wifi/scan/build/bootloader/bootloader_support/libbootloader_support.a(bootloader_sha.o)
 .rodata.__func__$4024
                0x000000003fff0550       0x19 /Users/catalin/esp/pycom-esp-idf-private/examples/wifi/scan/build/bootloader/bootloader_support/libbootloader_support.a(bootloader_sha.o)
 .rodata.__func__$4004
                0x000000003fff0569       0x17 /Users/catalin/esp/pycom-esp-idf-private/examples/wifi/scan/build/bootloader/bootloader_support/libbootloader_support.a(bootloader_sha.o)
 .rodata.CSWTCH$0
                0x000000003fff0580        0x7 /Users/catalin/esp/pycom-esp-idf-private/examples/wifi/scan/build/bootloader/bootloader_support/libbootloader_support.a(bootloader_efuse_esp32.o)
 *fill*         0x000000003fff0587        0x1 
 .rodata.CSWTCH$26
                0x000000003fff0588        0x6 /Users/catalin/esp/pycom-esp-idf-private/examples/wifi/scan/build/bootloader/bootloader_support/libbootloader_support.a(bootloader_flash.o)
 .rodata.bootloader_fill_random.str1.1
                0x000000003fff058e       0x6e /Users/catalin/esp/pycom-esp-idf-private/examples/wifi/scan/build/bootloader/bootloader_support/libbootloader_support.a(bootloader_random.o)
 .rodata.__func__$5186
                0x000000003fff05fc       0x17 /Users/catalin/esp/pycom-esp-idf-private/examples/wifi/scan/build/bootloader/bootloader_support/libbootloader_support.a(bootloader_random.o)
 .rodata.str1.1
                0x000000003fff0613       0x1f /Users/catalin/esp/pycom-esp-idf-private/examples/wifi/scan/build/bootloader/bootloader_support/libbootloader_support.a(flash_qio_mode.o)
 .rodata.chip_data
                0x000000003fff0632       0x6c /Users/catalin/esp/pycom-esp-idf-private/examples/wifi/scan/build/bootloader/bootloader_support/libbootloader_support.a(flash_qio_mode.o)
 *fill*         0x000000003fff069e        0x2 
 .rodata.CSWTCH$29
                0x000000003fff06a0       0x18 /Users/catalin/esp/pycom-esp-idf-private/examples/wifi/scan/build/bootloader/spi_flash/libspi_flash.a(spi_flash_rom_patch.o)
 .rodata.rtc_clk_cal_internal.str1.1
                0x000000003fff06b8       0x60 /Users/catalin/esp/pycom-esp-idf-private/examples/wifi/scan/build/bootloader/soc/libsoc.a(rtc_time.o)
 .rodata.__func__$3908
                0x000000003fff0718       0x15 /Users/catalin/esp/pycom-esp-idf-private/examples/wifi/scan/build/bootloader/soc/libsoc.a(rtc_time.o)
 *(.gnu.linkonce.r.*)
 *(.rodata1)
                0x000000003fff072d                __XT_EXCEPTION_TABLE_ = ABSOLUTE (.)
 *(.xt_except_table)
 *(.gcc_except_table)
 *(.gnu.linkonce.e.*)
 *(.gnu.version_r)
 *(.eh_frame)
                0x000000003fff0730                . = ((. + 0x3) & 0xfffffffffffffffc)
 *fill*         0x000000003fff072d        0x3 
                0x000000003fff0730                __init_array_start = ABSOLUTE (.)
 *crtbegin.*(.ctors)
 *(EXCLUDE_FILE(*crtend.*) .ctors)
 *(SORT_BY_NAME(.ctors.*))
 *(.ctors)
                0x000000003fff0730                __init_array_end = ABSOLUTE (.)
 *crtbegin.*(.dtors)
 *(EXCLUDE_FILE(*crtend.*) .dtors)
 *(SORT_BY_NAME(.dtors.*))
 *(.dtors)
                0x000000003fff0730                __XT_EXCEPTION_DESCS_ = ABSOLUTE (.)
 *(.xt_except_desc)
 *(.gnu.linkonce.h.*)
                0x000000003fff0730                __XT_EXCEPTION_DESCS_END__ = ABSOLUTE (.)
 *(.xt_except_desc_end)
 *(.dynamic)
 *(.gnu.version_d)
                0x000000003fff0730                _rodata_end = ABSOLUTE (.)
                0x000000003fff0730                _lit4_start = ABSOLUTE (.)
 *(*.lit4)
 *(.lit4.*)
 *(.gnu.linkonce.lit4.*)
                0x000000003fff0730                _lit4_end = ABSOLUTE (.)
                0x000000003fff0730                . = ALIGN (0x4)
                0x000000003fff0730                _dram_end = ABSOLUTE (.)
                0x0000000040008550                PROVIDE (ets_update_cpu_frequency = 0x40008550)
                0x000000004005db1c                PROVIDE (MD5Final = 0x4005db1c)
                0x000000004005da7c                PROVIDE (MD5Init = 0x4005da7c)
                0x000000004005da9c                PROVIDE (MD5Update = 0x4005da9c)
                0x000000004000c050                xthal_get_ccount = 0x4000c050
                0x000000004000c078                xthal_get_ccompare = 0x4000c078
                0x000000004000c058                xthal_set_ccompare = 0x4000c058
                [!provide]                        PROVIDE (Add2SelfBigHex256 = 0x40015b7c)
                [!provide]                        PROVIDE (AddBigHex256 = 0x40015b28)
                [!provide]                        PROVIDE (AddBigHexModP256 = 0x40015c98)
                [!provide]                        PROVIDE (AddP256 = 0x40015c74)
                [!provide]                        PROVIDE (AddPdiv2_256 = 0x40015ce0)
                [!provide]                        PROVIDE (app_gpio_arg = 0x3ffe003c)
                [!provide]                        PROVIDE (app_gpio_handler = 0x3ffe0040)
                [!provide]                        PROVIDE (BasePoint_x_256 = 0x3ff97488)